12-08 16:10:13.959  1726  1747 D HeatmapThread: !@ batteryLevel : 58  batteryTemperature : 317 
12-08 16:10:13.959  1726  1747 D HeatmapThread: !@ Heatmap currtime: 29420110
12-08 16:10:13.959  1726  1747 D HeatmapThread: !@ Heatmap prevtime: 29420090
12-08 16:10:13.960  1726  1747 D HeatmapThread: !@ Heatmap plugstarttime: 29420089
12-08 16:10:13.960  1726  1747 D HeatmapThread: !@ Heatmap prevv_dsoh_update_time: 29418436
12-08 16:10:13.960  1726  1747 E HeatmapThread: !@ CAM New BSOH: 100
12-08 16:10:14.152  1621 13140 I sensors-hal: handle_sns_client_event:375, [0][5533] accel_sample [ 1.283,  4.293,  8.887] 1144520623581906
12-08 16:10:14.178  1166  1166 D io_stats: !@   8,0 r 467142116 9793273280 w 54669585 705405072 d 6520639 995266932 f 1595549 4092609 iot 51453880 0 th 0 0 0 pt 0 inp 0 0 602234.058
12-08 16:10:14.179  1166  1166 D io_stats: !@ Read_top(KB): vivaldi.browser(8804) 8864 ocessService0:0(9022) 1596 ileged_process0(8871) 924
12-08 16:10:14.179  1166  1166 D io_stats: !@ Write_top(KB): kworker/u16:0(30510) 784 martsuggestions(16898) 40 id.diagmonagent(7047) 32
12-08 16:10:14.217  2138  2138 I CNSS    : /sys/wifi/max_chipset_log_size doesn't exist
12-08 16:10:14.239 18574 18574 I System.out: ï¿½PAï¿½é‚—ï¿½\^R0^ï¿½ï¿½,*ï¿½POï¿½Â¡ï¿½ï¿½n9ï¿½ï¿½?ï¿½ï¿½gOmÀ€ï¿½yï¿½?xï¿½ï¿½ï¿½À€À€À€À€ï¿½ï¿½À€À€À€ Oï¿½À€À€À€À€ï¿½À€À€À€ Oï¿½À€À€À€À€ï¿½À€À€À€ Oï¿½À€À€À€À€ï¿½À€À€À€ Oï¿½À€À€À€À€ï¿½À€À€À€ Oï¿½À€À€À€À€ï¿½À€À€À€ Oï¿½À€À€À€À€ï¿½À€À€À€ Oï¿½À€À€À€À€ï¿½À€À€À€ Oï¿½À€À€À€À€À€À€À€À€À€À€À€À€À€À€À€À€À€À€À€À€À€À€À€À€À€À€À€À€À€À€À€À€À€À€À€À€À€À€À€À€À€À€À€À€À€À€À€À€À€À€À€À€À€À€À€À€À€À€À€À€À€À€À€À€À€À€À€À€À€À€À€À€À€À€À€À€À€À€À€À€À€À€À€À€À€À€À€À€À€À€À€À€À€À€À€À€À€À€À€À€À€À€À€À€À€À€À€À€À€À€À€À€À€À€À€À€À€À€À€À€À€À€À€À€À€À€À€À€À€À€À€À€À€À€À€À€À€À€À€À€À€À€À€À€À€À€À€À€À€À€À€À€À€À€À€À€À€À€À€À€À€À€À€À€À€À€À€À€À€À€À€À€À€À€À€À€À€À€À€À€À€À€À€À€À€À€À€À€À€À€À€À€À€À€À€À€À€À€À€À€À€À€À€À€À€À€À€À€À€À€À€À€À€À€À€À€À€À€À€À€À€À€À€À€À€À€À€À€À€À€À€À€À€À€À€À€À€À€À€À€À€À€À€À€À€À€À€À€À€À€À€À€À€À€À€À€À€À€À€À€À€À€À€À€À€À€À€À€À€À€À€À€À€À€À€À€À€À€À€À€ï¿½ï¿½$"ï¿½ï¿½À€À€À€À€IENDï¿½B`ï¿½ï¿½PNG
12-08 16:10:14.239 18574 18574 I System.out: 
12-08 16:10:14.250 18574 18574 I System.out: À€À€À€IHDRÀ€À€8À€À€À€TÀ€À€À€giï¿½ï¿½À€À€À€sRGBÀ€ï¿½ï¿½ï¿½À€À€À€sBIT|dï¿½À€À€ï¿½IDATxï¿½ï¿½ï¿½1
12-08 16:10:14.255  1737  1737 D SurfaceFlinger: GPIS:: requestGPISForClientComposition
12-08 16:10:14.262  1629  1662 I HYPER-HAL: [RequestManager.cpp]acquire(): Acquired ID : -20211475  [1641 / 111691]    HINT :      list : [TID_LOW_LATENCY / 0] [TID / 20409] [TID / 20410] [TID / 20369] [TID / 20411] 
12-08 16:10:14.263  1629  1662 I HYPER-HAL: [RequestManager.cpp]acquire(): Acquired ID : -20098141  [1641 / 111692]    HINT :      list : [UCLAMP_MIN_BOOST / 0] [TID / 20409] [TID / 20410] [TID / 20369] [TID / 20411] 
12-08 16:10:14.263  1737  2060 I CompositionEngine: [setDisplaySize] size=(434, 42)
12-08 16:10:14.264  1629  1662 I HYPER-HAL: [RequestManager.cpp]releaseLocked(): Released ID : -20211475
12-08 16:10:14.264  1629  1662 I HYPER-HAL: [RequestManager.cpp]releaseLocked(): Released ID : -20098141
12-08 16:10:14.472  1621 13106 I sensors-hal: handle_sns_std_sensor_event:409, [SSC_LIGHT] P: 28(28),c:17,b:81,m:13,cl:3,l:27,s:26,l0:4640,l1:64,s0:4000,s1:0,acl:1,opr:0.29,f(r):93,u(bl):79,if:0,wi:2,si:0,po:134(N:0)
12-08 16:10:14.574  1614  5726 I vendor.qti.bluetooth@1.1-ibs_handler: ProcessIbsCmd: Received IBS_WAKE_IND: 0xFD
12-08 16:10:14.574  1614  5726 D vendor.qti.bluetooth@1.1-ibs_handler: SerialClockVote: vote for UART CLK ON
12-08 16:10:14.574  1614  5726 D vendor.qti.bluetooth@1.1-wake_lock: Acquire wakelock is acquired 
12-08 16:10:14.574  1614  5726 I vendor.qti.bluetooth@1.1-ibs_handler: ProcessIbsCmd: Writing IBS_WAKE_ACK
12-08 16:10:14.583  4553  5440 I bluetooth: system/gd/hci/le_scanning_reassembler.cc:54 ProcessAdvertisingReport: Ignoring scan response received without advertising event
12-08 16:10:14.584  4553  5740 I ScanController: onScanResult to scannerId: 9- eventType=0x13, addressType=1, address=XX:XX:XX:XX:9D:C3, primaryPhy=1, secondaryPhy=0, advertisingSid=0xff, txPower=127, rssi=-92, periodicAdvInt=0x0
12-08 16:10:14.584  4553  5740 I ScanController: onScanResult to scannerId: 11- eventType=0x13, addressType=1, address=XX:XX:XX:XX:9D:C3, primaryPhy=1, secondaryPhy=0, advertisingSid=0xff, txPower=127, rssi=-92, periodicAdvInt=0x0
12-08 16:10:14.588  7791 10162 I [+0100]oneconnect[1.8.37.23_01][CORE]: TagKeyManager.findCloudId - key: ($)e4bc48a4
12-08 16:10:14.588  7791 10162 I [+0100]oneconnect[1.8.37.23_01][CORE]: TagKeyManager.findCloudId - key: ($)e4bc48a4
12-08 16:10:14.588  7791 10162 I [+0100]oneconnect[1.8.37.23_01][CORE]: SmartTag@BleParserForTag.parsePacket - [name][bleMac]($)6C:C0[tagState]5[advertisementType]0[privacyId]6eec28a8ded7520a[uWBFlag]1[batteryLevel]3[motionDetection]0[lastReceivedTime]1765206614588[rssi]-92[activityTrackingMode]false
12-08 16:10:14.592  7791 10712 I [+0100]oneconnect[1.8.37.23_01][CORE]: SmartTag@DeviceStatusTriggerTaskImpl.isAvailableGattConnection - deviceId: ($)e4bc48a4 | isAvailableGattConnection: false | priorityConnectionSize : 0 | availableConnectionSize : 2
12-08 16:10:14.623  1614  5726 I vendor.qti.bluetooth@1.1-ibs_handler: ProcessIbsCmd: Received IBS_SLEEP_IND: 0xFE
12-08 16:10:14.624  1614  5726 D vendor.qti.bluetooth@1.1-ibs_handler: SerialClockVote: vote for UART CLK OFF
12-08 16:10:14.695  1614  5726 I vendor.qti.bluetooth@1.1-ibs_handler: ProcessIbsCmd: Received IBS_WAKE_IND: 0xFD
12-08 16:10:14.695  1614  5726 D vendor.qti.bluetooth@1.1-ibs_handler: SerialClockVote: vote for UART CLK ON
12-08 16:10:14.695  1614  5726 I vendor.qti.bluetooth@1.1-ibs_handler: ProcessIbsCmd: Writing IBS_WAKE_ACK
12-08 16:10:14.698  4553  5740 I ScanController: onScanResult to scannerId: 11- eventType=0x10, addressType=0, address=XX:XX:XX:XX:31:D1, primaryPhy=1, secondaryPhy=0, advertisingSid=0xff, txPower=127, rssi=-86, periodicAdvInt=0x0
12-08 16:10:14.699  7791 10162 I [+0100]oneconnect[1.8.37.23_01][CORE]: DataConvert.parseBleVd - deviceBle : |name:|deviceType:TV|discoverType:_BLE|services:None|connected:false[TvStatusString]POWER_OFF[TvStatus]-128[TvService]96[TvMirrorChannel]1[TvRegisteredDB][0, 0, 0, 0, 0, 0][TvYear]2016[TvOcfInfo]0[TvAcmStatus]0[ExTvStatus]0[ExtendedStatus]-1[ModuloSn]-1
12-08 16:10:14.716  4553  5740 I ScanController: onScanResult to scannerId: 11- eventType=0x10, addressType=0, address=XX:XX:XX:XX:12:AB, primaryPhy=1, secondaryPhy=0, advertisingSid=0xff, txPower=127, rssi=-92, periodicAdvInt=0x0
12-08 16:10:14.718  7791 10162 I [+0100]oneconnect[1.8.37.23_01][CORE]: DataConvert.parseBleVd - deviceBle : |name:|deviceType:TV|discoverType:_BLE|services:None|connected:false[TvStatusString]POWER_OFF[TvStatus]-128[TvService]110[TvMirrorChannel]1[TvRegisteredDB][50, 58, -21, -20, -38, 104][TvYear]2016[TvOcfInfo]0[TvAcmStatus]0[ExTvStatus]0[ExtendedStatus]-1[ModuloSn]-1
12-08 16:10:14.755  1614  5726 I vendor.qti.bluetooth@1.1-ibs_handler: ProcessIbsCmd: Received IBS_SLEEP_IND: 0xFE
12-08 16:10:14.755  1614  5726 D vendor.qti.bluetooth@1.1-ibs_handler: SerialClockVote: vote for UART CLK OFF
12-08 16:10:14.756 18574 18574 I System.out: ï¿½PAï¿½é‚—ï¿½\^R0^ï¿½ï¿½,*ï¿½POï¿½Â¡ï¿½ï¿½n9ï¿½ï¿½?ï¿½ï¿½gOmÀ€ï¿½yï¿½?xï¿½ï¿½ï¿½À€À€À€À€ï¿½ï¿½À€À€À€ Oï¿½À€À€À€À€ï¿½À€À€À€ Oï¿½À€À€À€À€ï¿½À€À€À€ Oï¿½À€À€À€À€ï¿½À€À€À€ Oï¿½À€À€À€À€ï¿½À€À€À€ Oï¿½À€À€À€À€ï¿½À€À€À€ Oï¿½À€À€À€À€ï¿½À€À€À€ Oï¿½À€À€À€À€ï¿½À€À€À€ Oï¿½À€À€À€À€À€À€À€À€À€À€À€À€À€À€À€À€À€À€À€À€À€À€À€À€À€À€À€À€À€À€À€À€À€À€À€À€À€À€À€À€À€À€À€À€À€À€À€À€À€À€À€À€À€À€À€À€À€À€À€À€À€À€À€À€À€À€À€À€À€À€À€À€À€À€À€À€À€À€À€À€À€À€À€À€À€À€À€À€À€À€À€À€À€À€À€À€À€À€À€À€À€À€À€À€À€À€À€À€À€À€À€À€À€À€À€À€À€À€À€À€À€À€À€À€À€À€À€À€À€À€À€À€À€À€À€À€À€À€À€À€À€À€À€À€À€À€À€À€À€À€À€À€À€À€À€À€À€À€À€À€À€À€À€À€À€À€À€À€À€À€À€À€À€À€À€À€À€À€À€À€À€À€À€À€À€À€À€À€À€À€À€À€À€À€À€À€À€À€À€À€À€À€À€À€À€À€À€À€À€À€À€À€À€À€À€À€À€À€À€À€À€À€À€À€À€À€À€À€À€À€À€À€À€À€À€À€À€À€À€À€À€À€À€À€À€À€À€À€À€À€À€À€À€À€À€À€À€À€À€À€À€À€À€À€À€À€À€À€À€À€À€À€À€À€À€À€À€À€À€À€ï¿½ï¿½$"ï¿½ï¿½À€À€À€À€IENDï¿½B`ï¿½ï¿½PNG
12-08 16:10:14.756 18574 18574 I System.out: 
12-08 16:10:14.765 18574 18574 I System.out: À€À€À€IHDRÀ€À€8À€À€À€TÀ€À€À€giï¿½ï¿½À€À€À€sRGBÀ€ï¿½ï¿½ï¿½À€À€À€sBIT|dï¿½À€À€ï¿½IDATxï¿½ï¿½ï¿½1
12-08 16:10:14.772  1737  1737 D SurfaceFlinger: GPIS:: requestGPISForClientComposition
12-08 16:10:14.781  1737  2060 I CompositionEngine: [setDisplaySize] size=(434, 42)
12-08 16:10:14.791  1621 13106 I sensors-hal: handle_sns_std_sensor_event:409, [SSC_LIGHT] P: 16(16),c:17,b:81,m:13,cl:3,l:13,s:13,l0:2592,l1:32,s0:2000,s1:0,acl:1,opr:0.29,f(r):93,u(bl):79,if:0,wi:2,si:0,po:134(N:0)
12-08 16:10:14.905  1614  5455 D vendor.qti.bluetooth@1.1-wake_lock: Release wakelock is released 
12-08 16:10:14.956  1726  1747 E HeatmapThread: ECT Thread time in milliseconds: 1765206614
12-08 16:10:14.960  1726  1747 D HeatmapThread: !@ batteryplugType : 2
12-08 16:10:14.960  1726  1747 D HeatmapThread: !@ batteryLevel : 58  batteryTemperature : 317 
12-08 16:10:14.960  1726  1747 D HeatmapThread: !@ Heatmap currtime: 29420110
12-08 16:10:14.960  1726  1747 D HeatmapThread: !@ Heatmap prevtime: 29420090
12-08 16:10:14.960  1726  1747 D HeatmapThread: !@ Heatmap plugstarttime: 29420089
12-08 16:10:14.960  1726  1747 D HeatmapThread: !@ Heatmap prevv_dsoh_update_time: 29418436
12-08 16:10:14.961  1726  1747 E HeatmapThread: !@ CAM New BSOH: 100
12-08 16:10:15.099  7088  7088 I SDHMS:LOAD: type: LoadsFreqs, value: 0:0:1:1011455:2630400:672000:1024512:2515200:499200:307:422:231
12-08 16:10:15.106  2551  4139 I BatteryService_BatteryPropertiesRegistrar: [getProperty]id:6
12-08 16:10:15.106  2551  4139 I BatteryService_BatteryPropertiesRegistrar: [getProperty]prop.long:-9223372036854775808 ,prop.string:null
12-08 16:10:15.108  2551  4139 I BatteryService_BatteryPropertiesRegistrar: [getProperty]id:4
12-08 16:10:15.108  2551  4139 I BatteryService_BatteryPropertiesRegistrar: [getProperty]prop.long:-9223372036854775808 ,prop.string:null
12-08 16:10:15.108  2551  4139 I SemWifiIntelligentTrainingManager: Tr. cond. check: true / 1 (2) / true / 0 (1)
12-08 16:10:15.109  2551  4139 I BatteryService_BatteryPropertiesRegistrar: [getProperty]id:6
12-08 16:10:15.109  2551  4139 I BatteryService_BatteryPropertiesRegistrar: [getProperty]prop.long:-9223372036854775808 ,prop.string:null
12-08 16:10:15.109  2551  4139 I BatteryService_BatteryPropertiesRegistrar: [getProperty]id:4
12-08 16:10:15.109  2551  4139 I BatteryService_BatteryPropertiesRegistrar: [getProperty]prop.long:-9223372036854775808 ,prop.string:null
12-08 16:10:15.169  2551  2925 D PowerManagerService: UserActivityStateListenerState: 0
12-08 16:10:15.201  2551  5776 D SemWifiUsabilityStatsMonitor: onWifiUsabilityStats - seqNum 64218, isSameBssidAndFreq true
12-08 16:10:15.202  5085  5085 I EPDG -- SIM1 [SMARTWIFI]: isProfiling, hash=204674016, started=true
12-08 16:10:15.203  5085  5085 I EPDG -- SIM1 [SMARTWIFI]: isProfiling, hash=204674016, started=true
12-08 16:10:15.203  2551  4141 D InsDataManager: onOutageCountUpdate() - Outage Data: 0, LQ : N. Outage Triggered: false
12-08 16:10:15.203  2551  4141 D InsDataManager: Trying to save initial normal data.
12-08 16:10:15.204  2551  4141 D SensorCollector: syncMappedBuffers: 0, 351, 0
12-08 16:10:15.204  2551  4141 D InsDataManager: trimBuffers start.
12-08 16:10:15.204  2551  4141 D InsDataManager: trimBuffers - nsmBuffer size: 20
12-08 16:10:15.204  2551  4141 D InsDataManager: Too short for collecting additional normal data
12-08 16:10:15.204  2551  4141 D SemInsManager: {"bssid": "e3a08eaf5180","rssi": -50.0,"latency": 0.0,"outage_count": 0,"lq_callback_triggered": false,"outage_log": "Unreliable statistics: -50.0 / 3 / 438 / 59 / 0 || e3a08eaf5180: 0.000 / 0.000 / @ || A N / 0 0 / N 2.0 / N X 2 / 602235081 0 || 2025-12-08 16:10:14  / 0: 0 0 0 0 0 0 / 0: 0 0 0 0 0 0 / 0: 0 0 0 0 0 0""Magnetic Sensor Events size": "0""Pressure Sensor Events size": "0"}
12-08 16:10:15.204  5085  5085 I EPDG -- SIM1 [SMARTWIFI]: Rssi : -50 highrange : -76 lowrange : -82 mIsRssiInHystersis : false
12-08 16:10:15.204  5085  5085 I EPDG -- SIM1 [SMARTWIFI]: Rssi : -50 highrange : -76 lowrange : -82 mIsRssiInHystersis : false
12-08 16:10:15.204  5085  5085 I EPDG -- SIM1 [SMARTWIFI]: getHandoverThresholdMet: value is: false
12-08 16:10:15.204  4309  4429 D Tile.WifiTile: handleUpdateState isTransient=false transientEnabling =false cb.isTransient=false state.state = 2 mStateBeforeClick.value =false enabled =true
12-08 16:10:15.205 16866 17312 I HoneySpace.StatusIconTracker: invokeEvent() called with: event = Wifi(visible=false, resId=0, activityId=2131236043)
12-08 16:10:15.209  2551  4158 D SGM:GameManager: identifyGamePackage. com.sec.android.app.launcher, mCurrentUserId: 0, callingMethodInfo: com.samsung.android.game.SemGameManager.isGamePackage(SemGameManager.java:106)
12-08 16:10:15.209  2551  4158 D SGM:SemGameManager: isGamePackage(), pkgName=com.sec.android.app.launcher, ret=false
12-08 16:10:15.269 18574 18574 I System.out: ï¿½PAï¿½é‚—ï¿½\^R0^ï¿½ï¿½,*ï¿½POï¿½Â¡ï¿½ï¿½n9ï¿½ï¿½?ï¿½ï¿½gOmÀ€ï¿½yï¿½?xï¿½ï¿½ï¿½À€À€À€À€ï¿½ï¿½À€À€À€ Oï¿½À€À€À€À€ï¿½À€À€À€ Oï¿½À€À€À€À€ï¿½À€À€À€ Oï¿½À€À€À€À€ï¿½À€À€À€ Oï¿½À€À€À€À€ï¿½À€À€À€ Oï¿½À€À€À€À€ï¿½À€À€À€ Oï¿½À€À€À€À€ï¿½À€À€À€ Oï¿½À€À€À€À€ï¿½À€À€À€ Oï¿½À€À€À€À€À€À€À€À€À€À€À€À€À€À€À€À€À€À€À€À€À€À€À€À€À€À€À€À€À€À€À€À€À€À€À€À€À€À€À€À€À€À€À€À€À€À€À€À€À€À€À€À€À€À€À€À€À€À€À€À€À€À€À€À€À€À€À€À€À€À€À€À€À€À€À€À€À€À€À€À€À€À€À€À€À€À€À€À€À€À€À€À€À€À€À€À€À€À€À€À€À€À€À€À€À€À€À€À€À€À€À€À€À€À€À€À€À€À€À€À€À€À€À€À€À€À€À€À€À€À€À€À€À€À€À€À€À€À€À€À€À€À€À€À€À€À€À€À€À€À€À€À€À€À€À€À€À€À€À€À€À€À€À€À€À€À€À€À€À€À€À€À€À€À€À€À€À€À€À€À€À€À€À€À€À€À€À€À€À€À€À€À€À€À€À€À€À€À€À€À€À€À€À€À€À€À€À€À€À€À€À€À€À€À€À€À€À€À€À€À€À€À€À€À€À€À€À€À€À€À€À€À€À€À€À€À€À€À€À€À€À€À€À€À€À€À€À€À€À€À€À€À€À€À€À€À€À€À€À€À€À€À€À€À€À€À€À€À€À€À€À€À€À€À€À€À€À€À€À€À€ï¿½ï¿½$"ï¿½ï¿½À€À€À€À€IENDï¿½B`ï¿½ï¿½PNG
12-08 16:10:15.270 18574 18574 I System.out: 
12-08 16:10:15.276 18574 18574 I System.out: À€À€À€IHDRÀ€À€8À€À€À€TÀ€À€À€giï¿½ï¿½À€À€À€sRGBÀ€ï¿½ï¿½ï¿½À€À€À€sBIT|dï¿½À€À€ï¿½IDATxï¿½ï¿½ï¿½1
12-08 16:10:15.287  1737  1737 D DisplayModeController: setDesiredMode 4630946315032985731 {mode={fps=24.00 Hz, modePtr={id=12, vsyncRate=24.00 Hz, peakRefreshRate=24.00 Hz}}, emitEvent=true, force=false}
12-08 16:10:15.287  1737  1737 I LayerHistory: $_18574***REMOVED***215808 is infrequent
12-08 16:10:15.287  1737  1737 I SurfaceFlinger: All layers Min - choose 24.00 Hz
12-08 16:10:15.288  1737  1737 I HWComposer: [4630946315032985731] ActiveConfigToHWC, ID : 12
12-08 16:10:15.289  1737  1737 D SurfaceFlinger: GPIS:: requestGPISForClientComposition
12-08 16:10:15.290  1656  2041 I SDM     : HWDeviceDRM::SetDisplaySwitchMode: [DispConfigs] check hs_mode 1
12-08 16:10:15.290  1656  2041 W SDM     : HWDeviceDRM::GetSupportedBitClkRate: Requested rate not supported: 1362080000
12-08 16:10:15.290  1656  2041 I SDM     : HWDeviceDRM::SetDisplaySwitchMode: [DispConfigs] Set mode index:12 1080x2340x24xcmdHS, hs_mode(1), found_mode(1)
12-08 16:10:15.290  1656  2041 I SDM     : HWDeviceDRM::UpdateMixerAttributes: Mixer WxH 1080x2340-1 for Peripheral
12-08 16:10:15.290  1656  2041 I SDM     : HWCDisplay::SubmitDisplayConfig: Active configuration changed from config 9 to 12
12-08 16:10:15.297  1737  3948 D NativeSemDvfsManager: acquire:: timeout = 2000 mIsAcquired = 1  mTagName : SurfaceFlinger 
12-08 16:10:15.298  1737  3948 E NativeCustomFrequencyManager: [NativeCFMS] BpCustomFrequencyManager::acquire()
12-08 16:10:15.298  1629  1662 I HYPER-HAL: [RequestManager.cpp]acquire(): Acquired ID : 3747953  [1737 / 1000]    HINT : SF_GPU_MINLOCK    list : [TIMEOUT / 2000] 
12-08 16:10:15.298  1737  1737 I SurfaceFlinger: finalizeDisplayModeChange 4630946315032985731
12-08 16:10:15.299  2551  2820 D LocalDisplayAdapter: updateActiveModeLocked for d=4630946315032985731, mActiveModeId=13, mActiveSfDisplayMode=DisplayMode{id=12, width=1080, height=2340, xDpi=381.0, yDpi=378.573, peakRefreshRate=24.000002, vsyncRate=24.000002, appVsyncOffsetNanos=41666666, presentationDeadlineNanos=42666666, supportedHdrTypes=[4, 2, 3], group=1080}
12-08 16:10:15.301  2551  2820 I DisplayDeviceRepository: Display device changed render timings: "Built-in Screen", renderFrameRate=24.000002, presentationDeadlineNanos=42666666, appVsyncOffsetNanos=41666666, frameRateOverrides=[]
12-08 16:10:15.301  2551  2818 D WindowManager: DeferredDisplayUpdater: partially applying DisplayInfo(1080 x 2340) immediately
12-08 16:10:15.301  2551  2551 D SGM:GameManager: onDisplayChanged. displyId: 0, state: 2
12-08 16:10:15.302  2551  2551 D SGM:GameManager: dpi: 450, longPixel: 2340, shortPixel: 1080
12-08 16:10:15.302  1737  3939 I VSyncReactor: Current= 60, Period= 24, hwcPeriod= 24
12-08 16:10:15.302  2551  2551 D AODManagerService: requestReCalToTSP IsSingleTouchMode = falserequestedReCalToTSP = false / previousDisplayState = ON
12-08 16:10:15.302  2551  2818 D SurfaceComposerClient: setCornerRadius ***REMOVED******REMOVED*** 90de50f com.sec.android.app.launcher/com.android.quickstep.RecentsActivity***REMOVED***146422 cornerRadius=0.000000
12-08 16:10:15.303  2551  2818 W PhoneWindowManager: lockNow pending, ignore updating lockscreen timeout
12-08 16:10:15.303  1721  5859 D AudioFlinger: setParameters: filtered dev setParameters keyvalue screen_state=on
12-08 16:10:15.303  2551  2818 D SurfaceComposerClient: setCornerRadius ***REMOVED******REMOVED*** 90de50f com.sec.android.app.launcher/com.android.quickstep.RecentsActivity***REMOVED***146422 cornerRadius=0.000000
12-08 16:10:15.303  1609 18978 D AHAL: AudioDevice: SetParameters: 1865: enter
12-08 16:10:15.303  1609 18978 D AHAL: AudioVoice: VoiceSetParameters: 200: Enter
12-08 16:10:15.303  1609 18978 D AHAL: AudioVoice: VoiceSetParameters: 479: Exit ret: 0
12-08 16:10:15.303  1609 18978 D AHAL: hfp: hfp_set_parameters: 444: enter
12-08 16:10:15.303  1609 18978 D AHAL: AudioDevice: SetParameters: 1945:  - screen = on
12-08 16:10:15.303  1609 18978 I PAL: ResourceManager: setParameter: 10683: Screen State:1
12-08 16:10:15.303  1609 18978 D AHAL: AudioDevice: SetParameters: 2798: exit: screen_state=on
12-08 16:10:15.303  2551  3898 D SGM:FgCheckThread: onLooperPrepared(), msg: MSG_LCD_ON
12-08 16:10:15.305  2551  5486 D LiftUpHandler: [LTW] Stopped already.
12-08 16:10:15.305 16866 28778 I HoneySpace.RefreshRateSource: singleFrameMs 41
12-08 16:10:15.308  2551  4072 D AS.DesktopModeHelper: onDisplayChanged: ***REMOVED***Id=0
12-08 16:10:15.308  4309  4309 D DisplayLifecycle: updateDisplay id = 0
12-08 16:10:15.308  4309  4429 D StackScroller: onDisplayChanged for predraw skip to 2
12-08 16:10:15.309  2551  5808 D WifiDisplayAdapter: isFitToActiveDisplayLocked : false
12-08 16:10:15.346  1737  2060 I CompositionEngine: [setDisplaySize] size=(434, 42)
12-08 16:10:15.804 18574 18574 I System.out: ï¿½PAï¿½é‚—ï¿½\^R0^ï¿½ï¿½,*ï¿½POï¿½Â¡ï¿½ï¿½n9ï¿½ï¿½?ï¿½ï¿½gOmÀ€ï¿½yï¿½?xï¿½ï¿½ï¿½À€À€À€À€ï¿½ï¿½À€À€À€ Oï¿½À€À€À€À€ï¿½À€À€À€ Oï¿½À€À€À€À€ï¿½À€À€À€ Oï¿½À€À€À€À€ï¿½À€À€À€ Oï¿½À€À€À€À€ï¿½À€À€À€ Oï¿½À€À€À€À€ï¿½À€À€À€ Oï¿½À€À€À€À€ï¿½À€À€À€ Oï¿½À€À€À€À€ï¿½À€À€À€ Oï¿½À€À€À€À€À€À€À€À€À€À€À€À€À€À€À€À€À€À€À€À€À€À€À€À€À€À€À€À€À€À€À€À€À€À€À€À€À€À€À€À€À€À€À€À€À€À€À€À€À€À€À€À€À€À€À€À€À€À€À€À€À€À€À€À€À€À€À€À€À€À€À€À€À€À€À€À€À€À€À€À€À€À€À€À€À€À€À€À€À€À€À€À€À€À€À€À€À€À€À€À€À€À€À€À€À€À€À€À€À€À€À€À€À€À€À€À€À€À€À€À€À€À€À€À€À€À€À€À€À€À€À€À€À€À€À€À€À€À€À€À€À€À€À€À€À€À€À€À€À€À€À€À€À€À€À€À€À€À€À€À€À€À€À€À€À€À€À€À€À€À€À€À€À€À€À€À€À€À€À€À€À€À€À€À€À€À€À€À€À€À€À€À€À€À€À€À€À€À€À€À€À€À€À€À€À€À€À€À€À€À€À€À€À€À€À€À€À€À€À€À€À€À€À€À€À€À€À€À€À€À€À€À€À€À€À€À€À€À€À€À€À€À€À€À€À€À€À€À€À€À€À€À€À€À€À€À€À€À€À€À€À€À€À€À€À€À€À€À€À€À€À€À€À€À€À€À€À€À€À€À€ï¿½ï¿½$"ï¿½ï¿½À€À€À€À€IENDï¿½B`ï¿½ï¿½PNG
12-08 16:10:15.804 18574 18574 I System.out: 
12-08 16:10:15.813 18574 18574 I System.out: À€À€À€IHDRÀ€À€8À€À€À€TÀ€À€À€giï¿½ï¿½À€À€À€sRGBÀ€ï¿½ï¿½ï¿½À€À€À€sBIT|dï¿½À€À€ï¿½IDATxï¿½ï¿½ï¿½1
12-08 16:10:15.845  1737  1737 D SurfaceFlinger: GPIS:: requestGPISForClientComposition
12-08 16:10:15.854  1737  2060 I CompositionEngine: [setDisplaySize] size=(434, 42)
12-08 16:10:15.956  1726  1747 E HeatmapThread: ECT Thread time in milliseconds: 1765206615
12-08 16:10:15.960  1726  1747 D HeatmapThread: !@ batteryplugType : 2
12-08 16:10:15.960  1726  1747 D HeatmapThread: !@ batteryLevel : 58  batteryTemperature : 317 
12-08 16:10:15.961  1726  1747 D HeatmapThread: !@ Heatmap currtime: 29420110
12-08 16:10:15.961  1726  1747 D HeatmapThread: !@ Heatmap prevtime: 29420090
12-08 16:10:15.961  1726  1747 D HeatmapThread: !@ Heatmap plugstarttime: 29420089
12-08 16:10:15.961  1726  1747 D HeatmapThread: !@ Heatmap prevv_dsoh_update_time: 29418436
12-08 16:10:15.962  1726  1747 E HeatmapThread: !@ CAM New BSOH: 100
12-08 16:10:16.180  1166  1166 D io_stats: !@   8,0 r 467142164 9793274280 w 54669608 705405932 d 6520639 995266932 f 1595549 4092609 iot 51453928 0 th 0 0 0 pt 0 inp 0 0 602236.060
12-08 16:10:16.233  1621 13140 I sensors-hal: handle_sns_client_event:375, [0][5765] accel_sample [ 1.565,  4.046,  8.837] 1144522624346073
12-08 16:10:16.277  2551  3888 D SemInputMotionEventDispatcher: registerMotionEventListener: already registered: com.samsung.android.hardware.secinputdev.taas.ExternalApi$5@970a39f
12-08 16:10:16.347 18574 18574 I System.out: ï¿½PAï¿½é‚—ï¿½\^R0^ï¿½ï¿½,*ï¿½POï¿½Â¡ï¿½ï¿½n9ï¿½ï¿½?ï¿½ï¿½gOmÀ€ï¿½yï¿½?xï¿½ï¿½ï¿½À€À€À€À€ï¿½ï¿½À€À€À€ Oï¿½À€À€À€À€ï¿½À€À€À€ Oï¿½À€À€À€À€ï¿½À€À€À€ Oï¿½À€À€À€À€ï¿½À€À€À€ Oï¿½À€À€À€À€ï¿½À€À€À€ Oï¿½À€À€À€À€ï¿½À€À€À€ Oï¿½À€À€À€À€ï¿½À€À€À€ Oï¿½À€À€À€À€ï¿½À€À€À€ Oï¿½À€À€À€À€À€À€À€À€À€À€À€À€À€À€À€À€À€À€À€À€À€À€À€À€À€À€À€À€À€À€À€À€À€À€À€À€À€À€À€À€À€À€À€À€À€À€À€À€À€À€À€À€À€À€À€À€À€À€À€À€À€À€À€À€À€À€À€À€À€À€À€À€À€À€À€À€À€À€À€À€À€À€À€À€À€À€À€À€À€À€À€À€À€À€À€À€À€À€À€À€À€À€À€À€À€À€À€À€À€À€À€À€À€À€À€À€À€À€À€À€À€À€À€À€À€À€À€À€À€À€À€À€À€À€À€À€À€À€À€À€À€À€À€À€À€À€À€À€À€À€À€À€À€À€À€À€À€À€À€À€À€À€À€À€À€À€À€À€À€À€À€À€À€À€À€À€À€À€À€À€À€À€À€À€À€À€À€À€À€À€À€À€À€À€À€À€À€À€À€À€À€À€À€À€À€À€À€À€À€À€À€À€À€À€À€À€À€À€À€À€À€À€À€À€À€À€À€À€À€À€À€À€À€À€À€À€À€À€À€À€À€À€À€À€À€À€À€À€À€À€À€À€À€À€À€À€À€À€À€À€À€À€À€À€À€À€À€À€À€À€À€À€À€À€À€À€À€À€À€À€ï¿½ï¿½$"ï¿½ï¿½À€À€À€À€IENDï¿½B`ï¿½ï¿½PNG
12-08 16:10:16.347 18574 18574 I System.out: 
12-08 16:10:16.350 32298 32298 I wpa_supplicant: Heartbeat 231
12-08 16:10:16.357 18574 18574 I System.out: À€À€À€IHDRÀ€À€8À€À€À€TÀ€À€À€giï¿½ï¿½À€À€À€sRGBÀ€ï¿½ï¿½ï¿½À€À€À€sBIT|dï¿½À€À€ï¿½IDATxï¿½ï¿½ï¿½1
12-08 16:10:16.386  1737  1737 D SurfaceFlinger: GPIS:: requestGPISForClientComposition
12-08 16:10:16.391  1621 13106 I sensors-hal: handle_sns_std_sensor_event:409, [SSC_LIGHT] P: 27(27),c:17,b:81,m:13,cl:3,l:29,s:23,l0:4864,l1:64,s0:3500,s1:0,acl:1,opr:0.29,f(r):93,u(bl):79,if:0,wi:2,si:0,po:134(N:0)
12-08 16:10:16.395  1737  2060 I CompositionEngine: [setDisplaySize] size=(434, 42)
12-08 16:10:16.496  1614  5726 I vendor.qti.bluetooth@1.1-ibs_handler: ProcessIbsCmd: Received IBS_WAKE_IND: 0xFD
12-08 16:10:16.497  1614  5726 D vendor.qti.bluetooth@1.1-ibs_handler: SerialClockVote: vote for UART CLK ON
12-08 16:10:16.497  1614  5726 D vendor.qti.bluetooth@1.1-wake_lock: Acquire wakelock is acquired 
12-08 16:10:16.498  1614  5726 I vendor.qti.bluetooth@1.1-ibs_handler: ProcessIbsCmd: Writing IBS_WAKE_ACK
12-08 16:10:16.506  4553  5440 I bluetooth: system/gd/hci/le_scanning_reassembler.cc:54 ProcessAdvertisingReport: Ignoring scan response received without advertising event
12-08 16:10:16.507  4553  5740 I ScanController: onScanResult to scannerId: 9- eventType=0x13, addressType=1, address=XX:XX:XX:XX:47:84, primaryPhy=1, secondaryPhy=0, advertisingSid=0xff, txPower=127, rssi=-83, periodicAdvInt=0x0
12-08 16:10:16.507  4553  5740 I ScanController: onScanResult to scannerId: 11- eventType=0x13, addressType=1, address=XX:XX:XX:XX:47:84, primaryPhy=1, secondaryPhy=0, advertisingSid=0xff, txPower=127, rssi=-83, periodicAdvInt=0x0
12-08 16:10:16.511  7791 10162 I [+0100]oneconnect[1.8.37.23_01][CORE]: TagKeyManager.findCloudId - key: ($)b47d51b6
12-08 16:10:16.511  7791 10162 I [+0100]oneconnect[1.8.37.23_01][CORE]: TagKeyManager.findCloudId - key: ($)b47d51b6
12-08 16:10:16.511  7791 10162 I [+0100]oneconnect[1.8.37.23_01][CORE]: SmartTag@BleParserForTag.parsePacket - [name][bleMac]($)65:EA[tagState]1[advertisementType]0[privacyId]3c45590771c68700[uWBFlag]1[batteryLevel]3[motionDetection]0[lastReceivedTime]1765206616511[rssi]-83[activityTrackingMode]false
12-08 16:10:16.515  7791  1874 I [+0100]oneconnect[1.8.37.23_01][CORE]: SmartTag@DeviceStatusTriggerTaskImpl.isAvailableGattConnection - deviceId: ($)b47d51b6 | isAvailableGattConnection: false | priorityConnectionSize : 0 | availableConnectionSize : 2
12-08 16:10:16.520  4553  5440 I bluetooth: system/gd/hci/le_scanning_reassembler.cc:54 ProcessAdvertisingReport: Ignoring scan response received without advertising event
12-08 16:10:16.521  4553  5740 I ScanController: onScanResult to scannerId: 9- eventType=0x13, addressType=1, address=XX:XX:XX:XX:B5:6E, primaryPhy=1, secondaryPhy=0, advertisingSid=0xff, txPower=127, rssi=-83, periodicAdvInt=0x0
12-08 16:10:16.521  4553  5740 I ScanController: onScanResult to scannerId: 11- eventType=0x13, addressType=1, address=XX:XX:XX:XX:B5:6E, primaryPhy=1, secondaryPhy=0, advertisingSid=0xff, txPower=127, rssi=-83, periodicAdvInt=0x0
12-08 16:10:16.522  7791 10162 I [+0100]oneconnect[1.8.37.23_01][CORE]: TagKeyManager.findCloudId - key: ($)2d07b836
12-08 16:10:16.523  7791 10162 I [+0100]oneconnect[1.8.37.23_01][CORE]: TagKeyManager.findCloudId - key: ($)2d07b836
12-08 16:10:16.523  7791 10162 I [+0100]oneconnect[1.8.37.23_01][CORE]: SmartTag@BleParserForTag.parsePacket - [name][bleMac]($)7E:51[tagState]1[advertisementType]0[privacyId]067d3918572b727e[uWBFlag]1[batteryLevel]3[motionDetection]0[lastReceivedTime]1765206616522[rssi]-83[activityTrackingMode]false
12-08 16:10:16.525  7791 10709 I [+0100]oneconnect[1.8.37.23_01][CORE]: SmartTag@DeviceStatusTriggerTaskImpl.isAvailableGattConnection - deviceId: ($)2d07b836 | isAvailableGattConnection: false | priorityConnectionSize : 0 | availableConnectionSize : 2
12-08 16:10:16.552  1621  4270 I sensors-hal: handle_sns_std_sensor_event:131, [SSC_LIGHT] A: 30(30),c:17,b:81,m:13,cl:3,l:30,s:26,l0:4992,l1:32,s0:4000,s1:0,acl:1,opr:0.29,f(r):93,u(bl):79,if:0,wi:2,si:0,po:134(N:0)
12-08 16:10:16.560  1614  5726 I vendor.qti.bluetooth@1.1-ibs_handler: ProcessIbsCmd: Received IBS_SLEEP_IND: 0xFE
12-08 16:10:16.560  1614  5726 D vendor.qti.bluetooth@1.1-ibs_handler: SerialClockVote: vote for UART CLK OFF
12-08 16:10:16.593  1614  5726 I vendor.qti.bluetooth@1.1-ibs_handler: ProcessIbsCmd: Received IBS_WAKE_IND: 0xFD
12-08 16:10:16.593  1614  5726 D vendor.qti.bluetooth@1.1-ibs_handler: SerialClockVote: vote for UART CLK ON
12-08 16:10:16.593  1614  5726 I vendor.qti.bluetooth@1.1-ibs_handler: ProcessIbsCmd: Writing IBS_WAKE_ACK
12-08 16:10:16.597  4553  5740 I ScanController: onScanResult to scannerId: 11- eventType=0x10, addressType=0, address=XX:XX:XX:XX:12:AB, primaryPhy=1, secondaryPhy=0, advertisingSid=0xff, txPower=127, rssi=-72, periodicAdvInt=0x0
12-08 16:10:16.600  7791 10162 I [+0100]oneconnect[1.8.37.23_01][CORE]: DataConvert.parseBleVd - deviceBle : |name:|deviceType:TV|discoverType:_BLE|services:None|connected:false[TvStatusString]POWER_OFF[TvStatus]-128[TvService]110[TvMirrorChannel]1[TvRegisteredDB][50, 58, -21, -20, -38, 104][TvYear]2016[TvOcfInfo]0[TvAcmStatus]0[ExTvStatus]0[ExtendedStatus]-1[ModuloSn]-1
12-08 16:10:16.635  1614  5726 I vendor.qti.bluetooth@1.1-ibs_handler: ProcessIbsCmd: Received IBS_SLEEP_IND: 0xFE
12-08 16:10:16.635  1614  5726 D vendor.qti.bluetooth@1.1-ibs_handler: SerialClockVote: vote for UART CLK OFF
12-08 16:10:16.694  1614  5726 I vendor.qti.bluetooth@1.1-ibs_handler: ProcessIbsCmd: Received IBS_WAKE_IND: 0xFD
12-08 16:10:16.695  1614  5726 D vendor.qti.bluetooth@1.1-ibs_handler: SerialClockVote: vote for UART CLK ON
12-08 16:10:16.695  1614  5726 I vendor.qti.bluetooth@1.1-ibs_handler: ProcessIbsCmd: Writing IBS_WAKE_ACK
12-08 16:10:16.699  4553  5740 I ScanController: onScanResult to scannerId: 11- eventType=0x10, addressType=0, address=XX:XX:XX:XX:31:D1, primaryPhy=1, secondaryPhy=0, advertisingSid=0xff, txPower=127, rssi=-92, periodicAdvInt=0x0
12-08 16:10:16.701  7791 10162 I [+0100]oneconnect[1.8.37.23_01][CORE]: DataConvert.parseBleVd - deviceBle : |name:|deviceType:TV|discoverType:_BLE|services:None|connected:false[TvStatusString]POWER_OFF[TvStatus]-128[TvService]96[TvMirrorChannel]1[TvRegisteredDB][0, 0, 0, 0, 0, 0][TvYear]2016[TvOcfInfo]0[TvAcmStatus]0[ExTvStatus]0[ExtendedStatus]-1[ModuloSn]-1
12-08 16:10:16.738  1614  5726 I vendor.qti.bluetooth@1.1-ibs_handler: ProcessIbsCmd: Received IBS_SLEEP_IND: 0xFE
12-08 16:10:16.738  1614  5726 D vendor.qti.bluetooth@1.1-ibs_handler: SerialClockVote: vote for UART CLK OFF
12-08 16:10:16.826  4520  5553 D SatelliteController: isInCarrierRoamingNbIotNtn: satellite is disabled
12-08 16:10:16.829  5085  5085 I EPDG -- SIM1 [SMARTCELLULAR]: onSignalStrengthsChanged: SignalStrength:{mCdma=Invalid,mGsm=Invalid,mWcdma=Invalid,mTdscdma=Invalid,mLte=CellSignalStrengthLte: rssi=-77 rsrp=-106 rsrq=-13 rssnr=-2 cqiTableIndex=2147483647 cqi=2147483647 ta=2147483647 level=3 parametersUseForLevel=0,mNr=Invalid,SignalBarInfo{ lteLevel=2 },rat=14,primary=CellSignalStrengthLte}
12-08 16:10:16.829  5085  6456 I EPDG -- SIM1 [SMARTCELLULAR]: lastLteRSRP is -107 currentLteRSRP is -106 lastLteRSRQ is -12 currentLteRSRQ is -13 lastLteSNR is -2 currentLteSNR is -2
12-08 16:10:16.840  1621  4270 I sensors-hal: handle_sns_client_event:190, auto_rotation_debug_2 mode,255, type,1,1 acc,0.684,4.920,8.906, ar,0, ver,14, pedo,1,e,1,i,3
12-08 16:10:16.885 18574 18574 I System.out: ï¿½PAï¿½é‚—ï¿½\^R0^ï¿½ï¿½,*ï¿½POï¿½Â¡ï¿½ï¿½n9ï¿½ï¿½?ï¿½ï¿½gOmÀ€ï¿½yï¿½?xï¿½ï¿½ï¿½À€À€À€À€ï¿½ï¿½À€À€À€ Oï¿½À€À€À€À€ï¿½À€À€À€ Oï¿½À€À€À€À€ï¿½À€À€À€ Oï¿½À€À€À€À€ï¿½À€À€À€ Oï¿½À€À€À€À€ï¿½À€À€À€ Oï¿½À€À€À€À€ï¿½À€À€À€ Oï¿½À€À€À€À€ï¿½À€À€À€ Oï¿½À€À€À€À€ï¿½À€À€À€ Oï¿½À€À€À€À€À€À€À€À€À€À€À€À€À€À€À€À€À€À€À€À€À€À€À€À€À€À€À€À€À€À€À€À€À€À€À€À€À€À€À€À€À€À€À€À€À€À€À€À€À€À€À€À€À€À€À€À€À€À€À€À€À€À€À€À€À€À€À€À€À€À€À€À€À€À€À€À€À€À€À€À€À€À€À€À€À€À€À€À€À€À€À€À€À€À€À€À€À€À€À€À€À€À€À€À€À€À€À€À€À€À€À€À€À€À€À€À€À€À€À€À€À€À€À€À€À€À€À€À€À€À€À€À€À€À€À€À€À€À€À€À€À€À€À€À€À€À€À€À€À€À€À€À€À€À€À€À€À€À€À€À€À€À€À€À€À€À€À€À€À€À€À€À€À€À€À€À€À€À€À€À€À€À€À€À€À€À€À€À€À€À€À€À€À€À€À€À€À€À€À€À€À€À€À€À€À€À€À€À€À€À€À€À€À€À€À€À€À€À€À€À€À€À€À€À€À€À€À€À€À€À€À€À€À€À€À€À€À€À€À€À€À€À€À€À€À€À€À€À€À€À€À€À€À€À€À€À€À€À€À€À€À€À€À€À€À€À€À€À€À€À€À€À€À€À€À€À€À€À€À€À€ï¿½ï¿½$"ï¿½ï¿½À€À€À€À€IENDï¿½B`ï¿½ï¿½PNG
12-08 16:10:16.885 18574 18574 I System.out: 
12-08 16:10:16.888  1614  5455 D vendor.qti.bluetooth@1.1-wake_lock: Release wakelock is released 
12-08 16:10:16.896 18574 18574 I System.out: À€À€À€IHDRÀ€À€8À€À€À€TÀ€À€À€giï¿½ï¿½À€À€À€sRGBÀ€ï¿½ï¿½ï¿½À€À€À€sBIT|dï¿½À€À€ï¿½IDATxï¿½ï¿½ï¿½1
12-08 16:10:16.926  1737  1737 D SurfaceFlinger: GPIS:: requestGPISForClientComposition
12-08 16:10:16.930  1737  3948 D NativeSemDvfsManager: acquire:: timeout = 2000 mIsAcquired = 1  mTagName : SurfaceFlinger 
12-08 16:10:16.931  1737  3948 E NativeCustomFrequencyManager: [NativeCFMS] BpCustomFrequencyManager::acquire()
12-08 16:10:16.931  1737  2060 I CompositionEngine: [setDisplaySize] size=(434, 42)
12-08 16:10:16.934  1629  1662 I HYPER-HAL: [RequestManager.cpp]acquire(): Acquired ID : 3747953  [1737 / 1000]    HINT : SF_GPU_MINLOCK    list : [TIMEOUT / 2000] 
12-08 16:10:16.938  2551  4194 D NetdEventListenerService: DNS Requested by 427, 10638(com.vivaldi.browser), 4(FAIL), isBlocked=true, 0ms
12-08 16:10:16.956  1726  1747 E HeatmapThread: ECT Thread time in milliseconds: 1765206616
12-08 16:10:16.958  1726  1747 D HeatmapThread: !@ batteryplugType : 2
12-08 16:10:16.958  1726  1747 D HeatmapThread: !@ batteryLevel : 58  batteryTemperature : 317 
12-08 16:10:16.958  1726  1747 D HeatmapThread: !@ Heatmap currtime: 29420110
12-08 16:10:16.958  1726  1747 D HeatmapThread: !@ Heatmap prevtime: 29420090
12-08 16:10:16.958  1726  1747 D HeatmapThread: !@ Heatmap plugstarttime: 29420089
12-08 16:10:16.958  1726  1747 D HeatmapThread: !@ Heatmap prevv_dsoh_update_time: 29418436
12-08 16:10:16.958  1726  1747 E HeatmapThread: !@ CAM New BSOH: 100
12-08 16:10:17.274  2551  4046 D InetDiagMessage: Destroyed 0 sockets, proto=IPPROTO_TCP, family=AF_INET, states=14
12-08 16:10:17.276  2551  4046 D InetDiagMessage: Destroyed 0 sockets, proto=IPPROTO_TCP, family=AF_INET6, states=14
12-08 16:10:17.276  2551  4046 D InetDiagMessage: Destroyed live tcp sockets for uids={10437} in 4ms
12-08 16:10:17.277  2551  4046 D InetDiagMessage: Destroyed 0 sockets, proto=IPPROTO_TCP, family=AF_INET, states=14
12-08 16:10:17.278  2551  4046 D InetDiagMessage: Destroyed 0 sockets, proto=IPPROTO_TCP, family=AF_INET6, states=14
12-08 16:10:17.278  2551  4046 D InetDiagMessage: Destroyed live tcp sockets for uids={20437} in 2ms
12-08 16:10:17.427 18574 18574 I System.out: ï¿½PAï¿½é‚—ï¿½\^R0^ï¿½ï¿½,*ï¿½POï¿½Â¡ï¿½ï¿½n9ï¿½ï¿½?ï¿½ï¿½gOmÀ€ï¿½yï¿½?xï¿½ï¿½ï¿½À€À€À€À€ï¿½ï¿½À€À€À€ Oï¿½À€À€À€À€ï¿½À€À€À€ Oï¿½À€À€À€À€ï¿½À€À€À€ Oï¿½À€À€À€À€ï¿½À€À€À€ Oï¿½À€À€À€À€ï¿½À€À€À€ Oï¿½À€À€À€À€ï¿½À€À€À€ Oï¿½À€À€À€À€ï¿½À€À€À€ Oï¿½À€À€À€À€ï¿½À€À€À€ Oï¿½À€À€À€À€À€À€À€À€À€À€À€À€À€À€À€À€À€À€À€À€À€À€À€À€À€À€À€À€À€À€À€À€À€À€À€À€À€À€À€À€À€À€À€À€À€À€À€À€À€À€À€À€À€À€À€À€À€À€À€À€À€À€À€À€À€À€À€À€À€À€À€À€À€À€À€À€À€À€À€À€À€À€À€À€À€À€À€À€À€À€À€À€À€À€À€À€À€À€À€À€À€À€À€À€À€À€À€À€À€À€À€À€À€À€À€À€À€À€À€À€À€À€À€À€À€À€À€À€À€À€À€À€À€À€À€À€À€À€À€À€À€À€À€À€À€À€À€À€À€À€À€À€À€À€À€À€À€À€À€À€À€À€À€À€À€À€À€À€À€À€À€À€À€À€À€À€À€À€À€À€À€À€À€À€À€À€À€À€À€À€À€À€À€À€À€À€À€À€À€À€À€À€À€À€À€À€À€À€À€À€À€À€À€À€À€À€À€À€À€À€À€À€À€À€À€À€À€À€À€À€À€À€À€À€À€À€À€À€À€À€À€À€À€À€À€À€À€À€À€À€À€À€À€À€À€À€À€À€À€À€À€À€À€À€À€À€À€À€À€À€À€À€À€À€À€À€À€À€À€À€ï¿½ï¿½$"ï¿½ï¿½À€À€À€À€IENDï¿½B`ï¿½ï¿½PNG
12-08 16:10:17.427 18574 18574 I System.out: 
12-08 16:10:17.437 18574 18574 I System.out: À€À€À€IHDRÀ€À€8À€À€À€TÀ€À€À€giï¿½ï¿½À€À€À€sRGBÀ€ï¿½ï¿½ï¿½À€À€À€sBIT|dï¿½À€À€ï¿½IDATxï¿½ï¿½ï¿½1
12-08 16:10:17.468  1737  1737 D SurfaceFlinger: GPIS:: requestGPISForClientComposition
12-08 16:10:17.477  1737  2060 I CompositionEngine: [setDisplaySize] size=(434, 42)
12-08 16:10:17.957  1726  1747 E HeatmapThread: ECT Thread time in milliseconds: 1765206617
12-08 16:10:17.961  1726  1747 D HeatmapThread: !@ batteryplugType : 2
12-08 16:10:17.961  1726  1747 D HeatmapThread: !@ batteryLevel : 58  batteryTemperature : 317 
12-08 16:10:17.962  1726  1747 D HeatmapThread: !@ Heatmap currtime: 29420110
12-08 16:10:17.962  1726  1747 D HeatmapThread: !@ Heatmap prevtime: 29420090
12-08 16:10:17.962  1726  1747 D HeatmapThread: !@ Heatmap plugstarttime: 29420089
12-08 16:10:17.962  1726  1747 D HeatmapThread: !@ Heatmap prevv_dsoh_update_time: 29418436
12-08 16:10:17.963  1726  1747 E HeatmapThread: !@ CAM New BSOH: 100
12-08 16:10:17.968 18574 18574 I System.out: ï¿½PAï¿½é‚—ï¿½\^R0^ï¿½ï¿½,*ï¿½POï¿½Â¡ï¿½ï¿½n9ï¿½ï¿½?ï¿½ï¿½gOmÀ€ï¿½yï¿½?xï¿½ï¿½ï¿½À€À€À€À€ï¿½ï¿½À€À€À€ Oï¿½À€À€À€À€ï¿½À€À€À€ Oï¿½À€À€À€À€ï¿½À€À€À€ Oï¿½À€À€À€À€ï¿½À€À€À€ Oï¿½À€À€À€À€ï¿½À€À€À€ Oï¿½À€À€À€À€ï¿½À€À€À€ Oï¿½À€À€À€À€ï¿½À€À€À€ Oï¿½À€À€À€À€ï¿½À€À€À€ Oï¿½À€À€À€À€À€À€À€À€À€À€À€À€À€À€À€À€À€À€À€À€À€À€À€À€À€À€À€À€À€À€À€À€À€À€À€À€À€À€À€À€À€À€À€À€À€À€À€À€À€À€À€À€À€À€À€À€À€À€À€À€À€À€À€À€À€À€À€À€À€À€À€À€À€À€À€À€À€À€À€À€À€À€À€À€À€À€À€À€À€À€À€À€À€À€À€À€À€À€À€À€À€À€À€À€À€À€À€À€À€À€À€À€À€À€À€À€À€À€À€À€À€À€À€À€À€À€À€À€À€À€À€À€À€À€À€À€À€À€À€À€À€À€À€À€À€À€À€À€À€À€À€À€À€À€À€À€À€À€À€À€À€À€À€À€À€À€À€À€À€À€À€À€À€À€À€À€À€À€À€À€À€À€À€À€À€À€À€À€À€À€À€À€À€À€À€À€À€À€À€À€À€À€À€À€À€À€À€À€À€À€À€À€À€À€À€À€À€À€À€À€À€À€À€À€À€À€À€À€À€À€À€À€À€À€À€À€À€À€À€À€À€À€À€À€À€À€À€À€À€À€À€À€À€À€À€À€À€À€À€À€À€À€À€À€À€À€À€À€À€À€À€À€À€À€À€À€À€À€À€À€ï¿½ï¿½$"ï¿½ï¿½À€À€À€À€IENDï¿½B`ï¿½ï¿½PNG
12-08 16:10:17.968 18574 18574 I System.out: 
12-08 16:10:17.978 18574 18574 I System.out: À€À€À€IHDRÀ€À€8À€À€À€TÀ€À€À€giï¿½ï¿½À€À€À€sRGBÀ€ï¿½ï¿½ï¿½À€À€À€sBIT|dï¿½À€À€ï¿½IDATxï¿½ï¿½ï¿½1
12-08 16:10:18.009  1737  1737 D SurfaceFlinger: GPIS:: requestGPISForClientComposition
12-08 16:10:18.018  1737  2060 I CompositionEngine: [setDisplaySize] size=(434, 42)
12-08 16:10:18.028  2551  3873 D InputReader: Btn_touch(5): value=1 when=602237.908777
12-08 16:10:18.028  2551  3873 I InputReader: Touch event's action is 0x0 (id=6, t=0) [pCnt=1, s=0.61393 ] when=602237.908777
12-08 16:10:18.029  2551  2551 D PowerManagerService: [api] userActivity : other (uid: 1000 pid: 2551) <- onInputEvent() in com.android.server.accessibility.AccessibilityInputFilter:427 displayId=0 eventTime=602237908
12-08 16:10:18.030  2551  2551 D InputDispatcher: Inject motion (0/0): action=0x0, time=602237908777000, f=0x0, d=0 dsdx=1.000000 dtdx=0.000000
12-08 16:10:18.031  2551  3872 I InputDispatcher: Delivering touch to (4309): action: 0x4, f=0x0, d=0, 'dede1e ', t=1 
12-08 16:10:18.031  2551  3872 I InputDispatcher: Delivering touch to (16866): action: 0x0, f=0x0, d=0, '90de50f', t=1 
12-08 16:10:18.031  2551  3872 D PowerManagerService: [api] userActivityFromNative : touch displayId=0 eventTime=602237908
12-08 16:10:18.032  2551  3872 D PowerManagerService: UserActivityStateListenerState: 1
12-08 16:10:18.032  1737  2063 D DisplayModeController: setDesiredMode 4630946315032985731 {mode={fps=60.00 Hz, modePtr={id=9, vsyncRate=60.00 Hz, peakRefreshRate=60.00 Hz}}, emitEvent=true, force=false}
12-08 16:10:18.032  2551  2818 I GestureDetector: obtain mCurrentDownEvent. id: 843412472 caller: com.android.server.wm.SystemGesturesPointerEventListener.onPointerEvent:17 com.android.server.wm.PointerEventDispatcher.onInputEvent:51 android.view.InputEventReceiver.dispatchInputEvent:392 
12-08 16:10:18.032 16866 16866 I VRI[RecentsActivity]@1c0609: ViewPostIme pointer 0
12-08 16:10:18.032  2551  2818 I GestureDetector: obtain mCurrentDownEvent. id: 843412472 caller: com.android.server.wm.SystemPerformancePointerEventListener.onPointerEvent:13 com.android.server.wm.PointerEventDispatcher.onInputEvent:51 android.view.InputEventReceiver.dispatchInputEvent:392 
12-08 16:10:18.032 16866 16866 I HoneySpace.IconView: start dim animation : Objecta
12-08 16:10:18.034  1737  1737 I LayerHistory: $_18574***REMOVED***215808 Max (can't resolve refresh rate)
12-08 16:10:18.034  1737  1737 I SurfaceFlinger: Touch Boost - choose 60.00 Hz
12-08 16:10:18.035  1737  1737 I HWComposer: [4630946315032985731] ActiveConfigToHWC, ID : 9
12-08 16:10:18.036  1656  2041 I SDM     : HWDeviceDRM::SetDisplaySwitchMode: [DispConfigs] check hs_mode 1
12-08 16:10:18.036  1656  2041 W SDM     : HWDeviceDRM::GetSupportedBitClkRate: Requested rate not supported: 1362080000
12-08 16:10:18.036  1656  2041 I SDM     : HWDeviceDRM::SetDisplaySwitchMode: [DispConfigs] Set mode index:9 1080x2340x60xcmdHS, hs_mode(1), found_mode(1)
12-08 16:10:18.036  1656  2041 I SDM     : HWDeviceDRM::UpdateMixerAttributes: Mixer WxH 1080x2340-1 for Peripheral
12-08 16:10:18.037  1656  2041 I SDM     : HWCDisplay::SubmitDisplayConfig: Active configuration changed from config 12 to 9
12-08 16:10:18.037  2551  2818 I GestureDetector: obtain mCurrentMotionEventRaw. action: 2 id: 879287960
12-08 16:10:18.037  2551  2818 I GestureDetector: obtain mCurrentMotionEventRaw. action: 2 id: 879287960
12-08 16:10:18.041 16866 16866 I HoneySpace.IconHoney: call activeLaunch -1
12-08 16:10:18.041  2551  7032 I Pageboost: start alp : com.example.objecta
12-08 16:10:18.041 16866 16866 I VRI[RecentsActivity]@1c0609: call setFrameRateCategory for touch hint category=high hint, reason=touch, vri=VRI[RecentsActivity]@1c0609
12-08 16:10:18.041  2551  4286 I Pageboost: alp for : com.example.objecta , 0
12-08 16:10:18.042  2551  7032 W ContextImpl: Calling a method in the system process without a qualified user: android.app.ContextImpl.startActivity:1189 com.android.server.am.ActivityManagerService.doActiveLaunch:101 android.app.IActivityManager$Stub.onTransact:5083 com.android.server.am.ActivityManagerService.onTransact:425 android.os.Binder.execTransactInternal:1462 
12-08 16:10:18.042 16866 16866 I HoneySpace.GestureInputHandler: inputConsumers = [com.honeyspace.gesture.inputconsumer.InputConsumer$Companion$NO_OP$1@57f1f37]
12-08 16:10:18.042  2551  7032 D ActivityTaskManager: startActivityAsUser: callingPid=2551, callingUid=1000, caller=com.android.server.wm.ActivityTaskManagerService.startActivity:123 android.app.Instrumentation.execStartActivity:2010 android.app.ContextImpl.startActivity:1207 com.android.server.am.ActivityManagerService.doActiveLaunch:101 android.app.IActivityManager$Stub.onTransact:5083 com.android.server.am.ActivityManagerService.onTransact:425 android.os.Binder.execTransactInternal:1462 
12-08 16:10:18.042 16866 16866 I HoneySpace.InputSession: inputConsumers = NO_OP
12-08 16:10:18.042  2551  7032 D ActivityTaskManager: request preloading for newly launching app
12-08 16:10:18.042 16866 16866 I HoneySpace.InputSession: open
12-08 16:10:18.042  2551  7032 I ActivityTaskManager: starting ActiveLaunch
12-08 16:10:18.042  5056 15347 E pageboostd: alp start : app comexampleobjecta
12-08 16:10:18.042  2551  7032 D ActivityManager: starting Active launch
12-08 16:10:18.047  4309  4426 D ShellStartingWindow: preload Icon com.example.objecta
12-08 16:10:18.049  1737  3939 I VSyncReactor: Current= 24, Period= 60, hwcPeriod= 60
12-08 16:10:18.063  1550  1550 D Zygote  : Forked child process 15348
12-08 16:10:18.064  2551  2858 I ActivityManager: Start proc 15348:com.example.objecta/u0a718 for activelaunch {com.example.objecta/com.example.objecta.MainActivity}
12-08 16:10:18.064  2551  2858 I ActivityManager: ProcessObserver broadcast disabled
12-08 16:10:18.065  1737  1737 I SurfaceFlinger: finalizeDisplayModeChange 4630946315032985731
12-08 16:10:18.066  2551  2820 D LocalDisplayAdapter: updateActiveModeLocked for d=4630946315032985731, mActiveModeId=10, mActiveSfDisplayMode=DisplayMode{id=9, width=1080, height=2340, xDpi=381.0, yDpi=378.573, peakRefreshRate=60.000004, vsyncRate=60.000004, appVsyncOffsetNanos=16666666, presentationDeadlineNanos=17666666, supportedHdrTypes=[4, 2, 3], group=1080}
12-08 16:10:18.066  5056 15347 E pageboostd: comexampleobjecta, amt 5095424 scnt 4 fcnt 0
12-08 16:10:18.066  2551  2820 I DisplayDeviceRepository: Display device changed render timings: "Built-in Screen", renderFrameRate=60.000004, presentationDeadlineNanos=17666666, appVsyncOffsetNanos=16666666, frameRateOverrides=[]
12-08 16:10:18.066  2551  2818 D WindowManager: DeferredDisplayUpdater: partially applying DisplayInfo(1080 x 2340) immediately
12-08 16:10:18.066  2551  2551 D SGM:GameManager: onDisplayChanged. displyId: 0, state: 2
12-08 16:10:18.066  2551  2551 D SGM:GameManager: dpi: 450, longPixel: 2340, shortPixel: 1080
12-08 16:10:18.067  2551  2551 D AODManagerService: requestReCalToTSP IsSingleTouchMode = falserequestedReCalToTSP = false / previousDisplayState = ON
12-08 16:10:18.067  2551  5486 D LiftUpHandler: [LTW] Stopped already.
12-08 16:10:18.067  2551  3898 D SGM:FgCheckThread: onLooperPrepared(), msg: MSG_LCD_ON
12-08 16:10:18.067  1721  5859 D AudioFlinger: setParameters: filtered dev setParameters keyvalue screen_state=on
12-08 16:10:18.067  2551  2818 W PhoneWindowManager: lockNow pending, ignore updating lockscreen timeout
12-08 16:10:18.067  1609 18978 D AHAL: AudioDevice: SetParameters: 1865: enter
12-08 16:10:18.067  1609 18978 D AHAL: AudioVoice: VoiceSetParameters: 200: Enter
12-08 16:10:18.067  1609 18978 D AHAL: AudioVoice: VoiceSetParameters: 479: Exit ret: 0
12-08 16:10:18.067  2551  2818 D SurfaceComposerClient: setCornerRadius ***REMOVED******REMOVED*** 90de50f com.sec.android.app.launcher/com.android.quickstep.RecentsActivity***REMOVED***146422 cornerRadius=0.000000
12-08 16:10:18.067  1609 18978 D AHAL: hfp: hfp_set_parameters: 444: enter
12-08 16:10:18.067  1609 18978 D AHAL: AudioDevice: SetParameters: 1945:  - screen = on
12-08 16:10:18.067  1609 18978 I PAL: ResourceManager: setParameter: 10683: Screen State:1
12-08 16:10:18.067  1609 18978 D AHAL: AudioDevice: SetParameters: 2798: exit: screen_state=on
12-08 16:10:18.068  2551  4072 D AS.DesktopModeHelper: onDisplayChanged: ***REMOVED***Id=0
12-08 16:10:18.069  1737  1737 I SurfaceFlinger: [com.sec.android.app.launcher/com.android.quickstep.RecentsActivity$_16866***REMOVED***215910] setFrameRateCategory: HighHint
12-08 16:10:18.070  5056 15347 E pageboostd: comexampleobjecta, amt 53248 scnt 2 fcnt 12
12-08 16:10:18.070  5056 15347 E pageboostd: alp end : app comexampleobjecta data_amount 5148672
12-08 16:10:18.070  4309  4309 D DisplayLifecycle: updateDisplay id = 0
12-08 16:10:18.071 16866 16248 I HoneySpace.RefreshRateSource: singleFrameMs 16
12-08 16:10:18.071  4309  4429 D StackScroller: onDisplayChanged for predraw skip to 2
12-08 16:10:18.071  2551  7032 D WifiDisplayAdapter: isFitToActiveDisplayLocked : false
12-08 16:10:18.082  1737  3937 I VSyncReactor: Current= 60, Period= 60, Distance= 0
12-08 16:10:18.091 15348 15348 I example.objecta: Late-enabling -Xcheck:jni
12-08 16:10:18.099  1737  3869 I VSyncReactor: Current= 60, Period= 60, Distance= 60
12-08 16:10:18.110  2551  3873 D InputReader: Btn_touch(5): value=0 when=602237.991029
12-08 16:10:18.112  2551  3873 I InputReader: Touch event's action is 0x1 (id=6, t=0) [pCnt=1, s=] when=602237.991029
12-08 16:10:18.113  2551  2551 D InputDispatcher: Inject motion (0/0): action=0x1, time=602237991029000, f=0x0, d=0 dsdx=1.000000 dtdx=0.000000
12-08 16:10:18.113  2551  3872 I InputDispatcher: Delivering touch to (16866): action: 0x1, f=0x0, d=0, '90de50f', t=1 
12-08 16:10:18.113 16866 16866 I VRI[RecentsActivity]@1c0609: ViewPostIme pointer 1
12-08 16:10:18.114 16866 16866 I HoneySpace.SuggestedAppsAdapter: suggestedAppsItem click : 1
12-08 16:10:18.117  1737  2060 I CompositionEngine: [setDisplaySize] size=(434, 42)
12-08 16:10:18.119 16866 16866 I HoneySpace.ShellTransitionManager: startShellTransition com.honeyspace.sdk.transition.ShellTransition$Info@d537334, forceStart: false
12-08 16:10:18.119 16866 16866 I HoneySpace.ShellAnimationRunner: setDelegate, delegate-com.honeyspace.transition.delegate.AppLaunchAnimationDelegate@7da155d, strong-false
12-08 16:10:18.119 16866 25194 I HoneySpace.FloatingAnimator: playerCount : 1
12-08 16:10:18.120 16866 25194 I HoneySpace.FloatingAnimator: [Player:A(18.119)] create
12-08 16:10:18.120 16866 16866 I HoneySpace.ShellTransitionManager: open start
12-08 16:10:18.120 16866 25194 I HoneySpace.TransitionUtils: getWindowTargetBounds: Rect(0, 0 - 1080, 2340)
12-08 16:10:18.120 16866 25194 I HoneySpace.FloatingAnimator: [Player:A(18.119)] setup. isLandscape:false, isTranslucent:false, screenSize[1080, 2340], isMultiTargets:false, useCurrentDrawable:false
12-08 16:10:18.120 16866 25194 I HoneySpace.FloatingAnimator: remote targets are empty
12-08 16:10:18.120  2551  7032 D ActivityTaskManager: startActivityAsUser: callingPid=16866, callingUid=10158, caller=com.android.server.wm.ActivityTaskManagerService.startActivityAsUser:1 android.app.IActivityTaskManager$Stub.onTransact:1549 com.android.server.wm.ActivityTaskManagerService.onTransact:1 android.os.Binder.execTransactInternal:1457 android.os.Binder.execTransact:1401 <bottom of call stack> <bottom of call stack> 
12-08 16:10:18.120 16866 25194 I HoneySpace.AppLaunchAnimationDelegate: preload Player timer start! com.honeyspace.transition.anim.floating.FloatingAnimator$Player@c02cba3
12-08 16:10:18.121  2551  7032 I Pageboost: onAppLaunch : com.example.objecta
12-08 16:10:18.122  2551  7032 D ActivityTaskManager: DesktopModeLaunchParamsModifier: task=null activity=null task null, skipping
12-08 16:10:18.122  2551  7032 D ActivityTaskManager: TaskLaunchParamsModifier:task=null activity=null display-from-option=0 display-id=0 task-display-area-windowing-mode=1 suggested-display-area=DefaultTaskDisplayArea_d0@66295020
12-08 16:10:18.122 16866 28778 I AppIconSolution: getThemeIconWithBG called with public API, pkg = com.example.objecta, mode = 48
12-08 16:10:18.122 16866 28778 I AppIconSolution: return adaptive icon for com.example.objecta, isNight = true
12-08 16:10:18.122  2551  7032 W OptProp : Cannot read opt property android.window.PROPERTY_COMPAT_ALLOW_RESIZEABLE_ACTIVITY_OVERRIDES
12-08 16:10:18.122 15348 15348 I example.objecta: Using CollectorTypeCMC GC.
12-08 16:10:18.122 16866 28778 I LauncherActivityInfo: packageName: com.example.objecta, useThemeIcon: false, height: 202, width: 202, density: 640
12-08 16:10:18.122  2551  7032 W OptProp : Cannot read opt property android.window.PROPERTY_COMPAT_ALLOW_MIN_ASPECT_RATIO_OVERRIDE
12-08 16:10:18.122  2551  7032 D WindowManager: Transition is created, t=TransitionRecord{2999db5 id=-1 type=OPEN flags=0x0}, caller=com.android.server.wm.Transition.<init>:182 com.android.server.wm.TransitionController.createAndStartCollecting:106 com.android.server.wm.ActivityStarter.executeRequest:3606 com.android.server.wm.ActivityStarter.execute:1752 com.android.server.wm.ActivityTaskManagerService.startActivityAsUser:95 
12-08 16:10:18.122  2551  7032 D BLASTSyncEngine: SyncGroup is created, id=16073, name=Transition-OPEN, caller=com.android.server.wm.BLASTSyncEngine$SyncGroup.<init>:52 com.android.server.wm.TransitionController.moveToCollecting:79 com.android.server.wm.TransitionController.createAndStartCollecting:109 com.android.server.wm.ActivityStarter.executeRequest:3606 com.android.server.wm.ActivityStarter.execute:1752 com.android.server.wm.ActivityTaskManagerService.startActivityAsUser:95 com.android.server.wm.ActivityTaskManagerService.startActivityAsUser:1 
