--------- beginning of main
12-08 16:10:08.837  2551  3888 D SemInputMotionEventDispatcher: registerMotionEventListener: already registered: com.samsung.android.hardware.secinputdev.taas.ExternalApi$5@970a39f
12-08 16:10:08.956  1726  1747 E HeatmapThread: ECT Thread time in milliseconds: 1765206608
12-08 16:10:08.961  1726  1747 D HeatmapThread: !@ batteryplugType : 2
12-08 16:10:08.961  1726  1747 D HeatmapThread: !@ batteryLevel : 58  batteryTemperature : 317 
12-08 16:10:08.962  1726  1747 D HeatmapThread: !@ Heatmap currtime: 29420110
12-08 16:10:08.962  1726  1747 D HeatmapThread: !@ Heatmap prevtime: 29420090
12-08 16:10:08.962  1726  1747 D HeatmapThread: !@ Heatmap plugstarttime: 29420089
12-08 16:10:08.962  1726  1747 D HeatmapThread: !@ Heatmap prevv_dsoh_update_time: 29418436
12-08 16:10:08.962  1726  1747 E HeatmapThread: !@ CAM New BSOH: 100
12-08 16:10:09.038 18574 18574 I System.out: ï¿½PAï¿½é‚—ï¿½\^R0^ï¿½ï¿½,*ï¿½POï¿½Â¡ï¿½ï¿½n9ï¿½ï¿½?ï¿½ï¿½gOmÀ€ï¿½yï¿½?xï¿½ï¿½ï¿½À€À€À€À€ï¿½ï¿½À€À€À€ Oï¿½À€À€À€À€ï¿½À€À€À€ Oï¿½À€À€À€À€ï¿½À€À€À€ Oï¿½À€À€À€À€ï¿½À€À€À€ Oï¿½À€À€À€À€ï¿½À€À€À€ Oï¿½À€À€À€À€ï¿½À€À€À€ Oï¿½À€À€À€À€ï¿½À€À€À€ Oï¿½À€À€À€À€ï¿½À€À€À€ Oï¿½À€À€À€À€À€À€À€À€À€À€À€À€À€À€À€À€À€À€À€À€À€À€À€À€À€À€À€À€À€À€À€À€À€À€À€À€À€À€À€À€À€À€À€À€À€À€À€À€À€À€À€À€À€À€À€À€À€À€À€À€À€À€À€À€À€À€À€À€À€À€À€À€À€À€À€À€À€À€À€À€À€À€À€À€À€À€À€À€À€À€À€À€À€À€À€À€À€À€À€À€À€À€À€À€À€À€À€À€À€À€À€À€À€À€À€À€À€À€À€À€À€À€À€À€À€À€À€À€À€À€À€À€À€À€À€À€À€À€À€À€À€À€À€À€À€À€À€À€À€À€À€À€À€À€À€À€À€À€À€À€À€À€À€À€À€À€À€À€À€À€À€À€À€À€À€À€À€À€À€À€À€À€À€À€À€À€À€À€À€À€À€À€À€À€À€À€À€À€À€À€À€À€À€À€À€À€À€À€À€À€À€À€À€À€À€À€À€À€À€À€À€À€À€À€À€À€À€À€À€À€À€À€À€À€À€À€À€À€À€À€À€À€À€À€À€À€À€À€À€À€À€À€À€À€À€À€À€À€À€À€À€À€À€À€À€À€À€À€À€À€À€À€À€À€À€À€À€À€À€À€ï¿½ï¿½$"ï¿½ï¿½À€À€À€À€IENDï¿½B`ï¿½ï¿½PNG
12-08 16:10:09.039 18574 18574 I System.out: 
12-08 16:10:09.056 18574 18574 I System.out: À€À€À€IHDRÀ€À€8À€À€À€TÀ€À€À€giï¿½ï¿½À€À€À€sRGBÀ€ï¿½ï¿½ï¿½À€À€À€sBIT|dï¿½À€À€ï¿½IDATxï¿½ï¿½ï¿½1
12-08 16:10:09.063  4520  5553 D SatelliteController: isInCarrierRoamingNbIotNtn: satellite is disabled
12-08 16:10:09.067  5085  5085 I EPDG -- SIM1 [SMARTCELLULAR]: onSignalStrengthsChanged: SignalStrength:{mCdma=Invalid,mGsm=Invalid,mWcdma=Invalid,mTdscdma=Invalid,mLte=CellSignalStrengthLte: rssi=-73 rsrp=-108 rsrq=-13 rssnr=-2 cqiTableIndex=2147483647 cqi=2147483647 ta=2147483647 level=3 parametersUseForLevel=0,mNr=Invalid,SignalBarInfo{ lteLevel=2 },rat=14,primary=CellSignalStrengthLte}
12-08 16:10:09.068  5085  6456 I EPDG -- SIM1 [SMARTCELLULAR]: lastLteRSRP is -106 currentLteRSRP is -108 lastLteRSRQ is -11 currentLteRSRQ is -13 lastLteSNR is -1 currentLteSNR is -2
12-08 16:10:09.083  1737  2060 I CompositionEngine: [setDisplaySize] size=(434, 42)
12-08 16:10:09.138  1614  5726 I vendor.qti.bluetooth@1.1-ibs_handler: ProcessIbsCmd: Received IBS_WAKE_IND: 0xFD
12-08 16:10:09.139  1614  5726 D vendor.qti.bluetooth@1.1-ibs_handler: SerialClockVote: vote for UART CLK ON
12-08 16:10:09.139  1614  5726 D vendor.qti.bluetooth@1.1-wake_lock: Acquire wakelock is acquired 
12-08 16:10:09.140  1614  5726 I vendor.qti.bluetooth@1.1-ibs_handler: ProcessIbsCmd: Writing IBS_WAKE_ACK
12-08 16:10:09.150  4553  5740 I ScanController: onScanResult to scannerId: 11- eventType=0x10, addressType=0, address=XX:XX:XX:XX:12:AB, primaryPhy=1, secondaryPhy=0, advertisingSid=0xff, txPower=127, rssi=-68, periodicAdvInt=0x0
12-08 16:10:09.155  7791 10162 I [+0100]oneconnect[1.8.37.23_01][CORE]: DataConvert.parseBleVd - deviceBle : |name:|deviceType:TV|discoverType:_BLE|services:None|connected:false[TvStatusString]POWER_OFF[TvStatus]-128[TvService]110[TvMirrorChannel]1[TvRegisteredDB][50, 58, -21, -20, -38, 104][TvYear]2016[TvOcfInfo]0[TvAcmStatus]0[ExTvStatus]0[ExtendedStatus]-1[ModuloSn]-1
12-08 16:10:09.157  4553  5740 I ScanController: onScanResult to scannerId: 11- eventType=0x10, addressType=0, address=XX:XX:XX:XX:31:D1, primaryPhy=1, secondaryPhy=0, advertisingSid=0xff, txPower=127, rssi=-90, periodicAdvInt=0x0
12-08 16:10:09.160  7791 10162 I [+0100]oneconnect[1.8.37.23_01][CORE]: DataConvert.parseBleVd - deviceBle : |name:|deviceType:TV|discoverType:_BLE|services:None|connected:false[TvStatusString]POWER_OFF[TvStatus]-128[TvService]96[TvMirrorChannel]1[TvRegisteredDB][0, 0, 0, 0, 0, 0][TvYear]2016[TvOcfInfo]0[TvAcmStatus]0[ExTvStatus]0[ExtendedStatus]-1[ModuloSn]-1
12-08 16:10:09.171  5085  5085 I EPDG -- SIM1 [SMARTWIFI]: isProfiling, hash=204674016, started=true
12-08 16:10:09.171  2551  5776 D SemWifiUsabilityStatsMonitor: onWifiUsabilityStats - seqNum 64216, isSameBssidAndFreq true
12-08 16:10:09.171  5085  5085 I EPDG -- SIM1 [SMARTWIFI]: isProfiling, hash=204674016, started=true
12-08 16:10:09.172  2551  4141 D InsDataManager: onOutageCountUpdate() - Outage Data: 0, LQ : N. Outage Triggered: false
12-08 16:10:09.172  2551  4141 D InsDataManager: Trying to save initial normal data.
12-08 16:10:09.173  2551  4141 D SensorCollector: syncMappedBuffers: 0, 351, 0
12-08 16:10:09.173  2551  4141 D InsDataManager: trimBuffers start.
12-08 16:10:09.173  2551  4141 D InsDataManager: trimBuffers - nsmBuffer size: 20
12-08 16:10:09.173  2551  4141 D InsDataManager: Too short for collecting additional normal data
12-08 16:10:09.173  2551  4141 D SemInsManager: {"bssid": "e3a08eaf5180","rssi": -48.0,"latency": 0.0,"outage_count": 0,"lq_callback_triggered": false,"outage_log": "Unreliable statistics: -48.0 / 4 / 482 / 91 / 1 || e3a08eaf5180: 0.000 / 0.000 / @ || A N / 0 0 / N 2.0 / N X 2 / 602229051 0 || 2025-12-08 16:10:08  / 0: 0 0 0 0 0 0 / 0: 0 0 0 0 0 0 / 0: 0 0 0 0 0 0""Magnetic Sensor Events size": "0""Pressure Sensor Events size": "0"}
12-08 16:10:09.173  5085  5085 I EPDG -- SIM1 [SMARTWIFI]: Rssi : -48 highrange : -76 lowrange : -82 mIsRssiInHystersis : false
12-08 16:10:09.173  5085  5085 I EPDG -- SIM1 [SMARTWIFI]: Rssi : -48 highrange : -76 lowrange : -82 mIsRssiInHystersis : false
12-08 16:10:09.173  5085  5085 I EPDG -- SIM1 [SMARTWIFI]: getHandoverThresholdMet: value is: false
--------- beginning of system
12-08 16:10:09.181  2551  4158 D SGM:GameManager: identifyGamePackage. com.teslacoilsw.launcher, mCurrentUserId: 0, callingMethodInfo: com.samsung.android.game.SemGameManager.isGamePackage(SemGameManager.java:106)
12-08 16:10:09.182  2551  4158 D SGM:SemGameManager: isGamePackage(), pkgName=com.teslacoilsw.launcher, ret=false
12-08 16:10:09.190  1614  5726 I vendor.qti.bluetooth@1.1-ibs_handler: ProcessIbsCmd: Received IBS_SLEEP_IND: 0xFE
12-08 16:10:09.191  1614  5726 D vendor.qti.bluetooth@1.1-ibs_handler: SerialClockVote: vote for UART CLK OFF
12-08 16:10:09.196  1621 13140 I sensors-hal: handle_sns_client_event:375, [0][4837] accel_sample [ 0.005,  0.842,  9.772] 1144514621268469
12-08 16:10:09.341  1614  5455 D vendor.qti.bluetooth@1.1-wake_lock: Release wakelock is released 
12-08 16:10:09.580 18574 18574 I System.out: ï¿½PAï¿½é‚—ï¿½\^R0^ï¿½ï¿½,*ï¿½POï¿½Â¡ï¿½ï¿½n9ï¿½ï¿½?ï¿½ï¿½gOmÀ€ï¿½yï¿½?xï¿½ï¿½ï¿½À€À€À€À€ï¿½ï¿½À€À€À€ Oï¿½À€À€À€À€ï¿½À€À€À€ Oï¿½À€À€À€À€ï¿½À€À€À€ Oï¿½À€À€À€À€ï¿½À€À€À€ Oï¿½À€À€À€À€ï¿½À€À€À€ Oï¿½À€À€À€À€ï¿½À€À€À€ Oï¿½À€À€À€À€ï¿½À€À€À€ Oï¿½À€À€À€À€ï¿½À€À€À€ Oï¿½À€À€À€À€À€À€À€À€À€À€À€À€À€À€À€À€À€À€À€À€À€À€À€À€À€À€À€À€À€À€À€À€À€À€À€À€À€À€À€À€À€À€À€À€À€À€À€À€À€À€À€À€À€À€À€À€À€À€À€À€À€À€À€À€À€À€À€À€À€À€À€À€À€À€À€À€À€À€À€À€À€À€À€À€À€À€À€À€À€À€À€À€À€À€À€À€À€À€À€À€À€À€À€À€À€À€À€À€À€À€À€À€À€À€À€À€À€À€À€À€À€À€À€À€À€À€À€À€À€À€À€À€À€À€À€À€À€À€À€À€À€À€À€À€À€À€À€À€À€À€À€À€À€À€À€À€À€À€À€À€À€À€À€À€À€À€À€À€À€À€À€À€À€À€À€À€À€À€À€À€À€À€À€À€À€À€À€À€À€À€À€À€À€À€À€À€À€À€À€À€À€À€À€À€À€À€À€À€À€À€À€À€À€À€À€À€À€À€À€À€À€À€À€À€À€À€À€À€À€À€À€À€À€À€À€À€À€À€À€À€À€À€À€À€À€À€À€À€À€À€À€À€À€À€À€À€À€À€À€À€À€À€À€À€À€À€À€À€À€À€À€À€À€À€À€À€À€À€À€À€ï¿½ï¿½$"ï¿½ï¿½À€À€À€À€IENDï¿½B`ï¿½ï¿½PNG
12-08 16:10:09.580 18574 18574 I System.out: 
12-08 16:10:09.603 18574 18574 I System.out: À€À€À€IHDRÀ€À€8À€À€À€TÀ€À€À€giï¿½ï¿½À€À€À€sRGBÀ€ï¿½ï¿½ï¿½À€À€À€sBIT|dï¿½À€À€ï¿½IDATxï¿½ï¿½ï¿½1
12-08 16:10:09.613  2551  2856 I ActivityManager: Changes in 10404 5 to 15, 144 to 0
12-08 16:10:09.621  1737  2060 I CompositionEngine: [setDisplaySize] size=(434, 42)
12-08 16:10:09.700  2551  4918 I NSLocationMonitor: getGPSUsingApps() called
12-08 16:10:09.700  4937  5015 I NSLocationManager_FLP: getGPSUsingApps, No change
12-08 16:10:09.716  2551  4918 D FreecessController: FZ : com.ss.squarehome2(10527) [14085] reason: Bg [cached:X
12-08 16:10:09.716  2551  4918 D FreecessHandler: freeze com.ss.squarehome2(10527) result : 0
12-08 16:10:09.717  2551  4918 W LocationManagerService: onFreezeStateChanged, uid[10527]=true
12-08 16:10:09.717  2551  4918 I PowerManagerService: [PWL] SetWakeLockEnableDisable uid = 10527 , disable= true
12-08 16:10:09.718  2551  4918 I PowerManagerService: [PWL] can not change uid =  10527
12-08 16:10:09.765  7088  8592 I SDHMS:x : SIOP:: AP:394 BAT:317 USB:288 CHG:396 PA:390 WIFI:376 CF:342 BLK:0 SUBBAT:0 LRPTHM:335 SKIN:352 SKINF:334 SKINB:352 LRP2:352 LRF2:334 LRB2:352 AP2:352 CHG2:344 WIFI2:352 RCV2:320 SPK2:291 FCAM:287 UPSPK:327 DNSPK:286 VAP02:412 VWIFI:351 AMB2:238 AVGCUR:211 AVGSYS:915 POWER:830
12-08 16:10:09.768  7088  7360 I M0      : limitCPUFreq:: freq = 2630400
12-08 16:10:09.769  7088  7360 I SemDvfsHyPerManager: acquire hyper - SIOP_ARM_MAX/7088@3, type = 301993986
12-08 16:10:09.770  1629  1662 I HYPER-HAL: [RequestManager.cpp]acquire(): Acquired ID : 25144689  [7088 / 3]    HINT :      list : [CPUMaxFreq / 2630400] 
12-08 16:10:09.875  2551  4137 I SemWifiServiceDetector: Service det. resumed: T / T / 32430
12-08 16:10:09.957  1726  1747 E HeatmapThread: ECT Thread time in milliseconds: 1765206609
12-08 16:10:09.962  1726  1747 D HeatmapThread: !@ batteryplugType : 2
12-08 16:10:09.962  1726  1747 D HeatmapThread: !@ batteryLevel : 58  batteryTemperature : 317 
12-08 16:10:09.962  1726  1747 D HeatmapThread: !@ Heatmap currtime: 29420110
12-08 16:10:09.962  1726  1747 D HeatmapThread: !@ Heatmap prevtime: 29420090
12-08 16:10:09.962  1726  1747 D HeatmapThread: !@ Heatmap plugstarttime: 29420089
12-08 16:10:09.963  1726  1747 D HeatmapThread: !@ Heatmap prevv_dsoh_update_time: 29418436
12-08 16:10:09.963  1726  1747 E HeatmapThread: !@ CAM New BSOH: 100
12-08 16:10:10.120 18574 18574 I System.out: ï¿½PAï¿½é‚—ï¿½\^R0^ï¿½ï¿½,*ï¿½POï¿½Â¡ï¿½ï¿½n9ï¿½ï¿½?ï¿½ï¿½gOmÀ€ï¿½yï¿½?xï¿½ï¿½ï¿½À€À€À€À€ï¿½ï¿½À€À€À€ Oï¿½À€À€À€À€ï¿½À€À€À€ Oï¿½À€À€À€À€ï¿½À€À€À€ Oï¿½À€À€À€À€ï¿½À€À€À€ Oï¿½À€À€À€À€ï¿½À€À€À€ Oï¿½À€À€À€À€ï¿½À€À€À€ Oï¿½À€À€À€À€ï¿½À€À€À€ Oï¿½À€À€À€À€ï¿½À€À€À€ Oï¿½À€À€À€À€À€À€À€À€À€À€À€À€À€À€À€À€À€À€À€À€À€À€À€À€À€À€À€À€À€À€À€À€À€À€À€À€À€À€À€À€À€À€À€À€À€À€À€À€À€À€À€À€À€À€À€À€À€À€À€À€À€À€À€À€À€À€À€À€À€À€À€À€À€À€À€À€À€À€À€À€À€À€À€À€À€À€À€À€À€À€À€À€À€À€À€À€À€À€À€À€À€À€À€À€À€À€À€À€À€À€À€À€À€À€À€À€À€À€À€À€À€À€À€À€À€À€À€À€À€À€À€À€À€À€À€À€À€À€À€À€À€À€À€À€À€À€À€À€À€À€À€À€À€À€À€À€À€À€À€À€À€À€À€À€À€À€À€À€À€À€À€À€À€À€À€À€À€À€À€À€À€À€À€À€À€À€À€À€À€À€À€À€À€À€À€À€À€À€À€À€À€À€À€À€À€À€À€À€À€À€À€À€À€À€À€À€À€À€À€À€À€À€À€À€À€À€À€À€À€À€À€À€À€À€À€À€À€À€À€À€À€À€À€À€À€À€À€À€À€À€À€À€À€À€À€À€À€À€À€À€À€À€À€À€À€À€À€À€À€À€À€À€À€À€À€À€À€À€À€À€ï¿½ï¿½$"ï¿½ï¿½À€À€À€À€IENDï¿½B`ï¿½ï¿½PNG
12-08 16:10:10.120 18574 18574 I System.out: 
12-08 16:10:10.138 18574 18574 I System.out: À€À€À€IHDRÀ€À€8À€À€À€TÀ€À€À€giï¿½ï¿½À€À€À€sRGBÀ€ï¿½ï¿½ï¿½À€À€À€sBIT|dï¿½À€À€ï¿½IDATxï¿½ï¿½ï¿½1
12-08 16:10:10.171  1737  2060 I CompositionEngine: [setDisplaySize] size=(434, 42)
12-08 16:10:10.176  1166  1166 D io_stats: !@   8,0 r 467141780 9793259884 w 54669541 705404140 d 6520639 995266932 f 1595548 4092608 iot 51453640 0 th 0 0 0 pt 0 inp 0 0 602230.056
12-08 16:10:10.176  1166  1166 D io_stats: !@ Read_top(KB): .gms.persistent(19768) 6116 putmethod.latin(7183) 4144 cebook.services(7844) 2452
12-08 16:10:10.176  1166  1166 D io_stats: !@ Write_top(KB): sait.sohservice(14841) 64 ilepark.android(25042) 44 se.volvo.vcc(25798) 24
12-08 16:10:10.312  1621 13106 I sensors-hal: handle_sns_std_sensor_event:409, [SSC_LIGHT] P: 27(27),c:169,b:81,m:13,cl:37,l:38,s:10,l0:11072,l1:64,s0:1500,s1:0,acl:1,opr:0.32,f(r):93,u(bl):79,if:0,wi:2,si:0,po:134(N:0)
12-08 16:10:10.313  1621 13140 I sensors-hal: handle_sns_client_event:375, [0][5069] accel_sample [-3.216, -0.495, 14.005] 1144516622042531
12-08 16:10:10.350  1621  4270 I sensors-hal: handle_sns_client_event:159, auto_rotation_event_2 event,0, duration,5217, ts,1144516938308417, ts_diff,616545
12-08 16:10:10.350  1621  4270 I sensors-hal: handle_sns_client_event:164, auto_rotation_debug_2 acc,-0.120,4.714,8.073, ar,0, ver,14, pedo,1,e,1,i,3
12-08 16:10:10.351  2551  2818 D WindowOrientationListener: onSensorChanged device orientation: 0
12-08 16:10:10.352  2551  2818 V WindowManager: Computed rotation=ROTATION_0 (0) for display id=0 based on lastOrientation=SCREEN_ORIENTATION_NOSENSOR (5) and oldRotation=ROTATION_0 (0), caller=com.android.server.wm.WindowManagerService.updateRotationUnchecked:72 com.android.server.wm.DisplayRotation$OrientationListener.onProposedRotationChanged:328 com.android.server.wm.WindowOrientationListener$OrientationSensorJudge.finalizeRotation:26 com.android.server.wm.WindowOrientationListener$OrientationSensorJudge.onSensorChanged:392 android.hardware.SystemSensorManager$SensorEventQueue.dispatchSensorEvent:1142 android.os.MessageQueue.nativePollOnce:-2 
12-08 16:10:10.354  4309  4309 D AppController: AppControlSensorListener.onSensorChanged, Rotation: 0
12-08 16:10:10.471  1621 13106 I sensors-hal: handle_sns_std_sensor_event:409, [SSC_LIGHT] P: 41(41),c:169,b:81,m:13,cl:37,l:41,s:33,l0:11520,l1:64,s0:5000,s1:0,acl:1,opr:0.32,f(r):93,u(bl):79,if:0,wi:2,si:0,po:134(N:0)
12-08 16:10:10.661 18574 18574 I System.out: ï¿½PAï¿½é‚—ï¿½\^R0^ï¿½ï¿½,*ï¿½POï¿½Â¡ï¿½ï¿½n9ï¿½ï¿½?ï¿½ï¿½gOmÀ€ï¿½yï¿½?xï¿½ï¿½ï¿½À€À€À€À€ï¿½ï¿½À€À€À€ Oï¿½À€À€À€À€ï¿½À€À€À€ Oï¿½À€À€À€À€ï¿½À€À€À€ Oï¿½À€À€À€À€ï¿½À€À€À€ Oï¿½À€À€À€À€ï¿½À€À€À€ Oï¿½À€À€À€À€ï¿½À€À€À€ Oï¿½À€À€À€À€ï¿½À€À€À€ Oï¿½À€À€À€À€ï¿½À€À€À€ Oï¿½À€À€À€À€À€À€À€À€À€À€À€À€À€À€À€À€À€À€À€À€À€À€À€À€À€À€À€À€À€À€À€À€À€À€À€À€À€À€À€À€À€À€À€À€À€À€À€À€À€À€À€À€À€À€À€À€À€À€À€À€À€À€À€À€À€À€À€À€À€À€À€À€À€À€À€À€À€À€À€À€À€À€À€À€À€À€À€À€À€À€À€À€À€À€À€À€À€À€À€À€À€À€À€À€À€À€À€À€À€À€À€À€À€À€À€À€À€À€À€À€À€À€À€À€À€À€À€À€À€À€À€À€À€À€À€À€À€À€À€À€À€À€À€À€À€À€À€À€À€À€À€À€À€À€À€À€À€À€À€À€À€À€À€À€À€À€À€À€À€À€À€À€À€À€À€À€À€À€À€À€À€À€À€À€À€À€À€À€À€À€À€À€À€À€À€À€À€À€À€À€À€À€À€À€À€À€À€À€À€À€À€À€À€À€À€À€À€À€À€À€À€À€À€À€À€À€À€À€À€À€À€À€À€À€À€À€À€À€À€À€À€À€À€À€À€À€À€À€À€À€À€À€À€À€À€À€À€À€À€À€À€À€À€À€À€À€À€À€À€À€À€À€À€À€À€À€À€À€À€À€ï¿½ï¿½$"ï¿½ï¿½À€À€À€À€IENDï¿½B`ï¿½ï¿½PNG
12-08 16:10:10.661 18574 18574 I System.out: 
12-08 16:10:10.680 18574 18574 I System.out: À€À€À€IHDRÀ€À€8À€À€À€TÀ€À€À€giï¿½ï¿½À€À€À€sRGBÀ€ï¿½ï¿½ï¿½À€À€À€sBIT|dï¿½À€À€ï¿½IDATxï¿½ï¿½ï¿½1
12-08 16:10:10.712  1737  2060 I CompositionEngine: [setDisplaySize] size=(434, 42)
12-08 16:10:10.872  1614  5726 I vendor.qti.bluetooth@1.1-ibs_handler: ProcessIbsCmd: Received IBS_WAKE_IND: 0xFD
12-08 16:10:10.873  1614  5726 D vendor.qti.bluetooth@1.1-ibs_handler: SerialClockVote: vote for UART CLK ON
12-08 16:10:10.874  1614  5726 D vendor.qti.bluetooth@1.1-wake_lock: Acquire wakelock is acquired 
12-08 16:10:10.874  1614  5726 I vendor.qti.bluetooth@1.1-ibs_handler: ProcessIbsCmd: Writing IBS_WAKE_ACK
12-08 16:10:10.883  4553  5740 I ScanController: onScanResult to scannerId: 11- eventType=0x10, addressType=0, address=XX:XX:XX:XX:12:AB, primaryPhy=1, secondaryPhy=0, advertisingSid=0xff, txPower=127, rssi=-84, periodicAdvInt=0x0
12-08 16:10:10.887  7791 10162 I [+0100]oneconnect[1.8.37.23_01][CORE]: DataConvert.parseBleVd - deviceBle : |name:|deviceType:TV|discoverType:_BLE|services:None|connected:false[TvStatusString]POWER_OFF[TvStatus]-128[TvService]110[TvMirrorChannel]1[TvRegisteredDB][50, 58, -21, -20, -38, 104][TvYear]2016[TvOcfInfo]0[TvAcmStatus]0[ExTvStatus]0[ExtendedStatus]-1[ModuloSn]-1
12-08 16:10:10.910 18574 18574 I System.out: ï¿½PAï¿½é‚—ï¿½\^R0^ï¿½ï¿½,*ï¿½POï¿½Â¡ï¿½ï¿½n9ï¿½ï¿½?ï¿½ï¿½gOmÀ€ï¿½yï¿½?xï¿½ï¿½ï¿½À€À€À€À€ï¿½ï¿½À€À€À€ Oï¿½À€À€À€À€ï¿½À€À€À€ Oï¿½À€À€À€À€ï¿½À€À€À€ Oï¿½À€À€À€À€ï¿½À€À€À€ Oï¿½À€À€À€À€ï¿½À€À€À€ Oï¿½À€À€À€À€ï¿½À€À€À€ Oï¿½À€À€À€À€ï¿½À€À€À€ Oï¿½À€À€À€À€ï¿½À€À€À€ Oï¿½À€À€À€À€À€À€À€À€À€À€À€À€À€À€À€À€À€À€À€À€À€À€À€À€À€À€À€À€À€À€À€À€À€À€À€À€À€À€À€À€À€À€À€À€À€À€À€À€À€À€À€À€À€À€À€À€À€À€À€À€À€À€À€À€À€À€À€À€À€À€À€À€À€À€À€À€À€À€À€À€À€À€À€À€À€À€À€À€À€À€À€À€À€À€À€À€À€À€À€À€À€À€À€À€À€À€À€À€À€À€À€À€À€À€À€À€À€À€À€À€À€À€À€À€À€À€À€À€À€À€À€À€À€À€À€À€À€À€À€À€À€À€À€À€À€À€À€À€À€À€À€À€À€À€À€À€À€À€À€À€À€À€À€À€À€À€À€À€À€À€À€À€À€À€À€À€À€À€À€À€À€À€À€À€À€À€À€À€À€À€À€À€À€À€À€À€À€À€À€À€À€À€À€À€À€À€À€À€À€À€À€À€À€À€À€À€À€À€À€À€À€À€À€À€À€À€À€À€À€À€À€À€À€À€À€À€À€À€À€À€À€À€À€À€À€À€À€À€À€À€À€À€À€À€À€À€À€À€À€À€À€À€À€À€À€À€À€À€À€À€À€À€À€À€À€À€À€À€À€À€ï¿½ï¿½$"ï¿½ï¿½À€À€À€À€IENDï¿½B`ï¿½ï¿½PNG
12-08 16:10:10.910 18574 18574 I System.out: 
12-08 16:10:10.925  1614  5726 I vendor.qti.bluetooth@1.1-ibs_handler: ProcessIbsCmd: Received IBS_SLEEP_IND: 0xFE
12-08 16:10:10.925  1614  5726 D vendor.qti.bluetooth@1.1-ibs_handler: SerialClockVote: vote for UART CLK OFF
12-08 16:10:10.933 18574 18574 I System.out: À€À€À€IHDRÀ€À€8À€À€À€TÀ€À€À€giï¿½ï¿½À€À€À€sRGBÀ€ï¿½ï¿½ï¿½À€À€À€sBIT|dï¿½À€À€ï¿½IDATxï¿½ï¿½ï¿½1
12-08 16:10:10.950 18574 18574 I System.out: ï¿½À€Dï¿½oÚ€ï¿½ï¿½\ï¿½d u<BTï¿½ï¿½`ï¿½ï¿½bï¿½ï¿½Ì¬ï¿½ï¿½;ï¿½ï¿½ï¿½ï¿½ï¿½À€À€À€ï¿½ï¿½ï¿½ï¿½ï¿½ï¿½ï¿½3À€À€À€À€w8À€À€À€ï¿½<ï¿½À€À€À€ï¿½8À€À€À€ï¿½<ï¿½À€À€À€ï¿½8À€À€À€ï¿½<ï¿½À€À€À€ï¿½8À€À€À€ï¿½<ï¿½À€À€À€ï¿½8À€À€À€ï¿½<ï¿½À€À€À€ï¿½8À€À€À€ï¿½<ï¿½À€À€À€ï¿½8À€À€À€ï¿½<ï¿½À€À€À€ï¿½8À€À€À€ï¿½<ï¿½À€À€À€À€À€À€À€À€À€À€À€À€À€À€À€À€À€À€À€À€À€À€À€À€À€À€À€À€À€À€À€À€À€À€À€À€À€À€À€À€À€À€À€À€À€À€À€À€À€À€À€À€À€À€À€À€À€À€À€À€À€À€À€À€À€À€À€À€À€À€À€À€À€À€À€À€À€À€À€À€À€À€À€À€À€À€À€À€À€À€À€À€À€À€À€À€À€À€À€À€À€À€À€À€À€À€À€À€À€À€À€À€À€À€À€À€À€À€À€À€À€À€À€À€À€À€À€À€À€À€À€À€À€À€À€À€À€À€À€À€À€À€À€À€À€À€À€À€À€À€À€À€À€À€À€À€À€À€À€À€À€À€À€À€À€À€À€À€À€À€À€À€À€À€À€À€À€À€À€À€À€À€À€À€À€À€À€À€À€À€À€À€À€À€À€À€À€À€À€À€À€À€À€À€À€À€À€À€À€À€À€À€À€À€À€À€À€À€À€À€À€À€À€À€À€À€À€À€À€À€À€À€À€À€À€À€À€À€À€À€À€À€À€À€À€À€À€À€À€À€À€À€À€À€À€À€À€À€À€À€À€À€À€À€À€À€À€À€À€À€À€À€À€À€À€À€À€À€À€ï¿½vï¿½$;Zï¿½@À€À€À€À€IENDï¿½B`ï¿½ï¿½PNG
12-08 16:10:10.950 18574 18574 I System.out: 
12-08 16:10:10.956  1726  1747 E HeatmapThread: ECT Thread time in milliseconds: 1765206610
12-08 16:10:10.956  1737  2060 I CompositionEngine: [setDisplaySize] size=(434, 42)
12-08 16:10:10.960  1726  1747 D HeatmapThread: !@ batteryplugType : 2
12-08 16:10:10.960  1726  1747 D HeatmapThread: !@ batteryLevel : 58  batteryTemperature : 317 
12-08 16:10:10.961  1726  1747 D HeatmapThread: !@ Heatmap currtime: 29420110
12-08 16:10:10.961  1726  1747 D HeatmapThread: !@ Heatmap prevtime: 29420090
12-08 16:10:10.961  1726  1747 D HeatmapThread: !@ Heatmap plugstarttime: 29420089
12-08 16:10:10.961  1726  1747 D HeatmapThread: !@ Heatmap prevv_dsoh_update_time: 29418436
12-08 16:10:10.961  1726  1747 E HeatmapThread: !@ CAM New BSOH: 100
12-08 16:10:10.969 18574 18574 I System.out: À€À€À€IHDRÀ€À€8À€À€À€TÀ€À€À€giï¿½ï¿½À€À€À€sRGBÀ€ï¿½ï¿½ï¿½À€À€À€sBIT|dï¿½À€À€ï¿½IDATxï¿½ï¿½ï¿½1
12-08 16:10:10.985  1614  5726 I vendor.qti.bluetooth@1.1-ibs_handler: ProcessIbsCmd: Received IBS_WAKE_IND: 0xFD
12-08 16:10:10.985  1614  5726 D vendor.qti.bluetooth@1.1-ibs_handler: SerialClockVote: vote for UART CLK ON
12-08 16:10:10.985  1614  5726 I vendor.qti.bluetooth@1.1-ibs_handler: ProcessIbsCmd: Writing IBS_WAKE_ACK
12-08 16:10:10.989  4553  5740 I ScanController: onScanResult to scannerId: 11- eventType=0x10, addressType=0, address=XX:XX:XX:XX:12:AB, primaryPhy=1, secondaryPhy=0, advertisingSid=0xff, txPower=127, rssi=-83, periodicAdvInt=0x0
12-08 16:10:10.993  7791 10162 I [+0100]oneconnect[1.8.37.23_01][CORE]: DataConvert.parseBleVd - deviceBle : |name:|deviceType:TV|discoverType:_BLE|services:None|connected:false[TvStatusString]POWER_OFF[TvStatus]-128[TvService]110[TvMirrorChannel]1[TvRegisteredDB][50, 58, -21, -20, -38, 104][TvYear]2016[TvOcfInfo]0[TvAcmStatus]0[ExTvStatus]0[ExtendedStatus]-1[ModuloSn]-1
12-08 16:10:10.995 18574 18574 I System.out: ï¿½PÀ€Aï¿½@.ï¿½sï¿½Bjmï¿½ï¿½	(,ï¿½Ô¯xï¿½ï¿½ï¿½ï¿½ï¿½ï¿½ï¿½eï¿½ï¿½ï¿½ï¿½ï¿½-À€À€À€ï¿½/ï¿½iï¿½ï¿½ï¿½À€À€À€À€ï¿½Cï¿½À€À€À€À€ï¿½À€À€À€ Oï¿½À€À€À€À€ï¿½À€À€À€ Oï¿½À€À€À€À€ï¿½À€À€À€ Oï¿½À€À€À€À€ï¿½À€À€À€ Oï¿½À€À€À€À€ï¿½À€À€À€ Oï¿½À€À€À€À€ï¿½À€À€À€ Oï¿½À€À€À€À€ï¿½À€À€À€ Oï¿½À€À€À€À€ï¿½À€À€À€À€À€À€À€À€À€À€À€À€À€À€À€À€À€À€À€À€À€À€À€À€À€À€À€À€À€À€À€À€À€À€À€À€À€À€À€À€À€À€À€À€À€À€À€À€À€À€À€À€À€À€À€À€À€À€À€À€À€À€À€À€À€À€À€À€À€À€À€À€À€À€À€À€À€À€À€À€À€À€À€À€À€À€À€À€À€À€À€À€À€À€À€À€À€À€À€À€À€À€À€À€À€À€À€À€À€À€À€À€À€À€À€À€À€À€À€À€À€À€À€À€À€À€À€À€À€À€À€À€À€À€À€À€À€À€À€À€À€À€À€À€À€À€À€À€À€À€À€À€À€À€À€À€À€À€À€À€À€À€À€À€À€À€À€À€À€À€À€À€À€À€À€À€À€À€À€À€À€À€À€À€À€À€À€À€À€À€À€À€À€À€À€À€À€À€À€À€À€À€À€À€À€À€À€À€À€À€À€À€À€À€À€À€À€À€À€À€À€À€À€À€À€À€À€À€À€À€À€À€À€À€À€À€À€À€À€À€À€À€À€À€À€À€À€À€À€À€À€À€À€À€À€À€À€À€À€À€À€À€À€À€À€À€À€À€À€À€À€À€À€À€À€À€À€À€À€À€Nï¿½ï¿½$ï¿½ï¿½WÀ€À€À€À€IENDï¿½B`ï¿½ï¿½PNG
12-08 16:10:10.995 18574 18574 I System.out: 
12-08 16:10:11.005  4553  5740 I ScanController: onScanResult to scannerId: 11- eventType=0x10, addressType=0, address=XX:XX:XX:XX:31:D1, primaryPhy=1, secondaryPhy=0, advertisingSid=0xff, txPower=127, rssi=-87, periodicAdvInt=0x0
12-08 16:10:11.009  7791 10162 I [+0100]oneconnect[1.8.37.23_01][CORE]: DataConvert.parseBleVd - deviceBle : |name:|deviceType:TV|discoverType:_BLE|services:None|connected:false[TvStatusString]POWER_OFF[TvStatus]-128[TvService]96[TvMirrorChannel]1[TvRegisteredDB][0, 0, 0, 0, 0, 0][TvYear]2016[TvOcfInfo]0[TvAcmStatus]0[ExTvStatus]0[ExtendedStatus]-1[ModuloSn]-1
12-08 16:10:11.016 18574 18574 I System.out: À€À€À€IHDRÀ€À€8À€À€À€TÀ€À€À€giï¿½ï¿½À€À€À€sRGBÀ€ï¿½ï¿½ï¿½À€À€À€sBIT|dï¿½À€À€ï¿½IDATxï¿½ï¿½ï¿½1
12-08 16:10:11.035 18574 18574 I System.out: ï¿½@À€Dï¿½][!ï¿½ï¿½\^2ï¿½Ú´vYÞ«ï¿½ï¿½ï¿½ï¿½ï¿½e;^ï¿½ï¿½hï¿½ï¿½ï¿½À€À€À€`Å¯mï¿½ï¿½;À€À€À€À€ï¿½8À€À€À€ï¿½<ï¿½À€À€À€ï¿½8À€À€À€ï¿½<ï¿½À€À€À€ï¿½8À€À€À€ï¿½<ï¿½À€À€À€ï¿½8À€À€À€ï¿½<ï¿½À€À€À€ï¿½8À€À€À€ï¿½<ï¿½À€À€À€ï¿½8À€À€À€ï¿½<ï¿½À€À€À€ï¿½8À€À€À€ï¿½<ï¿½À€À€À€ï¿½8À€À€À€ï¿½<ï¿½À€À€À€À€À€À€À€À€À€À€À€À€À€À€À€À€À€À€À€À€À€À€À€À€À€À€À€À€À€À€À€À€À€À€À€À€À€À€À€À€À€À€À€À€À€À€À€À€À€À€À€À€À€À€À€À€À€À€À€À€À€À€À€À€À€À€À€À€À€À€À€À€À€À€À€À€À€À€À€À€À€À€À€À€À€À€À€À€À€À€À€À€À€À€À€À€À€À€À€À€À€À€À€À€À€À€À€À€À€À€À€À€À€À€À€À€À€À€À€À€À€À€À€À€À€À€À€À€À€À€À€À€À€À€À€À€À€À€À€À€À€À€À€À€À€À€À€À€À€À€À€À€À€À€À€À€À€À€À€À€À€À€À€À€À€À€À€À€À€À€À€À€À€À€À€À€À€À€À€À€À€À€À€À€À€À€À€À€À€À€À€À€À€À€À€À€À€À€À€À€À€À€À€À€À€À€À€À€À€À€À€À€À€À€À€À€À€À€À€À€À€À€À€À€À€À€À€À€À€À€À€À€À€À€À€À€À€À€À€À€À€À€À€À€À€À€À€À€À€À€À€À€À€À€À€À€À€À€À€À€À€À€À€À€À€À€À€À€À€À€À€À€À€À€À€À€À€À€À€ï¿½'ï¿½$=ï¿½ï¿½2À€À€À€À€IENDï¿½B`ï¿½ï¿½PNG
12-08 16:10:11.035 18574 18574 I System.out: 
12-08 16:10:11.044  1614  5726 I vendor.qti.bluetooth@1.1-ibs_handler: ProcessIbsCmd: Received IBS_SLEEP_IND: 0xFE
12-08 16:10:11.044  1614  5726 D vendor.qti.bluetooth@1.1-ibs_handler: SerialClockVote: vote for UART CLK OFF
12-08 16:10:11.055 18574 18574 I System.out: À€À€À€IHDRÀ€À€8À€À€À€TÀ€À€À€giï¿½ï¿½À€À€À€sRGBÀ€ï¿½ï¿½ï¿½À€À€À€sBIT|dï¿½À€À€ï¿½IDATxï¿½ï¿½ï¿½1
12-08 16:10:11.057  1737  2060 I CompositionEngine: [setDisplaySize] size=(434, 42)
12-08 16:10:11.077 18574 18574 I System.out: ï¿½PEAï¿½m ï¿½ÌºÜ¤ï¿½Z{!HÌ”ï¿½Wï¿½ï¿½ï¿½ï¿½ï¿½ï¿½~mï¿½ï¿½'ï¿½cï¿½ï¿½À€À€À€ï¿½ï¿½ï¿½Iï¿½ï¿½ï¿½À€À€À€p/ï¿½À€À€À€ï¿½8À€À€À€ï¿½<ï¿½À€À€À€ï¿½8À€À€À€ï¿½<ï¿½À€À€À€ï¿½8À€À€À€ï¿½<ï¿½À€À€À€ï¿½8À€À€À€ï¿½<ï¿½À€À€À€ï¿½8À€À€À€ï¿½<ï¿½À€À€À€ï¿½8À€À€À€ï¿½<ï¿½À€À€À€ï¿½8À€À€À€ï¿½<ï¿½À€À€À€ï¿½8À€À€À€À€À€À€À€À€À€À€À€À€À€À€À€À€À€À€À€À€À€À€À€À€À€À€À€À€À€À€À€À€À€À€À€À€À€À€À€À€À€À€À€À€À€À€À€À€À€À€À€À€À€À€À€À€À€À€À€À€À€À€À€À€À€À€À€À€À€À€À€À€À€À€À€À€À€À€À€À€À€À€À€À€À€À€À€À€À€À€À€À€À€À€À€À€À€À€À€À€À€À€À€À€À€À€À€À€À€À€À€À€À€À€À€À€À€À€À€À€À€À€À€À€À€À€À€À€À€À€À€À€À€À€À€À€À€À€À€À€À€À€À€À€À€À€À€À€À€À€À€À€À€À€À€À€À€À€À€À€À€À€À€À€À€À€À€À€À€À€À€À€À€À€À€À€À€À€À€À€À€À€À€À€À€À€À€À€À€À€À€À€À€À€À€À€À€À€À€À€À€À€À€À€À€À€À€À€À€À€À€À€À€À€À€À€À€À€À€À€À€À€À€À€À€À€À€À€À€À€À€À€À€À€À€À€À€À€À€À€À€À€À€À€À€À€À€À€À€À€À€À€À€À€À€À€À€À€À€À€À€À€À€À€À€À€À€À€À€À€À€À€À€À€À€À€À€À€À€À€ï¿½ï¿½ï¿½$rï¿½C'À€À€À€À€IENDï¿½B`ï¿½ï¿½PNG
12-08 16:10:11.077 18574 18574 I System.out: 
12-08 16:10:11.093 18574 18574 I System.out: À€À€À€IHDRÀ€À€8À€À€À€TÀ€À€À€giï¿½ï¿½À€À€À€sRGBÀ€ï¿½ï¿½ï¿½À€À€À€sBIT|dï¿½À€À€ï¿½IDATxï¿½ï¿½ï¿½1
12-08 16:10:11.117  1737  1737 D DisplayModeController: setDesiredMode 4630946315032985731 {mode={fps=60.00 Hz, modePtr={id=9, vsyncRate=60.00 Hz, peakRefreshRate=60.00 Hz}}, emitEvent=true, force=false}
12-08 16:10:11.117 18574 18574 I System.out: ï¿½À€EAï¿½ä’ž+ï¿½Rï¿½ï¿½Ì”ï¿½ï¿½~ï¿½2xï¿½ï¿½sï¿½Oï¿½ï¿½kï¿½ï¿½À€À€À€`ï¿½kï¿½ï¿½ï¿½À€À€À€ï¿½À€À€À€ï¿½'pÀ€À€À€À€yÀ€À€À€ï¿½'pÀ€À€À€À€yÀ€À€À€ï¿½'pÀ€À€À€À€yÀ€À€À€ï¿½'pÀ€À€À€À€yÀ€À€À€ï¿½'pÀ€À€À€À€yÀ€À€À€ï¿½'pÀ€À€À€À€yÀ€À€À€ï¿½'pÀ€À€À€À€yÀ€À€À€ï¿½'pÀ€À€À€À€À€À€À€À€À€À€À€À€À€À€À€À€À€À€À€À€À€À€À€À€À€À€À€À€À€À€À€À€À€À€À€À€À€À€À€À€À€À€À€À€À€À€À€À€À€À€À€À€À€À€À€À€À€À€À€À€À€À€À€À€À€À€À€À€À€À€À€À€À€À€À€À€À€À€À€À€À€À€À€À€À€À€À€À€À€À€À€À€À€À€À€À€À€À€À€À€À€À€À€À€À€À€À€À€À€À€À€À€À€À€À€À€À€À€À€À€À€À€À€À€À€À€À€À€À€À€À€À€À€À€À€À€À€À€À€À€À€À€À€À€À€À€À€À€À€À€À€À€À€À€À€À€À€À€À€À€À€À€À€À€À€À€À€À€À€À€À€À€À€À€À€À€À€À€À€À€À€À€À€À€À€À€À€À€À€À€À€À€À€À€À€À€À€À€À€À€À€À€À€À€À€À€À€À€À€À€À€À€À€À€À€À€À€À€À€À€À€À€À€À€À€À€À€À€À€À€À€À€À€À€À€À€À€À€À€À€À€À€À€À€À€À€À€À€À€À€À€À€À€À€À€À€À€À€À€À€À€À€À€À€À€À€À€À€À€À€À€À€À€À€À€À€À€À€À€À€ï¿½ï¿½ï¿½$=ï¿½ï¿½À€À€À€À€IENDï¿½B`ï¿½ï¿½PNG
12-08 16:10:11.117 18574 18574 I System.out: 
12-08 16:10:11.117  1737  1737 I LayerHistory: $_18574***REMOVED***215808 Max (can't resolve refresh rate)
12-08 16:10:11.117  1737  1737 I SurfaceFlinger: HRR ignores $_18574***REMOVED***215808 (type=Max, weight=0.04, seamlessness=Default) 0.00 Hz's 10.00 Hz
12-08 16:10:11.117  1737  1737 I SurfaceFlinger: HRR ignores $_18574***REMOVED***215808 (type=Max, weight=0.04, seamlessness=Default) 0.00 Hz's 20.00 Hz
12-08 16:10:11.117  1737  1737 I SurfaceFlinger: HRR ignores $_18574***REMOVED***215808 (type=Max, weight=0.04, seamlessness=Default) 0.00 Hz's 24.00 Hz
12-08 16:10:11.117  1737  1737 I SurfaceFlinger: HRR ignores $_18574***REMOVED***215808 (type=Max, weight=0.04, seamlessness=Default) 0.00 Hz's 30.00 Hz
12-08 16:10:11.117  1737  1737 I SurfaceFlinger: HRR ignores $_18574***REMOVED***215808 (type=Max, weight=0.04, seamlessness=Default) 0.00 Hz's 48.00 Hz
12-08 16:10:11.117  1737  1737 I SurfaceFlinger: scored - choose 60.00 Hz
12-08 16:10:11.118  1737  1737 I HWComposer: [4630946315032985731] ActiveConfigToHWC, ID : 9
12-08 16:10:11.120  1656  2041 I SDM     : HWDeviceDRM::SetDisplaySwitchMode: [DispConfigs] check hs_mode 1
12-08 16:10:11.120  1656  2041 W SDM     : HWDeviceDRM::GetSupportedBitClkRate: Requested rate not supported: 1362080000
12-08 16:10:11.120  1656  2041 I SDM     : HWDeviceDRM::SetDisplaySwitchMode: [DispConfigs] Set mode index:9 1080x2340x60xcmdHS, hs_mode(1), found_mode(1)
12-08 16:10:11.120  1656  2041 I SDM     : HWDeviceDRM::UpdateMixerAttributes: Mixer WxH 1080x2340-1 for Peripheral
12-08 16:10:11.121  1656  2041 I SDM     : HWCDisplay::SubmitDisplayConfig: Active configuration changed from config 12 to 9
12-08 16:10:11.133 18574 18574 I System.out: À€À€À€IHDRÀ€À€8À€À€À€TÀ€À€À€giï¿½ï¿½À€À€À€sRGBÀ€ï¿½ï¿½ï¿½À€À€À€sBIT|dï¿½À€À€ï¿½IDATxï¿½ï¿½ï¿½1
12-08 16:10:11.141  1737  3869 I VSyncReactor: Current= 24, Period= 60, hwcPeriod= 60
12-08 16:10:11.158  1737  1737 I SurfaceFlinger: finalizeDisplayModeChange 4630946315032985731
12-08 16:10:11.159  2551  2820 D LocalDisplayAdapter: updateActiveModeLocked for d=4630946315032985731, mActiveModeId=10, mActiveSfDisplayMode=DisplayMode{id=9, width=1080, height=2340, xDpi=381.0, yDpi=378.573, peakRefreshRate=60.000004, vsyncRate=60.000004, appVsyncOffsetNanos=16666666, presentationDeadlineNanos=17666666, supportedHdrTypes=[4, 2, 3], group=1080}
12-08 16:10:11.163  2551  2820 I DisplayDeviceRepository: Display device changed render timings: "Built-in Screen", renderFrameRate=60.000004, presentationDeadlineNanos=17666666, appVsyncOffsetNanos=16666666, frameRateOverrides=[]
12-08 16:10:11.164  2551  2818 D WindowManager: DeferredDisplayUpdater: partially applying DisplayInfo(1080 x 2340) immediately
12-08 16:10:11.165  2551  5486 D LiftUpHandler: [LTW] Stopped already.
12-08 16:10:11.168  2551  2551 D SGM:GameManager: onDisplayChanged. displyId: 0, state: 2
12-08 16:10:11.168  2551  2551 D SGM:GameManager: dpi: 450, longPixel: 2340, shortPixel: 1080
12-08 16:10:11.168  2551  2551 D AODManagerService: requestReCalToTSP IsSingleTouchMode = falserequestedReCalToTSP = false / previousDisplayState = ON
12-08 16:10:11.169  1737  2060 I CompositionEngine: [setDisplaySize] size=(434, 42)
12-08 16:10:11.170  2551  2818 W PhoneWindowManager: lockNow pending, ignore updating lockscreen timeout
12-08 16:10:11.171 16866 14520 I HoneySpace.RefreshRateSource: singleFrameMs 16
12-08 16:10:11.173  1721 10678 D AudioFlinger: setParameters: filtered dev setParameters keyvalue screen_state=on
12-08 16:10:11.170  2551  2818 D SurfaceComposerClient: setCornerRadius ***REMOVED******REMOVED*** 7568fa9 com.teslacoilsw.launcher/com.teslacoilsw.launcher.NovaLauncher***REMOVED***215809 cornerRadius=0.000000
12-08 16:10:11.173  1609 18978 D AHAL: AudioDevice: SetParameters: 1865: enter
12-08 16:10:11.173  1609 18978 D AHAL: AudioVoice: VoiceSetParameters: 200: Enter
12-08 16:10:11.173  1609 18978 D AHAL: AudioVoice: VoiceSetParameters: 479: Exit ret: 0
12-08 16:10:11.173  1609 18978 D AHAL: hfp: hfp_set_parameters: 444: enter
12-08 16:10:11.173  1609 18978 D AHAL: AudioDevice: SetParameters: 1945:  - screen = on
12-08 16:10:11.173  1609 18978 I PAL: ResourceManager: setParameter: 10683: Screen State:1
12-08 16:10:11.173  1609 18978 D AHAL: AudioDevice: SetParameters: 2798: exit: screen_state=on
12-08 16:10:11.174  1737  3869 I VSyncReactor: Current= 60, Period= 60, Distance= 0
12-08 16:10:11.174  2551  4072 D AS.DesktopModeHelper: onDisplayChanged: ***REMOVED***Id=0
12-08 16:10:11.175  2551  3898 D SGM:FgCheckThread: onLooperPrepared(), msg: MSG_LCD_ON
12-08 16:10:11.175  4309  4309 D DisplayLifecycle: updateDisplay id = 0
12-08 16:10:11.177  4309  4429 D StackScroller: onDisplayChanged for predraw skip to 2
12-08 16:10:11.177  2551  4441 D WifiDisplayAdapter: isFitToActiveDisplayLocked : false
12-08 16:10:11.191  1737  3869 I VSyncReactor: Current= 60, Period= 60, Distance= 60
12-08 16:10:11.193 18574 18574 I System.out: ï¿½PEAï¿½m ï¿½Ìºï¿½I!ï¿½ï¿½"|ï¿½Bfï¿½ï¿½ï¿½[ï¿½ï¿½L<?ï¿½}vï¿½ï¿½ï¿½ï¿½ï¿½/À€À€À€ï¿½ï¿½bï¿½oÀ€À€À€ï¿½À€À€À€@ï¿½ï¿½À€À€À€ï¿½	À€À€À€@ï¿½ï¿½À€À€À€ï¿½	À€À€À€@ï¿½ï¿½À€À€À€ï¿½	À€À€À€@ï¿½ï¿½À€À€À€ï¿½	À€À€À€@ï¿½ï¿½À€À€À€ï¿½	À€À€À€@ï¿½ï¿½À€À€À€ï¿½	À€À€À€@ï¿½ï¿½À€À€À€ï¿½	À€À€À€@ï¿½ï¿½À€À€À€À€À€À€À€À€À€À€À€À€À€À€À€À€À€À€À€À€À€À€À€À€À€À€À€À€À€À€À€À€À€À€À€À€À€À€À€À€À€À€À€À€À€À€À€À€À€À€À€À€À€À€À€À€À€À€À€À€À€À€À€À€À€À€À€À€À€À€À€À€À€À€À€À€À€À€À€À€À€À€À€À€À€À€À€À€À€À€À€À€À€À€À€À€À€À€À€À€À€À€À€À€À€À€À€À€À€À€À€À€À€À€À€À€À€À€À€À€À€À€À€À€À€À€À€À€À€À€À€À€À€À€À€À€À€À€À€À€À€À€À€À€À€À€À€À€À€À€À€À€À€À€À€À€À€À€À€À€À€À€À€À€À€À€À€À€À€À€À€À€À€À€À€À€À€À€À€À€À€À€À€À€À€À€À€À€À€À€À€À€À€À€À€À€À€À€À€À€À€À€À€À€À€À€À€À€À€À€À€À€À€À€À€À€À€À€À€À€À€À€À€À€À€À€À€À€À€À€À€À€À€À€À€À€À€À€À€À€À€À€À€À€À€À€À€À€À€À€À€À€À€À€À€À€À€À€À€À€À€À€À€À€À€À€À€À€À€À€À€À€À€À€À€À€À€À€À€ï¿½ï¿½$ï¿½ï¿½ï¿½ï¿½À€À€À€À€IENDï¿½B`ï¿½ï¿½PNG
12-08 16:10:11.193 18574 18574 I System.out: 
12-08 16:10:11.194  1614  5455 D vendor.qti.bluetooth@1.1-wake_lock: Release wakelock is released 
12-08 16:10:11.211 18574 18574 I System.out: À€À€À€IHDRÀ€À€8À€À€À€TÀ€À€À€giï¿½ï¿½À€À€À€sRGBÀ€ï¿½ï¿½ï¿½À€À€À€sBIT|dï¿½À€À€ï¿½IDATxï¿½ï¿½ï¿½1
12-08 16:10:11.214 18574 18574 I System.out: ï¿½PÀ€Aï¿½m ï¿½ï¿½\ï¿½ï¿½`ï¿½Tï¿½?Aï¿½ï¿½Ô¯xï¿½ï¿½eï¿½ylï¿½ï¿½ï¿½?^ï¿½ï¿½-À€À€À€ï¿½ß®lï¿½ï¿½wÀ€À€À€À€ï¿½%pÀ€À€À€À€yÀ€À€À€ï¿½'pÀ€À€À€À€yÀ€À€À€ï¿½'pÀ€À€À€À€yÀ€À€À€ï¿½'pÀ€À€À€À€yÀ€À€À€ï¿½'pÀ€À€À€À€yÀ€À€À€ï¿½'pÀ€À€À€À€yÀ€À€À€ï¿½'pÀ€À€À€À€yÀ€À€À€ï¿½'pÀ€À€À€À€yÀ€À€À€À€À€À€À€À€À€À€À€À€À€À€À€À€À€À€À€À€À€À€À€À€À€À€À€À€À€À€À€À€À€À€À€À€À€À€À€À€À€À€À€À€À€À€À€À€À€À€À€À€À€À€À€À€À€À€À€À€À€À€À€À€À€À€À€À€À€À€À€À€À€À€À€À€À€À€À€À€À€À€À€À€À€À€À€À€À€À€À€À€À€À€À€À€À€À€À€À€À€À€À€À€À€À€À€À€À€À€À€À€À€À€À€À€À€À€À€À€À€À€À€À€À€À€À€À€À€À€À€À€À€À€À€À€À€À€À€À€À€À€À€À€À€À€À€À€À€À€À€À€À€À€À€À€À€À€À€À€À€À€À€À€À€À€À€À€À€À€À€À€À€À€À€À€À€À€À€À€À€À€À€À€À€À€À€À€À€À€À€À€À€À€À€À€À€À€À€À€À€À€À€À€À€À€À€À€À€À€À€À€À€À€À€À€À€À€À€À€À€À€À€À€À€À€À€À€À€À€À€À€À€À€À€À€À€À€À€À€À€À€À€À€À€À€À€À€À€À€À€À€À€À€À€À€À€À€À€À€À€À€À€À€À€À€À€À€À€À€À€À€À€À€À€À€À€À€À€À€ï¿½$ï¿½ï¿½vkÀ€À€À€À€IENDï¿½B`ï¿½ï¿½PNG
12-08 16:10:11.215 18574 18574 I System.out: 
12-08 16:10:11.229 18574 18574 I System.out: À€À€À€IHDRÀ€À€8À€À€À€TÀ€À€À€giï¿½ï¿½À€À€À€sRGBÀ€ï¿½ï¿½ï¿½À€À€À€sBIT|dï¿½À€À€ï¿½IDATxï¿½ï¿½Ø±	ï¿½PDï¿½ï¿½ï¿½ï¿½MZï¿½M
12-08 16:10:11.229 18574 18574 I System.out: ï¿½Zï¿½
12-08 16:10:11.232 18574 18574 I System.out: ï¿½8oï¿½ï¿½Õ°ï¿½ï¿½ï¿½UUï¿½ï¿½6ï¿½[À€À€À€ï¿½ï¿½ï¿½nÓ³;À€À€À€À€ï¿½8À€À€À€ï¿½xÀ€À€À€Oï¿½À€À€À€À€ï¿½	À€À€À€@<ï¿½À€À€À€ï¿½'pÀ€À€À€À€ï¿½À€À€À€ ï¿½ï¿½À€À€À€ï¿½8À€À€À€ï¿½xÀ€À€À€Oï¿½À€À€À€À€ï¿½	À€À€À€@<ï¿½À€À€À€ï¿½'pÀ€À€À€À€ï¿½À€À€À€ ï¿½ï¿½À€À€À€À€À€À€À€À€À€À€À€À€À€À€À€À€À€À€À€À€À€À€À€À€À€À€À€À€À€À€À€À€À€À€À€À€À€À€À€À€À€À€À€À€À€À€À€À€À€À€À€À€À€À€À€À€À€À€À€À€À€À€À€À€À€À€À€À€À€À€À€À€À€À€À€À€À€À€À€À€À€À€À€À€À€À€À€À€À€À€À€À€À€À€À€À€À€À€À€À€À€À€À€À€À€À€À€À€À€À€À€À€À€À€À€À€À€À€À€À€À€À€À€À€À€À€À€À€À€À€À€À€À€À€À€À€À€À€À€À€À€À€À€À€À€À€À€À€À€À€À€À€À€À€À€À€À€À€À€À€À€À€À€À€À€À€À€À€À€À€À€À€À€À€À€À€À€À€À€À€À€À€À€À€À€À€À€À€À€À€À€À€À€À€À€À€À€À€À€À€À€À€À€À€À€À€À€À€À€À€À€À€À€À€À€À€À€À€À€À€À€À€À€À€À€À€À€À€À€À€À€À€À€À€À€À€À€À€À€À€À€À€À€À€À€À€À€À€À€À€À€À€À€À€À€À€À€À€À€À€À€À€À€À€À€À€À€À€À€À€À€À€À€À€À€À€À€À€À€ï¿½ï¿½ï¿½$ï¿½ÛŒï¿½À€À€À€À€IENDï¿½B`ï¿½ï¿½PNG
12-08 16:10:11.232 18574 18574 I System.out: 
12-08 16:10:11.239 18574 18574 I System.out: À€À€À€IHDRÀ€À€8À€À€À€TÀ€À€À€giï¿½ï¿½À€À€À€sRGBÀ€ï¿½ï¿½ï¿½À€À€À€sBIT|dï¿½À€À€ï¿½IDATxï¿½ï¿½Ø±	ï¿½PDï¿½ï¿½ï¿½ï¿½MZï¿½M
12-08 16:10:11.239 18574 18574 I System.out: ï¿½Zï¿½
12-08 16:10:11.241 18574 18574 I System.out: ï¿½8oï¿½ï¿½Õ°ï¿½ï¿½ï¿½UUï¿½ï¿½6ï¿½[À€À€À€ï¿½ï¿½ï¿½nÓ³;À€À€À€À€ï¿½8À€À€À€ï¿½xÀ€À€À€Oï¿½À€À€À€À€ï¿½	À€À€À€@<ï¿½À€À€À€ï¿½'pÀ€À€À€À€ï¿½À€À€À€ ï¿½ï¿½À€À€À€ï¿½8À€À€À€ï¿½xÀ€À€À€Oï¿½À€À€À€À€ï¿½	À€À€À€@<ï¿½À€À€À€ï¿½'pÀ€À€À€À€ï¿½À€À€À€ ï¿½ï¿½À€À€À€À€À€À€À€À€À€À€À€À€À€À€À€À€À€À€À€À€À€À€À€À€À€À€À€À€À€À€À€À€À€À€À€À€À€À€À€À€À€À€À€À€À€À€À€À€À€À€À€À€À€À€À€À€À€À€À€À€À€À€À€À€À€À€À€À€À€À€À€À€À€À€À€À€À€À€À€À€À€À€À€À€À€À€À€À€À€À€À€À€À€À€À€À€À€À€À€À€À€À€À€À€À€À€À€À€À€À€À€À€À€À€À€À€À€À€À€À€À€À€À€À€À€À€À€À€À€À€À€À€À€À€À€À€À€À€À€À€À€À€À€À€À€À€À€À€À€À€À€À€À€À€À€À€À€À€À€À€À€À€À€À€À€À€À€À€À€À€À€À€À€À€À€À€À€À€À€À€À€À€À€À€À€À€À€À€À€À€À€À€À€À€À€À€À€À€À€À€À€À€À€À€À€À€À€À€À€À€À€À€À€À€À€À€À€À€À€À€À€À€À€À€À€À€À€À€À€À€À€À€À€À€À€À€À€À€À€À€À€À€À€À€À€À€À€À€À€À€À€À€À€À€À€À€À€À€À€À€À€À€À€À€À€À€À€À€À€À€À€À€À€À€À€À€À€À€À€ï¿½ï¿½ï¿½$ï¿½ÛŒï¿½À€À€À€À€IENDï¿½B`ï¿½ï¿½PNG
12-08 16:10:11.241 18574 18574 I System.out: 
12-08 16:10:11.252  2551  3852 D ActivityManager: freezing 14620 com.samsung.android.scpm
12-08 16:10:11.256  2551  3852 D ActivityManager: FCA:FCA recordedFileRss = 0, and changeinRss = 46244
12-08 16:10:11.258 18574 18574 I System.out: À€À€À€IHDRÀ€À€8À€À€À€TÀ€À€À€giï¿½ï¿½À€À€À€sRGBÀ€ï¿½ï¿½ï¿½À€À€À€sBIT|dï¿½À€À€ï¿½IDATxï¿½ï¿½Ø±	ï¿½PÀ€DA5lï¿½ï¿½&c-ï¿½ï¿½ ï¿½ï¿½fï¿½6~ï¿½4h;>ï¿½ï¿½v_ï¿½ï¿½ï¿½À€À€À€ï¿½/o4ï¿½ï¿½ï¿½À€À€À€ï¿½ï¿½ pÀ€À€À€À€yÀ€À€À€ï¿½'pÀ€À€À€À€yÀ€À€À€ï¿½'pÀ€À€À€À€yÀ€À€À€ï¿½'pÀ€À€À€À€yÀ€À€À€ï¿½'pÀ€À€À€À€yÀ€À€À€ï¿½'pÀ€À€À€À€yÀ€À€À€ï¿½'pÀ€À€À€À€yÀ€À€À€ï¿½'pÀ€À€À€À€yÀ€À€À€À€À€À€À€À€À€À€À€À€À€À€À€À€À€À€À€À€À€À€À€À€À€À€À€À€À€À€À€À€À€À€À€À€À€À€À€À€À€À€À€À€À€À€À€À€À€À€À€À€À€À€À€À€À€À€À€À€À€À€À€À€À€À€À€À€À€À€À€À€À€À€À€À€À€À€À€À€À€À€À€À€À€À€À€À€À€À€À€À€À€À€À€À€À€À€À€À€À€À€À€À€À€À€À€À€À€À€À€À€À€À€À€À€À€À€À€À€À€À€À€À€À€À€À€À€À€À€À€À€À€À€À€À€À€À€À€À€À€À€À€À€À€À€À€À€À€À€À€À€À€À€À€À€À€À€À€À€À€À€À€À€À€À€À€À€À€À€À€À€À€À€À€À€À€À€À€À€À€À€À€À€À€À€À€À€À€À€À€À€À€À€À€À€À€À€À€À€À€À€À€À€À€À€À€À€À€À€À€À€À€À€À€À€À€À€À€À€À€À€À€À€À€À€À€À€À€À€À€À€À€À€À€À€À€À€À€À€À€À€À€À€À€À€À€À€À€À€À€À€À€À€À€À€À€À€À€À€À€À€À€À€À€À€À€À€À€À€À€À€À€À€À€À€À€À€À€À€7.ï¿½$ï¿½%À€À€À€À€IENDï¿½B`ï¿½ï¿½PNG
12-08 16:10:11.258 18574 18574 I System.out: 
12-08 16:10:11.262  2551  4046 D InetDiagMessage: Destroyed 0 sockets, proto=IPPROTO_TCP, family=AF_INET, states=14
12-08 16:10:11.266  2551  4046 D InetDiagMessage: Destroyed 0 sockets, proto=IPPROTO_TCP, family=AF_INET6, states=14
12-08 16:10:11.266  2551  4046 D InetDiagMessage: Destroyed live tcp sockets for uids={5009} in 8ms
12-08 16:10:11.270  1737  2060 I CompositionEngine: [setDisplaySize] size=(434, 42)
12-08 16:10:11.275 18574 18574 I System.out: À€À€À€IHDRÀ€À€8À€À€À€TÀ€À€À€giï¿½ï¿½À€À€À€sRGBÀ€ï¿½ï¿½ï¿½À€À€À€sBIT|dï¿½À€À€ï¿½IDATxï¿½ï¿½Ø±	ï¿½À€EA5lÒºlï¿½ï¿½b-ï¿½Sï¿½ï¿½Lï¿½,?~ï¿½pï¿½ï¿½]ï¿½_o?ï¿½6^ï¿½À€À€À€ï¿½ï¿½Smaï¿½7À€À€À€ï¿½À€À€À€@ï¿½ï¿½À€À€À€ï¿½	À€À€À€@ï¿½ï¿½À€À€À€ï¿½	À€À€À€@ï¿½ï¿½À€À€À€ï¿½	À€À€À€@ï¿½ï¿½À€À€À€ï¿½	À€À€À€@ï¿½ï¿½À€À€À€ï¿½	À€À€À€@ï¿½ï¿½À€À€À€ï¿½	À€À€À€@ï¿½ï¿½À€À€À€ï¿½	À€À€À€@ï¿½ï¿½À€À€À€À€À€À€À€À€À€À€À€À€À€À€À€À€À€À€À€À€À€À€À€À€À€À€À€À€À€À€À€À€À€À€À€À€À€À€À€À€À€À€À€À€À€À€À€À€À€À€À€À€À€À€À€À€À€À€À€À€À€À€À€À€À€À€À€À€À€À€À€À€À€À€À€À€À€À€À€À€À€À€À€À€À€À€À€À€À€À€À€À€À€À€À€À€À€À€À€À€À€À€À€À€À€À€À€À€À€À€À€À€À€À€À€À€À€À€À€À€À€À€À€À€À€À€À€À€À€À€À€À€À€À€À€À€À€À€À€À€À€À€À€À€À€À€À€À€À€À€À€À€À€À€À€À€À€À€À€À€À€À€À€À€À€À€À€À€À€À€À€À€À€À€À€À€À€À€À€À€À€À€À€À€À€À€À€À€À€À€À€À€À€À€À€À€À€À€À€À€À€À€À€À€À€À€À€À€À€À€À€À€À€À€À€À€À€À€À€À€À€À€À€À€À€À€À€À€À€À€À€À€À€À€À€À€À€À€À€À€À€À€À€À€À€À€À€À€À€À€À€À€À€À€À€À€À€À€À€À€À€À€À€À€À€À€À€À€À€À€À€À€À€À€À€À€À€À€À€ï¿½ï¿½ï¿½$I{ï¿½ï¿½À€À€À€À€IENDï¿½B`ï¿½ï¿½PNG
12-08 16:10:11.275 18574 18574 I System.out: 
12-08 16:10:11.291 18574 18574 I System.out: À€À€À€IHDRÀ€À€8À€À€À€TÀ€À€À€giï¿½ï¿½À€À€À€sRGBÀ€ï¿½ï¿½ï¿½À€À€À€sBIT|dï¿½À€À€ï¿½IDATxï¿½ï¿½Ø±	ï¿½À€EA5lÒºlï¿½ï¿½b-ï¿½Sï¿½ï¿½Lï¿½,?~ï¿½pï¿½ï¿½]ï¿½_o?ï¿½6^ï¿½À€À€À€ï¿½ï¿½Smaï¿½7À€À€À€ï¿½À€À€À€@ï¿½ï¿½À€À€À€ï¿½	À€À€À€@ï¿½ï¿½À€À€À€ï¿½	À€À€À€@ï¿½ï¿½À€À€À€ï¿½	À€À€À€@ï¿½ï¿½À€À€À€ï¿½	À€À€À€@ï¿½ï¿½À€À€À€ï¿½	À€À€À€@ï¿½ï¿½À€À€À€ï¿½	À€À€À€@ï¿½ï¿½À€À€À€ï¿½	À€À€À€@ï¿½ï¿½À€À€À€À€À€À€À€À€À€À€À€À€À€À€À€À€À€À€À€À€À€À€À€À€À€À€À€À€À€À€À€À€À€À€À€À€À€À€À€À€À€À€À€À€À€À€À€À€À€À€À€À€À€À€À€À€À€À€À€À€À€À€À€À€À€À€À€À€À€À€À€À€À€À€À€À€À€À€À€À€À€À€À€À€À€À€À€À€À€À€À€À€À€À€À€À€À€À€À€À€À€À€À€À€À€À€À€À€À€À€À€À€À€À€À€À€À€À€À€À€À€À€À€À€À€À€À€À€À€À€À€À€À€À€À€À€À€À€À€À€À€À€À€À€À€À€À€À€À€À€À€À€À€À€À€À€À€À€À€À€À€À€À€À€À€À€À€À€À€À€À€À€À€À€À€À€À€À€À€À€À€À€À€À€À€À€À€À€À€À€À€À€À€À€À€À€À€À€À€À€À€À€À€À€À€À€À€À€À€À€À€À€À€À€À€À€À€À€À€À€À€À€À€À€À€À€À€À€À€À€À€À€À€À€À€À€À€À€À€À€À€À€À€À€À€À€À€À€À€À€À€À€À€À€À€À€À€À€À€À€À€À€À€À€À€À€À€À€À€À€À€À€À€À€À€À€À€À€À€ï¿½ï¿½ï¿½$I{ï¿½ï¿½À€À€À€À€IENDï¿½B`ï¿½ï¿½PNG
12-08 16:10:11.291 18574 18574 I System.out: 
12-08 16:10:11.298 18574 18574 I System.out: À€À€À€IHDRÀ€À€8À€À€À€TÀ€À€À€giï¿½ï¿½À€À€À€sRGBÀ€ï¿½ï¿½ï¿½À€À€À€sBIT|dï¿½À€À€ï¿½IDATxï¿½ï¿½ï¿½1
12-08 16:10:11.301  4520  5553 D SatelliteController: isInCarrierRoamingNbIotNtn: satellite is disabled
12-08 16:10:11.305  5085  5085 I EPDG -- SIM1 [SMARTCELLULAR]: onSignalStrengthsChanged: SignalStrength:{mCdma=Invalid,mGsm=Invalid,mWcdma=Invalid,mTdscdma=Invalid,mLte=CellSignalStrengthLte: rssi=-75 rsrp=-108 rsrq=-12 rssnr=-2 cqiTableIndex=2147483647 cqi=2147483647 ta=2147483647 level=3 parametersUseForLevel=0,mNr=Invalid,SignalBarInfo{ lteLevel=2 },rat=14,primary=CellSignalStrengthLte}
12-08 16:10:11.307  5085  6456 I EPDG -- SIM1 [SMARTCELLULAR]: lastLteRSRP is -108 currentLteRSRP is -108 lastLteRSRQ is -13 currentLteRSRQ is -12 lastLteSNR is -2 currentLteSNR is -2
12-08 16:10:11.308 18574 18574 I System.out: ï¿½Pï¿½uSï¿½Kz./)ï¿½ï¿½ï¿½RÃ‹{ï¿½Zï¿½ï¿½ï¿½ï¿½vï¿½ï¿½iï¿½?À€À€À€ï¿½NO6ï¿½ï¿½ï¿½À€À€À€ï¿½ï¿½"pÀ€À€À€À€yÀ€À€À€ï¿½'pÀ€À€À€À€yÀ€À€À€ï¿½'pÀ€À€À€À€yÀ€À€À€ï¿½'pÀ€À€À€À€yÀ€À€À€ï¿½'pÀ€À€À€À€yÀ€À€À€ï¿½'pÀ€À€À€À€yÀ€À€À€ï¿½'pÀ€À€À€À€yÀ€À€À€ï¿½'pÀ€À€À€À€yÀ€À€À€À€À€À€À€À€À€À€À€À€À€À€À€À€À€À€À€À€À€À€À€À€À€À€À€À€À€À€À€À€À€À€À€À€À€À€À€À€À€À€À€À€À€À€À€À€À€À€À€À€À€À€À€À€À€À€À€À€À€À€À€À€À€À€À€À€À€À€À€À€À€À€À€À€À€À€À€À€À€À€À€À€À€À€À€À€À€À€À€À€À€À€À€À€À€À€À€À€À€À€À€À€À€À€À€À€À€À€À€À€À€À€À€À€À€À€À€À€À€À€À€À€À€À€À€À€À€À€À€À€À€À€À€À€À€À€À€À€À€À€À€À€À€À€À€À€À€À€À€À€À€À€À€À€À€À€À€À€À€À€À€À€À€À€À€À€À€À€À€À€À€À€À€À€À€À€À€À€À€À€À€À€À€À€À€À€À€À€À€À€À€À€À€À€À€À€À€À€À€À€À€À€À€À€À€À€À€À€À€À€À€À€À€À€À€À€À€À€À€À€À€À€À€À€À€À€À€À€À€À€À€À€À€À€À€À€À€À€À€À€À€À€À€À€À€À€À€À€À€À€À€À€À€À€À€À€À€À€À€À€À€À€À€À€À€À€À€À€À€À€À€À€À€À€À€À€À€À€7.ï¿½$ï¿½b)ï¿½À€À€À€À€IENDï¿½B`ï¿½ï¿½PNG
12-08 16:10:11.308 18574 18574 I System.out: 
12-08 16:10:11.325 18574 18574 I System.out: À€À€À€IHDRÀ€À€8À€À€À€TÀ€À€À€giï¿½ï¿½À€À€À€sRGBÀ€ï¿½ï¿½ï¿½À€À€À€sBIT|dï¿½À€À€ï¿½IDATxï¿½ï¿½Ø±	ï¿½À€EA5lÒºlï¿½ï¿½b-ï¿½Sï¿½ï¿½Lï¿½ï¿½ï¿½ï¿½8Ü°|ï¿½ï¿½ï¿½ï¿½Ï¼ï¿½w6À€À€À€ï¿½ï¿½xï¿½%LWÀ€À€À€À€ï¿½ï¿½ï¿½À€À€À€ï¿½	À€À€À€@ï¿½ï¿½À€À€À€ï¿½	À€À€À€@ï¿½ï¿½À€À€À€ï¿½	À€À€À€@ï¿½ï¿½À€À€À€ï¿½	À€À€À€@ï¿½ï¿½À€À€À€ï¿½	À€À€À€@ï¿½ï¿½À€À€À€ï¿½	À€À€À€@ï¿½ï¿½À€À€À€ï¿½	À€À€À€@ï¿½ï¿½À€À€À€ï¿½	À€À€À€À€À€À€À€À€À€À€À€À€À€À€À€À€À€À€À€À€À€À€À€À€À€À€À€À€À€À€À€À€À€À€À€À€À€À€À€À€À€À€À€À€À€À€À€À€À€À€À€À€À€À€À€À€À€À€À€À€À€À€À€À€À€À€À€À€À€À€À€À€À€À€À€À€À€À€À€À€À€À€À€À€À€À€À€À€À€À€À€À€À€À€À€À€À€À€À€À€À€À€À€À€À€À€À€À€À€À€À€À€À€À€À€À€À€À€À€À€À€À€À€À€À€À€À€À€À€À€À€À€À€À€À€À€À€À€À€À€À€À€À€À€À€À€À€À€À€À€À€À€À€À€À€À€À€À€À€À€À€À€À€À€À€À€À€À€À€À€À€À€À€À€À€À€À€À€À€À€À€À€À€À€À€À€À€À€À€À€À€À€À€À€À€À€À€À€À€À€À€À€À€À€À€À€À€À€À€À€À€À€À€À€À€À€À€À€À€À€À€À€À€À€À€À€À€À€À€À€À€À€À€À€À€À€À€À€À€À€À€À€À€À€À€À€À€À€À€À€À€À€À€À€À€À€À€À€À€À€À€À€À€À€À€À€À€À€À€À€À€À€À€À€À€À€À€À€À€À€ï¿½8À€ï¿½$7cï¿½dÀ€À€À€À€IENDï¿½B`ï¿½ï¿½PNG
12-08 16:10:11.325 18574 18574 I System.out: 
12-08 16:10:11.341 18574 18574 I System.out: À€À€À€IHDRÀ€À€8À€À€À€TÀ€À€À€giï¿½ï¿½À€À€À€sRGBÀ€ï¿½ï¿½ï¿½À€À€À€sBIT|dï¿½À€À€ï¿½IDATxï¿½ï¿½ï¿½1
12-08 16:10:11.343 18574 18574 I System.out: ï¿½Pï¿½uSï¿½Kz./)ï¿½ï¿½ï¿½Uï¿½/ï¿½ï¿½7h9ï¿½ï¿½ï¿½ï¿½>oï¿½ï¿½À€À€À€ï¿½ï¿½FCï¿½ï¿½<À€À€À€|ï¿½ï¿½À€À€À€ï¿½	À€À€À€@ï¿½ï¿½À€À€À€ï¿½	À€À€À€@ï¿½ï¿½À€À€À€ï¿½	À€À€À€@ï¿½ï¿½À€À€À€ï¿½	À€À€À€@ï¿½ï¿½À€À€À€ï¿½	À€À€À€@ï¿½ï¿½À€À€À€ï¿½	À€À€À€@ï¿½ï¿½À€À€À€ï¿½	À€À€À€@ï¿½ï¿½À€À€À€ï¿½	À€À€À€À€À€À€À€À€À€À€À€À€À€À€À€À€À€À€À€À€À€À€À€À€À€À€À€À€À€À€À€À€À€À€À€À€À€À€À€À€À€À€À€À€À€À€À€À€À€À€À€À€À€À€À€À€À€À€À€À€À€À€À€À€À€À€À€À€À€À€À€À€À€À€À€À€À€À€À€À€À€À€À€À€À€À€À€À€À€À€À€À€À€À€À€À€À€À€À€À€À€À€À€À€À€À€À€À€À€À€À€À€À€À€À€À€À€À€À€À€À€À€À€À€À€À€À€À€À€À€À€À€À€À€À€À€À€À€À€À€À€À€À€À€À€À€À€À€À€À€À€À€À€À€À€À€À€À€À€À€À€À€À€À€À€À€À€À€À€À€À€À€À€À€À€À€À€À€À€À€À€À€À€À€À€À€À€À€À€À€À€À€À€À€À€À€À€À€À€À€À€À€À€À€À€À€À€À€À€À€À€À€À€À€À€À€À€À€À€À€À€À€À€À€À€À€À€À€À€À€À€À€À€À€À€À€À€À€À€À€À€À€À€À€À€À€À€À€À€À€À€À€À€À€À€À€À€À€À€À€À€À€À€À€À€À€À€À€À€À€À€À€À€À€À€À€À€À€À€À€Ü¸À€ï¿½$ï¿½ï¿½À€À€À€À€IENDï¿½B`ï¿½ï¿½PNG
12-08 16:10:11.343 18574 18574 I System.out: 
12-08 16:10:11.351 18574 18574 I System.out: À€À€À€IHDRÀ€À€8À€À€À€TÀ€À€À€giï¿½ï¿½À€À€À€sRGBÀ€ï¿½ï¿½ï¿½À€À€À€sBIT|dï¿½À€À€ï¿½IDATxï¿½ï¿½ï¿½1
12-08 16:10:11.357 18574 18574 I System.out: ï¿½Pï¿½uSï¿½Kz./)ï¿½ï¿½ï¿½Uï¿½/ï¿½ï¿½7h9ï¿½ï¿½ï¿½ï¿½>oï¿½ï¿½À€À€À€ï¿½ï¿½FCï¿½ï¿½<À€À€À€|ï¿½ï¿½À€À€À€ï¿½	À€À€À€@ï¿½ï¿½À€À€À€ï¿½	À€À€À€@ï¿½ï¿½À€À€À€ï¿½	À€À€À€@ï¿½ï¿½À€À€À€ï¿½	À€À€À€@ï¿½ï¿½À€À€À€ï¿½	À€À€À€@ï¿½ï¿½À€À€À€ï¿½	À€À€À€@ï¿½ï¿½À€À€À€ï¿½	À€À€À€@ï¿½ï¿½À€À€À€ï¿½	À€À€À€À€À€À€À€À€À€À€À€À€À€À€À€À€À€À€À€À€À€À€À€À€À€À€À€À€À€À€À€À€À€À€À€À€À€À€À€À€À€À€À€À€À€À€À€À€À€À€À€À€À€À€À€À€À€À€À€À€À€À€À€À€À€À€À€À€À€À€À€À€À€À€À€À€À€À€À€À€À€À€À€À€À€À€À€À€À€À€À€À€À€À€À€À€À€À€À€À€À€À€À€À€À€À€À€À€À€À€À€À€À€À€À€À€À€À€À€À€À€À€À€À€À€À€À€À€À€À€À€À€À€À€À€À€À€À€À€À€À€À€À€À€À€À€À€À€À€À€À€À€À€À€À€À€À€À€À€À€À€À€À€À€À€À€À€À€À€À€À€À€À€À€À€À€À€À€À€À€À€À€À€À€À€À€À€À€À€À€À€À€À€À€À€À€À€À€À€À€À€À€À€À€À€À€À€À€À€À€À€À€À€À€À€À€À€À€À€À€À€À€À€À€À€À€À€À€À€À€À€À€À€À€À€À€À€À€À€À€À€À€À€À€À€À€À€À€À€À€À€À€À€À€À€À€À€À€À€À€À€À€À€À€À€À€À€À€À€À€À€À€À€À€À€À€À€À€À€À€Ü¸À€ï¿½$ï¿½ï¿½À€À€À€À€IENDï¿½B`ï¿½ï¿½PNG
12-08 16:10:11.357 18574 18574 I System.out: 
12-08 16:10:11.368 18574 18574 I System.out: À€À€À€IHDRÀ€À€8À€À€À€TÀ€À€À€giï¿½ï¿½À€À€À€sRGBÀ€ï¿½ï¿½ï¿½À€À€À€sBIT|dï¿½À€À€ï¿½IDATxï¿½ï¿½ï¿½1
12-08 16:10:11.368 18574 18574 I System.out: ï¿½Pï¿½ï¿½ï¿½
12-08 16:10:11.374 18574 18574 I System.out: ^ï¿½syIï¿½Xï¿½à¢°ï¿½Pï¿½ï¿½ï¿½ï¿½ï¿½}9~ï¿½Ý¦u<ï¿½À€À€À€zï¿½ï¿½ï¿½wÀ€À€À€ï¿½Bï¿½À€À€À€À€ï¿½À€À€À€ Oï¿½À€À€À€À€ï¿½À€À€À€ Oï¿½À€À€À€À€ï¿½À€À€À€ Oï¿½À€À€À€À€ï¿½À€À€À€ Oï¿½À€À€À€À€ï¿½À€À€À€ Oï¿½À€À€À€À€ï¿½À€À€À€ Oï¿½À€À€À€À€ï¿½À€À€À€ Oï¿½À€À€À€À€ï¿½À€À€À€À€À€À€À€À€À€À€À€À€À€À€À€À€À€À€À€À€À€À€À€À€À€À€À€À€À€À€À€À€À€À€À€À€À€À€À€À€À€À€À€À€À€À€À€À€À€À€À€À€À€À€À€À€À€À€À€À€À€À€À€À€À€À€À€À€À€À€À€À€À€À€À€À€À€À€À€À€À€À€À€À€À€À€À€À€À€À€À€À€À€À€À€À€À€À€À€À€À€À€À€À€À€À€À€À€À€À€À€À€À€À€À€À€À€À€À€À€À€À€À€À€À€À€À€À€À€À€À€À€À€À€À€À€À€À€À€À€À€À€À€À€À€À€À€À€À€À€À€À€À€À€À€À€À€À€À€À€À€À€À€À€À€À€À€À€À€À€À€À€À€À€À€À€À€À€À€À€À€À€À€À€À€À€À€À€À€À€À€À€À€À€À€À€À€À€À€À€À€À€À€À€À€À€À€À€À€À€À€À€À€À€À€À€À€À€À€À€À€À€À€À€À€À€À€À€À€À€À€À€À€À€À€À€À€À€À€À€À€À€À€À€À€À€À€À€À€À€À€À€À€À€À€À€À€À€À€À€À€À€À€À€À€À€À€À€À€À€À€À€À€À€À€À€À€À€À€À€.ï¿½ï¿½$u9ï¿½À€À€À€À€IENDï¿½B`ï¿½ï¿½PNG
12-08 16:10:11.374 18574 18574 I System.out: 
12-08 16:10:11.378  1737  2060 I CompositionEngine: [setDisplaySize] size=(434, 42)
12-08 16:10:11.385 18574 18574 I System.out: À€À€À€IHDRÀ€À€8À€À€À€TÀ€À€À€giï¿½ï¿½À€À€À€sRGBÀ€ï¿½ï¿½ï¿½À€À€À€sBIT|dï¿½À€À€ï¿½IDATxï¿½ï¿½ï¿½1
12-08 16:10:11.391 18574 18574 I System.out: ï¿½Pï¿½uSï¿½Kz./)ï¿½>ï¿½Uï¿½/ï¿½ï¿½7h9ï¿½ï¿½ï¿½ï¿½>oï¿½ï¿½À€À€À€ï¿½ï¿½f3ï¿½ï¿½<À€À€À€|ï¿½ï¿½À€À€À€ï¿½	À€À€À€@ï¿½ï¿½À€À€À€ï¿½	À€À€À€@ï¿½ï¿½À€À€À€ï¿½	À€À€À€@ï¿½ï¿½À€À€À€ï¿½	À€À€À€@ï¿½ï¿½À€À€À€ï¿½	À€À€À€@ï¿½ï¿½À€À€À€ï¿½	À€À€À€@ï¿½ï¿½À€À€À€ï¿½	À€À€À€@ï¿½ï¿½À€À€À€ï¿½	À€À€À€À€À€À€À€À€À€À€À€À€À€À€À€À€À€À€À€À€À€À€À€À€À€À€À€À€À€À€À€À€À€À€À€À€À€À€À€À€À€À€À€À€À€À€À€À€À€À€À€À€À€À€À€À€À€À€À€À€À€À€À€À€À€À€À€À€À€À€À€À€À€À€À€À€À€À€À€À€À€À€À€À€À€À€À€À€À€À€À€À€À€À€À€À€À€À€À€À€À€À€À€À€À€À€À€À€À€À€À€À€À€À€À€À€À€À€À€À€À€À€À€À€À€À€À€À€À€À€À€À€À€À€À€À€À€À€À€À€À€À€À€À€À€À€À€À€À€À€À€À€À€À€À€À€À€À€À€À€À€À€À€À€À€À€À€À€À€À€À€À€À€À€À€À€À€À€À€À€À€À€À€À€À€À€À€À€À€À€À€À€À€À€À€À€À€À€À€À€À€À€À€À€À€À€À€À€À€À€À€À€À€À€À€À€À€À€À€À€À€À€À€À€À€À€À€À€À€À€À€À€À€À€À€À€À€À€À€À€À€À€À€À€À€À€À€À€À€À€À€À€À€À€À€À€À€À€À€À€À€À€À€À€À€À€À€À€À€À€À€À€À€À€À€À€À€À€À€À€Ü¸À€ï¿½$ï¿½]ï¿½ï¿½À€À€À€À€IENDï¿½B`ï¿½ï¿½PNG
12-08 16:10:11.391 18574 18574 I System.out: 
12-08 16:10:11.408 18574 18574 I System.out: À€À€À€IHDRÀ€À€8À€À€À€TÀ€À€À€giï¿½ï¿½À€À€À€sRGBÀ€ï¿½ï¿½ï¿½À€À€À€sBIT|dï¿½À€À€ï¿½IDATxï¿½ï¿½Ø±	ï¿½À€EA5lÒºlï¿½ï¿½b-ï¿½ï¿½ï¿½ï¿½Lï¿½ï¿½ï¿½ï¿½8ï¿½`ï¿½ï¿½ï¿½ï¿½ï¿½ï¿½yï¿½ï¿½À€À€À€ï¿½ï¿½ï¿½V0]}À€À€À€À€ï¿½oÀ€À€À€ï¿½'pÀ€À€À€À€yÀ€À€À€ï¿½'pÀ€À€À€À€yÀ€À€À€ï¿½'pÀ€À€À€À€yÀ€À€À€ï¿½'pÀ€À€À€À€yÀ€À€À€ï¿½'pÀ€À€À€À€yÀ€À€À€ï¿½'pÀ€À€À€À€yÀ€À€À€ï¿½'pÀ€À€À€À€yÀ€À€À€ï¿½'pÀ€À€À€À€À€À€À€À€À€À€À€À€À€À€À€À€À€À€À€À€À€À€À€À€À€À€À€À€À€À€À€À€À€À€À€À€À€À€À€À€À€À€À€À€À€À€À€À€À€À€À€À€À€À€À€À€À€À€À€À€À€À€À€À€À€À€À€À€À€À€À€À€À€À€À€À€À€À€À€À€À€À€À€À€À€À€À€À€À€À€À€À€À€À€À€À€À€À€À€À€À€À€À€À€À€À€À€À€À€À€À€À€À€À€À€À€À€À€À€À€À€À€À€À€À€À€À€À€À€À€À€À€À€À€À€À€À€À€À€À€À€À€À€À€À€À€À€À€À€À€À€À€À€À€À€À€À€À€À€À€À€À€À€À€À€À€À€À€À€À€À€À€À€À€À€À€À€À€À€À€À€À€À€À€À€À€À€À€À€À€À€À€À€À€À€À€À€À€À€À€À€À€À€À€À€À€À€À€À€À€À€À€À€À€À€À€À€À€À€À€À€À€À€À€À€À€À€À€À€À€À€À€À€À€À€À€À€À€À€À€À€À€À€À€À€À€À€À€À€À€À€À€À€À€À€À€À€À€À€À€À€À€À€À€À€À€À€À€À€À€À€À€À€À€À€À€À€À€À€À€pï¿½À€ï¿½$\\ï¿½ï¿½À€À€À€À€IENDï¿½B`ï¿½ï¿½PNG
12-08 16:10:11.408 18574 18574 I System.out: 
12-08 16:10:11.422 18574 18574 I System.out: À€À€À€IHDRÀ€À€8À€À€À€TÀ€À€À€giï¿½ï¿½À€À€À€sRGBÀ€ï¿½ï¿½ï¿½À€À€À€sBIT|dï¿½À€À€ï¿½IDATxï¿½ï¿½ï¿½1
12-08 16:10:11.425 18574 18574 I System.out: ï¿½PA5ï¿½ï¿½ï¿½ò’‚±ï¿½>ï¿½Uï¿½0/ï¿½ydï¿½ï¿½ï¿½ï¿½ï¿½s=ï¿½Qï¿½À€À€À€ï¿½ï¿½ï¿½,***REMOVED***ï¿½À€À€À€À€|Iï¿½À€À€À€À€ï¿½À€À€À€ Oï¿½À€À€À€À€ï¿½À€À€À€ Oï¿½À€À€À€À€ï¿½À€À€À€ Oï¿½À€À€À€À€ï¿½À€À€À€ Oï¿½À€À€À€À€ï¿½À€À€À€ Oï¿½À€À€À€À€ï¿½À€À€À€ Oï¿½À€À€À€À€ï¿½À€À€À€ Oï¿½À€À€À€À€ï¿½À€À€À€À€À€À€À€À€À€À€À€À€À€À€À€À€À€À€À€À€À€À€À€À€À€À€À€À€À€À€À€À€À€À€À€À€À€À€À€À€À€À€À€À€À€À€À€À€À€À€À€À€À€À€À€À€À€À€À€À€À€À€À€À€À€À€À€À€À€À€À€À€À€À€À€À€À€À€À€À€À€À€À€À€À€À€À€À€À€À€À€À€À€À€À€À€À€À€À€À€À€À€À€À€À€À€À€À€À€À€À€À€À€À€À€À€À€À€À€À€À€À€À€À€À€À€À€À€À€À€À€À€À€À€À€À€À€À€À€À€À€À€À€À€À€À€À€À€À€À€À€À€À€À€À€À€À€À€À€À€À€À€À€À€À€À€À€À€À€À€À€À€À€À€À€À€À€À€À€À€À€À€À€À€À€À€À€À€À€À€À€À€À€À€À€À€À€À€À€À€À€À€À€À€À€À€À€À€À€À€À€À€À€À€À€À€À€À€À€À€À€À€À€À€À€À€À€À€À€À€À€À€À€À€À€À€À€À€À€À€À€À€À€À€À€À€À€À€À€À€À€À€À€À€À€À€À€À€À€À€À€À€À€À€À€À€À€À€À€À€À€À€À€À€À€À€À€À€À€À€^<ï¿½$.$ï¿½ï¿½À€À€À€À€IENDï¿½B`ï¿½ï¿½PNG
12-08 16:10:11.425 18574 18574 I System.out: 
12-08 16:10:11.431  1621  4270 I sensors-hal: handle_sns_std_sensor_event:131, [SSC_LIGHT] A: 36(36),c:169,b:81,m:13,cl:37,l:36,s:30,l0:10912,l1:64,s0:4500,s1:0,acl:1,opr:0.32,f(r):93,u(bl):79,if:0,wi:2,si:0,po:134(N:0)
12-08 16:10:11.436 18574 18574 I System.out: À€À€À€IHDRÀ€À€8À€À€À€TÀ€À€À€giï¿½ï¿½À€À€À€sRGBÀ€ï¿½ï¿½ï¿½À€À€À€sBIT|dï¿½À€À€ï¿½IDATxï¿½ï¿½ï¿½1
