12-08 16:10:12.024 18574 18574 I System.out: À€À€À€IHDRÀ€À€8À€À€À€TÀ€À€À€giï¿½ï¿½À€À€À€sRGBÀ€ï¿½ï¿½ï¿½À€À€À€sBIT|dï¿½À€À€ï¿½IDATxï¿½ï¿½Ø±	ï¿½À€EA5lÒºlï¿½ï¿½bï¿½ï¿½Dï¿½ï¿½3ï¿½?ï¿½7/ï¿½|ï¿½ï¿½ï¿½ï¿½gï¿½ï¿½'ï¿½À€À€À€ï¿½~ï¿½sÓ¿À€À€À€À€ï¿½%pÀ€À€À€À€yÀ€À€À€ï¿½'pÀ€À€À€À€yÀ€À€À€ï¿½'pÀ€À€À€À€yÀ€À€À€ï¿½'pÀ€À€À€À€yÀ€À€À€ï¿½'pÀ€À€À€À€yÀ€À€À€ï¿½'pÀ€À€À€À€yÀ€À€À€ï¿½'pÀ€À€À€À€yÀ€À€À€ï¿½'pÀ€À€À€À€yÀ€À€À€À€À€À€À€À€À€À€À€À€À€À€À€À€À€À€À€À€À€À€À€À€À€À€À€À€À€À€À€À€À€À€À€À€À€À€À€À€À€À€À€À€À€À€À€À€À€À€À€À€À€À€À€À€À€À€À€À€À€À€À€À€À€À€À€À€À€À€À€À€À€À€À€À€À€À€À€À€À€À€À€À€À€À€À€À€À€À€À€À€À€À€À€À€À€À€À€À€À€À€À€À€À€À€À€À€À€À€À€À€À€À€À€À€À€À€À€À€À€À€À€À€À€À€À€À€À€À€À€À€À€À€À€À€À€À€À€À€À€À€À€À€À€À€À€À€À€À€À€À€À€À€À€À€À€À€À€À€À€À€À€À€À€À€À€À€À€À€À€À€À€À€À€À€À€À€À€À€À€À€À€À€À€À€À€À€À€À€À€À€À€À€À€À€À€À€À€À€À€À€À€À€À€À€À€À€À€À€À€À€À€À€À€À€À€À€À€À€À€À€À€À€À€À€À€À€À€À€À€À€À€À€À€À€À€À€À€À€À€À€À€À€À€À€À€À€À€À€À€À€À€À€À€À€À€À€À€À€À€À€À€À€À€À€À€À€À€À€À€À€À€À€À€À€À€À€À€À€?ï¿½$ï¿½ï¿½À€À€À€À€IENDï¿½B`ï¿½ï¿½PNG
12-08 16:10:12.024 18574 18574 I System.out: 
12-08 16:10:12.024  2551  5119 D VibratorManagerService: converted usage = TOUCH(18)
12-08 16:10:12.024  2551  5119 D VibratorManagerService: vibrate - uid: 10158, opPkg: com.sec.android.app.launcher, effect: Mono{mEffect=Composed{segments=[SemHaptic{mType=50047, mMagnitude=-1}], repeat=-1, mMagnitudeType=TYPE_TOUCH}}, attrs: VibrationAttributes{mUsage=TOUCH, mAudioUsage= USAGE_UNKNOWN, mFlags=0, tags=}, reason: null, token: android.os.BinderProxy@918d2a0
12-08 16:10:12.024  2551  5119 D SingleVibrationSession: semIndexVibrate : EFFECT_CLICK_GESTURE(23), repeat: -1, usage: TOUCH(18), magnitude: 10000
12-08 16:10:12.024 16866 16866 I HoneySpace.KeyInjector: injectKey 187[RECENT]
12-08 16:10:12.024  2551  5119 D VibratorManagerService: Starting vibrate for vibration 63719
12-08 16:10:12.024 16866 16866 I HoneySpace.KeyInjector: pressKey, 187, displayId = 0
12-08 16:10:12.024  2551  5119 D VibratorManagerService: Check AppOp mode VIBRATE for uid 10158 and package com.sec.android.app.launcher returned audio=allow, op=allow
12-08 16:10:12.024  2551  5119 D VibratorManagerService: Starting vibration 63719 on thread
12-08 16:10:12.025  2551  5119 D VibratorManagerService: Start AppOp mode VIBRATE for uid 10158 and package com.sec.android.app.launcher returned allow
12-08 16:10:12.025  2551  5808 D InputDispatcher: Inject key (16866/10158): action=0, f=0x48, d=0, time=602231905000000
12-08 16:10:12.025  2551  5808 D PhoneWindowManager: interceptKeyTq keycode=187 interactive=true keyguardActive=false policyFlags=2b000002
12-08 16:10:12.025  2551  5808 I SystemKeyManager: requested systemKeyInfo size=1 focusedWindow=com.teslacoilsw.launcher/com.teslacoilsw.launcher.NovaLauncher
12-08 16:10:12.025  2551  5808 D SingleKeyGesture: interceptKeyDown, info : KeyCode=KEYCODE_UNKNOWN, size=0
12-08 16:10:12.025  2551  5808 D PhoneWindowManagerExt: interceptKeyTq code=187 down=true repeatCount=0 displayId=0 interactive=true powerCombination=false
12-08 16:10:12.025  2551  5808 I SystemKeyManager: requested systemKeyInfo size=1 focusedWindow=com.teslacoilsw.launcher/com.teslacoilsw.launcher.NovaLauncher
12-08 16:10:12.025  2551  5808 D PhoneWindowManager: interceptKeyTq interceptKeyResult=1
12-08 16:10:12.026  2551  5119 D InputDispatcher: Inject key (16866/10158): action=1, f=0x48, d=0, time=602231906000000
12-08 16:10:12.026  2551  5119 D PhoneWindowManager: interceptKeyTq keycode=187 interactive=true keyguardActive=false policyFlags=2b000002
12-08 16:10:12.026  2551  5119 I SystemKeyManager: requested systemKeyInfo size=1 focusedWindow=com.teslacoilsw.launcher/com.teslacoilsw.launcher.NovaLauncher
12-08 16:10:12.026  2551  5119 D PhoneWindowManagerExt: interceptKeyTq code=187 down=false repeatCount=0 displayId=0 interactive=true powerCombination=false
12-08 16:10:12.026  2551  5119 I SystemKeyManager: requested systemKeyInfo size=1 focusedWindow=com.teslacoilsw.launcher/com.teslacoilsw.launcher.NovaLauncher
12-08 16:10:12.026  2551  5119 D PhoneWindowManager: interceptKeyTq interceptKeyResult=1
12-08 16:10:12.026  2551  2820 D PhoneWindowManager: handleKeyGestureEvent, type=1003 keyguardOn=false displayId=0
12-08 16:10:12.026 16866 16866 I HoneySpace.HintStateAnimationHelper: holding
12-08 16:10:12.027  2551  3860 D VibrationThread: Playing vibration id 63719 StartSequentialEffectStep
12-08 16:10:12.027  2551  3860 D VibrationThread: StartSequentialEffectStep for effect ***REMOVED***0
12-08 16:10:12.027  2551  3860 D SemHapticStep: sepIndex=23, intensity=10000, repeat=false, duration=120
12-08 16:10:12.027  2551  3860 D SemHapticStep: Turning on vibrator 0 for 120ms
12-08 16:10:12.028  2551  3872 D PhoneWindowManager: handleKeyGestureEvent, type=4 keyguardOn=false displayId=0
12-08 16:10:12.028  2551  3872 I SystemKeyManager: requested systemKeyInfo size=1 focusedWindow=com.teslacoilsw.launcher/com.teslacoilsw.launcher.NovaLauncher
12-08 16:10:12.028  2551  3872 I SystemKeyManager: requested systemKeyInfo size=1 focusedWindow=com.teslacoilsw.launcher/com.teslacoilsw.launcher.NovaLauncher
12-08 16:10:12.028  2551  3872 D PhoneWindowManager: handleKeyGestureEvent, type=4 keyguardOn=false displayId=0
12-08 16:10:12.028  2551  3872 I SystemKeyManager: requested systemKeyInfo size=1 focusedWindow=com.teslacoilsw.launcher/com.teslacoilsw.launcher.NovaLauncher
12-08 16:10:12.028  2551  3872 D PhoneWindowManager: toggleRecentApps
12-08 16:10:12.029  2551  3872 I SystemKeyManager: requested systemKeyInfo size=1 focusedWindow=com.teslacoilsw.launcher/com.teslacoilsw.launcher.NovaLauncher
12-08 16:10:12.030  1700  1700 E SecVibrator-HAL-AIDL-EXT: V_5_0: performPrebakedHapticPattern 23 : 10000 : 0
12-08 16:10:12.031  1700  1700 E SecVibrator-HAL-AIDL-CORE: HW_API: [setForceFeedbackAmplitude]amplitude: 10000
12-08 16:10:12.032 16866 15106 I HoneySpace.TISBinder: onOverviewToggle
12-08 16:10:12.032 16866 17312 I HoneySpace.TISBinder: onOverviewToggle - invoke event
12-08 16:10:12.032 16866 14520 I HoneySpace.OverviewEventHandler: OverviewToggleEvent: false / true
12-08 16:10:12.032 16866 14520 I HoneySpace.OverviewEventHandler: closeSystemWindow
12-08 16:10:12.034 16866 14520 I HoneySpace.OverviewEventHandler: sendRecentsToggleEvent() canOpenRecents: true, isHomeTask: true, requestFocus: false
12-08 16:10:12.035 16866 14520 I HoneySpace.OverviewEventHandler: requestFocus false
12-08 16:10:12.035 16866 14520 I HoneySpace.OverviewEventHandler: startSpaceRootViewAnimation
12-08 16:10:12.035 16866 16866 I HoneySpace.TaskBooster: boost TASK_BOOST: 16866
12-08 16:10:12.036  4309  4309 V ShellDragAndDrop: Receive android.intent.action.CLOSE_SYSTEM_DIALOGS
12-08 16:10:12.036  4309  4406 V ShellDragAndDrop: Do not update drop target window visibility: window is already set to 4.
12-08 16:10:12.036  4309  4309 D PopupUI.PopupUI: PopupUIReceiver.onReceive() action : android.intent.action.CLOSE_SYSTEM_DIALOGS
12-08 16:10:12.037  4309  4309 D SimTrayProtectionViewModel: dismiss : isFoldedState()falseisRemoveSimtray() : true
12-08 16:10:12.037 16866 16866 I HoneySpace.HoneySpaceManagerImpl: getCurrentSpace() packageName=com.sec.android.app.launcher, key=OneUISpace
12-08 16:10:12.037 16866 16866 I HoneySpace.ShellTransitionManager: startShellTransition com.honeyspace.sdk.transition.ShellTransition$Info@99b552e, forceStart: false
12-08 16:10:12.037 16866 16866 I HoneySpace.ShellAnimationRunner: setDelegate, delegate-com.honeyspace.transition.delegate.RecentsOpenAnimationDelegate@aab78cf, strong-false
12-08 16:10:12.037 16866 16866 I HoneySpace.ShellTransitionManager: open start
12-08 16:10:12.038  7578  7578 I SAMSUNGWALLET: [Hint_PayHintService] onReceive() action=android.intent.action.CLOSE_SYSTEM_DIALOGS
12-08 16:10:12.038  2551  5119 W LauncherAppsService: getMainActivityLaunchIntent return null because it can't launch component=ComponentInfo{com.sec.android.app.launcher/com.android.quickstep.RecentsActivity} user=UserHandle{0} appsSize=0 includeArchivedApps=true isArchivingEnabled=true matchingArchivedAppActivityInfo=null
12-08 16:10:12.038 16866 15106 I HoneySpace.LauncherProvider: call - android.uid.systemui:10047, get_internal_Dex_status, internal_dex_status
12-08 16:10:12.038 16866 15106 I HoneySpace.ExternalMethodItem: undefined - param is null
12-08 16:10:12.039  4309  4309 D LocationControllerImpl: onReceive() = android.intent.action.CLOSE_SYSTEM_DIALOGS
12-08 16:10:12.039  4309  4309 D ***REMOVED***SAT_VolumeStarStore: dispatch [ACTION_DISMISS_REQUESTED with [STATE_NO_DISPATCH], currentAction={isFromOutside : true}, currentState={activeStream=3(vol=1500), stream=3(vol=1500) } isCaptionComponentEnabled : true, isHasVibrator : true, isVoiceCapable : true, isMediaDefaultEnabled : true, earProtectLevel : 909, timeOut : 3000, cutoutHeight : 0, iconTargetState : 2, activeStream : 3, ringerModeInternal : 1, timeOutControlsText : 0, pinDevice : 0, timeOutControls : 0, iconCurrentState : 2, stream : 3, systemTimeNow : 600362609}
12-08 16:10:12.039  2551  5808 D ActivityTaskManager: startActivityAsUser: callingPid=16866, callingUid=10158, caller=com.android.server.wm.ActivityTaskManagerService.startActivity:123 android.app.IActivityTaskManager$Stub.onTransact:1493 com.android.server.wm.ActivityTaskManagerService.onTransact:1 android.os.Binder.execTransactInternal:1457 android.os.Binder.execTransact:1401 <bottom of call stack> <bottom of call stack> 
12-08 16:10:12.039  4309  4309 D ***REMOVED***SAT_VolumeStarStore:   * New State : [STATE_NO_DISPATCH]
12-08 16:10:12.039 18574 18574 I System.out: À€À€À€IHDRÀ€À€8À€À€À€TÀ€À€À€giï¿½ï¿½À€À€À€sRGBÀ€ï¿½ï¿½ï¿½À€À€À€sBIT|dï¿½À€À€ï¿½IDATxï¿½ï¿½Ø±	ï¿½À€EA5lÒºlï¿½ï¿½bm@8Aï¿½x8oï¿½ï¿½}ï¿½ï¿½bï¿½wÝ¯ï¿½~ï¿½m|rÀ€À€À€ï¿½ï¿½^3ï¿½{À€À€À€À€ï¿½]À€À€À€ï¿½'pÀ€À€À€À€yÀ€À€À€ï¿½'pÀ€À€À€À€yÀ€À€À€ï¿½'pÀ€À€À€À€yÀ€À€À€ï¿½'pÀ€À€À€À€yÀ€À€À€ï¿½'pÀ€À€À€À€yÀ€À€À€ï¿½'pÀ€À€À€À€yÀ€À€À€ï¿½'pÀ€À€À€À€yÀ€À€À€ï¿½'pÀ€À€À€À€À€À€À€À€À€À€À€À€À€À€À€À€À€À€À€À€À€À€À€À€À€À€À€À€À€À€À€À€À€À€À€À€À€À€À€À€À€À€À€À€À€À€À€À€À€À€À€À€À€À€À€À€À€À€À€À€À€À€À€À€À€À€À€À€À€À€À€À€À€À€À€À€À€À€À€À€À€À€À€À€À€À€À€À€À€À€À€À€À€À€À€À€À€À€À€À€À€À€À€À€À€À€À€À€À€À€À€À€À€À€À€À€À€À€À€À€À€À€À€À€À€À€À€À€À€À€À€À€À€À€À€À€À€À€À€À€À€À€À€À€À€À€À€À€À€À€À€À€À€À€À€À€À€À€À€À€À€À€À€À€À€À€À€À€À€À€À€À€À€À€À€À€À€À€À€À€À€À€À€À€À€À€À€À€À€À€À€À€À€À€À€À€À€À€À€À€À€À€À€À€À€À€À€À€À€À€À€À€À€À€À€À€À€À€À€À€À€À€À€À€À€À€À€À€À€À€À€À€À€À€À€À€À€À€À€À€À€À€À€À€À€À€À€À€À€À€À€À€À€À€À€À€À€À€À€À€À€À€À€À€À€À€À€À€À€À€À€À€À€À€À€À€À€À€À€À€ï¿½ï¿½ï¿½$Qã¦À€À€À€À€IENDï¿½B`ï¿½ï¿½PNG
12-08 16:10:12.039 18574 18574 I System.out: 
12-08 16:10:12.040  2551  5808 D ActivityTaskManager: DesktopModeLaunchParamsModifier: task=null activity=null task null, skipping
12-08 16:10:12.040  2551  5808 D ActivityTaskManager: TaskLaunchParamsModifier:task=null activity=null display-from-option=0 display-id=0 task-display-area-windowing-mode=1 suggested-display-area=DefaultTaskDisplayArea_d0@66295020
12-08 16:10:12.040  2551  5808 W OptProp : Cannot read opt property android.window.PROPERTY_COMPAT_ALLOW_RESIZEABLE_ACTIVITY_OVERRIDES
12-08 16:10:12.040  2551  5808 W OptProp : Cannot read opt property android.window.PROPERTY_COMPAT_ALLOW_MIN_ASPECT_RATIO_OVERRIDE
12-08 16:10:12.041  2551  5808 D WindowManager: Transition is created, t=TransitionRecord{393601b id=-1 type=OPEN flags=0x0}, caller=com.android.server.wm.Transition.<init>:182 com.android.server.wm.TransitionController.createAndStartCollecting:106 com.android.server.wm.ActivityStarter.executeRequest:3606 com.android.server.wm.ActivityStarter.execute:1752 com.android.server.wm.ActivityTaskManagerService.startActivityAsUser:95 
12-08 16:10:12.041  2551  5808 D BLASTSyncEngine: SyncGroup is created, id=16072, name=Transition-OPEN, caller=com.android.server.wm.BLASTSyncEngine$SyncGroup.<init>:52 com.android.server.wm.TransitionController.moveToCollecting:79 com.android.server.wm.TransitionController.createAndStartCollecting:109 com.android.server.wm.ActivityStarter.executeRequest:3606 com.android.server.wm.ActivityStarter.execute:1752 com.android.server.wm.ActivityTaskManagerService.startActivityAsUser:95 com.android.server.wm.ActivityTaskManagerService.startActivity:123 
12-08 16:10:12.041  2551  5808 W BLASTSyncEngine: setSyncMethod, id=16072, method=0, caller=com.android.server.wm.TransitionController.moveToCollecting:91 com.android.server.wm.TransitionController.createAndStartCollecting:109 com.android.server.wm.ActivityStarter.executeRequest:3606 
12-08 16:10:12.041  2551  5808 V WindowManager: Start collecting in Transition: TransitionRecord{393601b id=16072 type=OPEN flags=0x0}, caller=com.android.server.wm.TransitionController.createAndStartCollecting:109 com.android.server.wm.ActivityStarter.executeRequest:3606 com.android.server.wm.ActivityStarter.execute:1752 com.android.server.wm.ActivityTaskManagerService.startActivityAsUser:95 com.android.server.wm.ActivityTaskManagerService.startActivity:123 
12-08 16:10:12.041  2551  5808 V WindowManager: Collecting in transition 16072: ActivityRecord{216683960 u0 com.sec.android.app.launcher/com.android.quickstep.RecentsActivity, caller=com.android.server.wm.TransitionController.collect:7 com.android.server.wm.ActivityStarter.startActivityUnchecked:98 com.android.server.wm.ActivityStarter.executeRequest:3651 com.android.server.wm.ActivityStarter.execute:1752 com.android.server.wm.ActivityTaskManagerService.startActivityAsUser:95 
12-08 16:10:12.041  2551  5808 D ActivityTaskManager: DesktopModeLaunchParamsModifier: task=null activity=ActivityRecord{216683960 u0 com.sec.android.app.launcher/com.android.quickstep.RecentsActivity t-1} task null, skipping
12-08 16:10:12.041  2551  5808 D ActivityTaskManager: TaskLaunchParamsModifier:task=null activity=ActivityRecord{216683960 u0 com.sec.android.app.launcher/com.android.quickstep.RecentsActivity t-1} display-from-option=0 display-id=0 task-display-area-windowing-mode=1 suggested-display-area=DefaultTaskDisplayArea_d0@66295020
12-08 16:10:12.041  2551  5808 D ActivityTaskManager: DesktopModeLaunchParamsModifier: task=Task{7700ed1 ***REMOVED***13302 type=recents I=com.sec.android.app.launcher/com.android.quickstep.RecentsActivity} activity=ActivityRecord{216683960 u0 com.sec.android.app.launcher/com.android.quickstep.RecentsActivity t-1} non-desktop, skipping
12-08 16:10:12.041  2551  5808 D ActivityTaskManager: TaskLaunchParamsModifier:task=Task{7700ed1 ***REMOVED***13302 type=recents I=com.sec.android.app.launcher/com.android.quickstep.RecentsActivity} activity=ActivityRecord{216683960 u0 com.sec.android.app.launcher/com.android.quickstep.RecentsActivity t-1} display-from-option=0 display-id=0 task-display-area-windowing-mode=1 suggested-display-area=DefaultTaskDisplayArea_d0@66295020 inherit-from-task=fullscreen non-freeform-task-display-area display-area=DefaultTaskDisplayArea_d0@66295020 default-portrait freeform-size-mismatch=Rect(81, 627 - 999, 1797)
12-08 16:10:12.041  2551  5808 I SemDvfsHyPerManager: acquire hyper - AMS_ACT_START/2551@20, type = -999
12-08 16:10:12.042  2551  5808 D ActivityManagerPerformance: AMP_acquire() ACT_START
12-08 16:10:12.042  2551  5808 D ActivityTaskManager: DesktopModeLaunchParamsModifier: task=Task{7700ed1 ***REMOVED***13302 type=recents I=com.sec.android.app.launcher/com.android.quickstep.RecentsActivity} activity=ActivityRecord{216683960 u0 com.sec.android.app.launcher/com.android.quickstep.RecentsActivity t-1} non-desktop, skipping
12-08 16:10:12.042  2551  5808 D ActivityTaskManager: TaskLaunchParamsModifier:task=Task{7700ed1 ***REMOVED***13302 type=recents I=com.sec.android.app.launcher/com.android.quickstep.RecentsActivity} activity=ActivityRecord{216683960 u0 com.sec.android.app.launcher/com.android.quickstep.RecentsActivity t-1} display-from-option=0 display-id=0 task-display-area-windowing-mode=1 suggested-display-area=DefaultTaskDisplayArea_d0@66295020 inherit-from-task=fullscreen non-freeform-task-display-area display-area=DefaultTaskDisplayArea_d0@66295020 default-portrait freeform-size-mismatch=Rect(81, 627 - 999, 1797)
12-08 16:10:12.042  1629  1662 I HYPER-HAL: [RequestManager.cpp]acquire(): Acquired ID : 3306326  [2551 / 20]    HINT : AMS_ACT_START    list : 
12-08 16:10:12.042  2551  5808 D ActivityTaskManager: scheduleTopResumedActivityChanged, onTop=false, r=ActivityRecord{222932395 u0 com.teslacoilsw.launcher/.NovaLauncher t11997}, caller=com.android.server.wm.ActivityTaskSupervisor.scheduleTopResumedActivityStateLossIfNeeded:19 com.android.server.wm.ActivityTaskSupervisor.updateTopResumedActivityIfNeeded:20 com.android.server.wm.TaskDisplayArea.positionChildAt:252 com.android.server.wm.Task.moveToFront:40 com.android.server.wm.ActivityRecord.moveFocusableActivityToTop:251 com.android.server.wm.Task.moveTaskToFront:196 
12-08 16:10:12.042  2551  5808 V WindowManager: Checking theme of starting window: 0x7f15042a
12-08 16:10:12.042  2551  5808 V WindowManager: Translucent=false Floating=false ShowWallpaper=true Disable=false
12-08 16:10:12.042  2551  5808 D ActivityTaskManager: addStartingWindow: type=0 typeParameter=1e
12-08 16:10:12.043  2551  5808 V WindowManager: Collecting in transition 16072: ActivityRecord{222932395 u0 com.teslacoilsw.launcher/.NovaLauncher t11997}, caller=com.android.server.wm.TransitionController.collect:7 com.android.server.wm.ActivityRecord.setVisibility:132 com.android.server.wm.ActivityRecord.makeInvisible:32 com.android.server.wm.EnsureActivitiesVisibleHelper.process:542 com.android.server.wm.TaskFragment.updateActivityVisibilities:12 
12-08 16:10:12.043  2551  5808 D WindowManager: prepareSync <SYNC_STATE_WAITING_FOR_DRAW>, mPrepareSyncSeqId=0, win=Window{5c96b7f u0 com.teslacoilsw.launcher/com.teslacoilsw.launcher.NovaLauncher}
12-08 16:10:12.043  2551  5808 D WindowManager: prepareSync <SYNC_STATE_WAITING_FOR_DRAW>, mPrepareSyncSeqId=0, win=Window{7568fa9 u0 com.teslacoilsw.launcher/com.teslacoilsw.launcher.NovaLauncher}
12-08 16:10:12.043  2551  5808 V WindowManager: Collecting in transition 16072: WallpaperWindowToken{d5f0aa7 showWhenLocked=true}_<lock>, caller=com.android.server.wm.Transition.collect:387 com.android.server.wm.TransitionController.collect:7 com.android.server.wm.ActivityRecord.setVisibility:132 com.android.server.wm.ActivityRecord.makeInvisible:32 com.android.server.wm.EnsureActivitiesVisibleHelper.process:542 
12-08 16:10:12.043  2551  5808 V WindowManager: Collecting in transition 16072: WallpaperWindowToken{61d5f19 showWhenLocked=false}_<system>, caller=com.android.server.wm.Transition.collect:410 com.android.server.wm.TransitionController.collect:7 com.android.server.wm.ActivityRecord.setVisibility:132 com.android.server.wm.ActivityRecord.makeInvisible:32 com.android.server.wm.EnsureActivitiesVisibleHelper.process:542 
12-08 16:10:12.044  2551  5808 V WindowManager: Collecting in transition 16072: ActivityRecord{206592504 u0 com.sec.android.app.launcher/com.android.quickstep.RecentsActivity t13302}, caller=com.android.server.wm.TransitionController.collect:7 com.android.server.wm.ActivityRecord.setVisibility:132 com.android.server.wm.TaskFragment.resumeTopActivity:1662 com.android.server.wm.Task.resumeTopActivityInnerLocked:119 com.android.server.wm.Task.resumeTopActivityUncheckedLocked:23 
12-08 16:10:12.044  2551  5808 D WindowManager: prepareSync <SYNC_STATE_WAITING_FOR_DRAW>, mPrepareSyncSeqId=0, win=Window{90de50f u0 com.sec.android.app.launcher/com.android.quickstep.RecentsActivity}
12-08 16:10:12.044  2551  5808 V WindowManager: Setting visibility of Window{90de50f u0 com.sec.android.app.launcher/com.android.quickstep.RecentsActivity}: true, caller=com.android.server.wm.WindowContainer.sendAppVisibilityToClients:19 com.android.server.wm.WindowToken.setClientVisible:48 com.android.server.wm.ActivityRecord.setVisibility:486 com.android.server.wm.TaskFragment.resumeTopActivity:1662 com.android.server.wm.Task.resumeTopActivityInnerLocked:119 
12-08 16:10:12.044  2551  5808 D SGM:FgCheckThread: TaskStackListener.onTaskFocusChanged(), taskId=11997, focused=false
12-08 16:10:12.044  2551  5808 D SGM:FgCheckThread: TaskStackListener.onTaskFocusChanged(), taskId=13302, focused=true
12-08 16:10:12.045 18574 18574 I System.out: À€À€À€IHDRÀ€À€8À€À€À€TÀ€À€À€giï¿½ï¿½À€À€À€sRGBÀ€ï¿½ï¿½ï¿½À€À€À€sBIT|dï¿½À€À€ï¿½IDATxï¿½ï¿½ï¿½1
12-08 16:10:12.045  2551  5808 D SGM:FgCheckThread:   sendRunningComponentFocus(), pkgName: com.sec.android.app.launcher, userId: 0
12-08 16:10:12.045  2551  3898 D SGM:FgCheckThread: onLooperPrepared(), msg: MSG_TASK_FOCUSED, pkgName: com.sec.android.app.launcher, userId: 0
12-08 16:10:12.045  2551  5808 D InputDispatcher: Focused application(0): ActivityRecord{206592504 u0 com.sec.android.app.launcher/com.android.quickstep.RecentsActivity t13302}
12-08 16:10:12.045  2551  4072 D AS.MultiSoundManager: mForegroundUid = 10158
12-08 16:10:12.045  2551  3898 D SGM:FgCheckThread: handleTaskFocused().
12-08 16:10:12.045  2551  3898 D SGM:FgCheckThread: sendFocusOutConditionally() - mPrevNotiPkg: KILL_YOURSELF, userId: 0
12-08 16:10:12.045  2551  3898 D SGM:FgCheckThread:   handleTaskFocused(), pkgName: com.sec.android.app.launcher, userID:0 mResumedPkgMap does not containsKey.
12-08 16:10:12.046  2551  5808 D WindowManager: Changing focus from Window{7568fa9 u0 com.teslacoilsw.launcher/com.teslacoilsw.launcher.NovaLauncher} to null displayId=0 Callers=com.android.server.wm.ActivityTaskManagerService.setLastResumedActivityUncheckLocked:264 com.android.server.wm.ActivityTaskSupervisor.updateTopResumedActivityIfNeeded:51 com.android.server.wm.TaskFragment.setResumedActivity:30 com.android.server.wm.ActivityRecord.setState:100 
12-08 16:10:12.046  2551  5808 V SystemKeyManager: updateFocusedWindow() is called, 
12-08 16:10:12.046  2551  5808 I SystemKeyManager: isSystemKeyEventRequested() : focusedWindow is empty.
12-08 16:10:12.046  2551  5808 I SystemKeyManager: isSystemKeyEventRequested() : focusedWindow is empty.
12-08 16:10:12.046  2551  5808 V WindowManager: rotationForOrientation(orient=SCREEN_ORIENTATION_LOCKED (14), last=ROTATION_0 (0)); user=ROTATION_0 (0) 
12-08 16:10:12.046  2551  5808 D WindowManager: rotationForOrientation, orientationSource=ActivityRecord{206592504 u0 com.sec.android.app.launcher/com.android.quickstep.RecentsActivity t13302}
12-08 16:10:12.046  2551  5808 V WindowManager: Computed rotation=ROTATION_0 (0) for display id=0 based on lastOrientation=SCREEN_ORIENTATION_LOCKED (14) and oldRotation=ROTATION_0 (0), caller=com.android.server.wm.DisplayRotation.updateOrientation:79 com.android.server.wm.DisplayContent.updateOrientation:41 com.android.server.wm.DisplayContent.updateOrientationAndComputeConfig:48 com.android.server.wm.RootWindowContainer.ensureVisibilityAndConfig:7 com.android.server.wm.TaskFragment.resumeTopActivity:1724 com.android.server.wm.Task.resumeTopActivityInnerLocked:119 
12-08 16:10:12.047  2551  5808 V WindowManager: Collecting in transition 16072: ActivityRecord{216683960 u0 com.sec.android.app.launcher/com.android.quickstep.RecentsActivity t-1}, caller=com.android.server.wm.Transition.collectExistenceChange:40 com.android.server.wm.ActivityStarter.handleStartResult:761 com.android.server.wm.ActivityStarter.startActivityUnchecked:124 com.android.server.wm.ActivityStarter.executeRequest:3651 com.android.server.wm.ActivityStarter.execute:1752 
12-08 16:10:12.047  2551  5808 V WindowManager: Requesting StartTransition: TransitionRecord{393601b id=16072 type=OPEN flags=0x0 c=[
12-08 16:10:12.047  2551  5808 V WindowManager:    ChangeInfo{5f9eef6 container=DefaultTaskDisplayArea_d0@66295020 flags=0x0}
12-08 16:10:12.047  2551  5808 V WindowManager:    ChangeInfo{a7de2f7 container=Display{***REMOVED***0 state=ON size=1080x2340 ROTATION_0} flags=0x0}
12-08 16:10:12.047  2551  5808 V WindowManager:    ChangeInfo{4cb1564 container=WallpaperWindowToken{61d5f19 showWhenLocked=false}_<system> flags=0x0}
12-08 16:10:12.047  2551  5808 V WindowManager:    ChangeInfo{a54c3cd container=Task{7700ed1 ***REMOVED***13302 type=recents I=com.sec.android.app.launcher/com.android.quickstep.RecentsActivity} flags=0x0}
12-08 16:10:12.047  2551  5808 V WindowManager:    ChangeInfo{74e0482 container=Task{844c902 ***REMOVED***1 type=home} flags=0x0}
12-08 16:10:12.047  2551  5808 V WindowManager:    ChangeInfo{23b793 container=Task{88b3c08 ***REMOVED***11997 type=home I=com.teslacoilsw.launcher/.NovaLauncher} flags=0x0}
12-08 16:10:12.047  2551  5808 V WindowManager:    ChangeInfo{fd623d0 container=RemoteWallpaperAnim:1:1@150814965 flags=0x0}
12-08 16:10:12.047  2551  5808 V WindowManager:    ChangeInfo{ff6cfc9 container=ActivityRecord{206592504 u0 com.sec.android.app.launcher/com.android.quickstep.RecentsActivity t13302} flags=0x0}
12-08 16:10:12.047  2551  5808 V WindowManager:    ChangeInfo{ddbe6ce container=ActivityRecord{216683960 u0 com.sec.android.app.launcher/com.android.quickstep.RecentsActivity t-1} flags=0x0}
12-08 16:10:12.047  2551  5808 V WindowManager:    ChangeInfo{84839ef container=ActivityRecord{222932395 u0 com.teslacoilsw.launcher/.NovaLauncher t11997} flags=0x0}
12-08 16:10:12.047  2551  5808 V WindowManager:    ChangeInfo{641acfc container=WallpaperWindowToken{d5f0aa7 showWhenLocked=true}_<lock> flags=0x0}
12-08 16:10:12.047  2551  5808 V WindowManager: ]
12-08 16:10:12.047  2551  5808 V WindowManager: }, caller=com.android.server.wm.ActivityStarter.handleStartResult:982 com.android.server.wm.ActivityStarter.startActivityUnchecked:124 com.android.server.wm.ActivityStarter.executeRequest:3651 com.android.server.wm.ActivityStarter.execute:1752 com.android.server.wm.ActivityTaskManagerService.startActivityAsUser:95 
12-08 16:10:12.048  2551  5808 V WindowManager: Collecting in transition 16072: WallpaperWindowToken{61d5f19 showWhenLocked=false}_<system>, caller=com.android.server.wm.TransitionController.collect:7 com.android.server.wm.WallpaperWindowToken.setVisibility:55 com.android.server.wm.WallpaperController.adjustWallpaperWindows:857 com.android.server.wm.RootWindowContainer.applySurfaceChangesTransaction$1:141 com.android.server.wm.RootWindowContainer.performSurfacePlacementNoTrace:59 
12-08 16:10:12.048  4309  4406 V WindowManagerShell: Transition requested (***REMOVED***16072): android.os.BinderProxy@a2a473 TransitionRequestInfo { type = OPEN, triggerTask = TaskInfo{userId=0 taskId=13302 effectiveUid=10158 displayId=0 isRunning=true baseIntent=Intent { act=android.intent.action.MAIN cat=[android.intent.category.DEFAULT] flg=0x10800000 pkg=com.sec.android.app.launcher cmp=com.sec.android.app.launcher/com.android.quickstep.RecentsActivity } baseActivity=ComponentInfo{com.sec.android.app.launcher/com.android.quickstep.RecentsActivity} topActivity=ComponentInfo{com.sec.android.app.launcher/com.android.quickstep.RecentsActivity} origActivity=null realActivity=ComponentInfo{com.sec.android.app.launcher/com.android.quickstep.RecentsActivity} numActivities=1 lastActiveTime=1144518633 supportsMultiWindow=true resizeMode=2 isResizeable=true minWidth=-1 minHeight=-1 maxWidth=-1 maxHeight=-1 defaultMinSize=220 desktopDefaultMinSize=304 token=WCT{android.window.IWindowContainerToken$Stub$Proxy@74d3f30} topActivityType=3 pictureInPictureParams=null shouldDockBigOverlays=false launchIntoPipHostTaskId=-1 lastParentTaskIdBeforePip=-1 displayCutoutSafeInsets=Rect(0, 0 - 0, 0) topActivityInfo=ActivityInfo{444b7a9 com.android.quickstep.RecentsActivity} launchCookies=[android.os.BinderProxy@6ede12e] positionInParent=Point(0, 0) parentTaskId=-1 isFocused=true isVisible=false isVisibleRequested=true isTopActivityNoDisplay=false isSleeping=false locusId=null displayAreaFeatureId=1 isTopActivityTransparent=false isActivityStackTransparent=false lastNonFullscreenBounds=Rect(81, 627 - 999, 1797) capturedLink=null capturedLinkTimestamp=0 requestedVisibleTypes=-9 topActivityRequestOpenInBrowserEducationTimestamp=0 appCompatTaskInfo=AppCompatTaskInfo { topActivityInSizeCompat=false eligibleForLetterboxEducation= false isLetterboxEducationEnabled= false isLetterboxDoubleTapEnabled= false eligibleForUserAspectRatioButton= false topActivityBoundsLetterboxed= false isFromLetterboxDoubleTap= false topActivityLetterboxVerticalPosition= -1 topActivityLetterboxHorizontalPosition= -1 topActivityLetterboxWidth=-1 topActivityLetterboxHeight=-1 topActivityAppBounds=Rect(0, 0 - 1080, 2340) isUserFullscreenOverrideEnabled=false isSystemFullscreenOverrideEnabled=false hasMinAspectRatioOverride=false topActivityLetterboxBounds=null cameraCompatTaskInfo=CameraCompatTaskInfo { freeformCameraCompatMode=inactive} topActivityBounds=null topActivityInDisplayCompat=false singleTapFromLetterbox=false} topActivityMainWindowFrame=null originallySupportedMultiWindow=true hasWallpaper=false rootAffinity=null isTopTaskInStage=false CoverLauncherWidgetTask=false LaunchedFromAppsCoverLauncherTask=false LaunchedFromMultistarCoverLauncherTask=false isAllowedSeamlessRotation=false isTopTransparentActivity=true isAliasManaged=false hasConfigChanged=false snappingGuideBounds=null isAiKeyRemoveAppTask=false lastDesktopWindowingBounds=null lastExternalDesktopWindowingBounds=null safeCutoutInsets=null}, pipChange = null, remoteTransition = RemoteTransition { remoteTransition = android.window.IRemoteTransition$Stub$Proxy@57914cf, appThread = android.app.IApplicationThread$Stub$Proxy@fff1e5c, debugName = QuickstepLaunchflags =NONE }, displayChange = null, flags = 0, debugId = 16072 }
12-08 16:10:12.048  2551  5808 W PhoneWindowManager: lockNow pending, ignore updating lockscreen timeout
12-08 16:10:12.048  4309  4406 V ShellDesktopMode: DesktopTasksController: isDesktopModeShowing: hasVisibleTasks=false hasTopTransparentFullscreenTask=false
12-08 16:10:12.048  4309  4406 V ShellDesktopMode: DesktopTasksController: isDesktopModeShowing: hasVisibleTasks=false hasTopTransparentFullscreenTask=false
12-08 16:10:12.048  4309  4406 D ShellSplitScreen: logExit: no-op, mLoggerSessionId is null
12-08 16:10:12.048  4309  4406 D ShellDesktopMode: handleRequest: TransitionRequestInfo {type=1, tid=13302, remote=true, debugId=16072}
12-08 16:10:12.048  2551  5808 D SurfaceComposerClient: setCornerRadius ***REMOVED******REMOVED*** 90de50f com.sec.android.app.launcher/com.android.quickstep.RecentsActivity***REMOVED***146422 cornerRadius=0.000000
12-08 16:10:12.048  4309  4406 V ShellDesktopMode: DesktopTasksController: skipping handleRequest reason=activityType not handled (3)
12-08 16:10:12.048  2551  5808 D SurfaceControl: restrictHighRefreshRate, enabled=false
12-08 16:10:12.048  4309  4406 V WindowManagerShell: RemoteTransition directly requested for (***REMOVED***16072) android.os.BinderProxy@a2a473: RemoteTransition { remoteTransition = android.window.IRemoteTransition$Stub$Proxy@57914cf, appThread = android.app.IApplicationThread$Stub$Proxy@fff1e5c, debugName = QuickstepLaunchflags =NONE }
12-08 16:10:12.048  4309  4406 V WindowManagerShell: Transition (***REMOVED***16072): request handled by RemoteTransitionHandler
12-08 16:10:12.048  1737  3937 I SurfaceFlinger: HRR : 0
12-08 16:10:12.048  1700  1700 E SecVibrator-HAL-AIDL-CORE: HW_API: [uploadForceFeedbackeffect]ioctl success ,uploaded effect with ID: 0
12-08 16:10:12.049  1700  1700 E SecVibrator-HAL-AIDL-CORE: HW_API: do_on for timeoutMs: 1000
12-08 16:10:12.049  1700  1700 E SecVibrator-HAL-AIDL-CORE: HW_API: [triggerForceFeedbackVibration]on: 1
12-08 16:10:12.049  2551  5489 D MotionRecognitionService: inject vibrator info = 1.0
12-08 16:10:12.049  2551  5808 I Pageboost: stop alp
12-08 16:10:12.049  2551  5808 I ActivityTaskManager: START u0 {act=android.intent.action.MAIN cat=[android.intent.category.DEFAULT] flg=0x10000000 xflg=0x4 cmp=com.sec.android.app.launcher/com.android.quickstep.RecentsActivity bnds=[0,0][0,0]} with LAUNCH_SINGLE_TASK from uid 10158 (BAL_ALLOW_NON_APP_VISIBLE_WINDOW) result code=2
12-08 16:10:12.049  2551  5808 I SemDvfsHyPerManager: acquire hyper - AMS_APP_LAUNCH/2551@21, type = -999
12-08 16:10:12.049  5056  5056 E pageboostd: Received HALT command code 2
12-08 16:10:12.050  1621  1621 I sensors-hal: inject_sensor_data:427, handle:11, type:33 not supported
12-08 16:10:12.050 16866 16866 I HoneySpace.GestureMotionDetector: onScroll, ACTION_DRAG
12-08 16:10:12.050  2551  4441 V WindowManager: Starting Transition 16072, caller=com.android.server.wm.WindowOrganizerController.startTransition:47 com.android.server.wm.WindowOrganizerController.startTransition:1 android.window.IWindowOrganizerController$Stub.onTransact:259 
12-08 16:10:12.050  2551  4441 D BLASTSyncEngine: SyncGroup 16072: Set ready true, caller=com.android.server.wm.BLASTSyncEngine.setReady:32 com.android.server.wm.Transition.applyReady:54 com.android.server.wm.Transition.start:105 com.android.server.wm.WindowOrganizerController.startTransition:47 com.android.server.wm.WindowOrganizerController.startTransition:1 android.window.IWindowOrganizerController$Stub.onTransact:259 
12-08 16:10:12.050 16866 16866 I VRI[RecentsActivity]@1c0609: handleAppVisibility mAppVisible = false visible = true
12-08 16:10:12.050  2551  2820 D SGM:FgCheckThread: notePauseComponent(), received pkgName: com.teslacoilsw.launcher, userId: 0
12-08 16:10:12.050 16866 16866 I VRI[RecentsActivity]@1c0609: stopped(false) old = true
12-08 16:10:12.050  2551  5119 D ActivityTaskManager: scheduleTopResumedActivityChanged, onTop=true, r=ActivityRecord{206592504 u0 com.sec.android.app.launcher/com.android.quickstep.RecentsActivity t13302}, caller=com.android.server.wm.ActivityTaskSupervisor.scheduleTopResumedActivityStateIfNeeded:18 com.android.server.wm.ActivityTaskSupervisor.handleTopResumedStateReleased:44 com.android.server.wm.ActivityClientController.activityTopResumedStateLost:14 android.app.IActivityClientController$Stub.onTransact:716 com.android.server.wm.ActivityClientController.onTransact:1 android.os.Binder.execTransactInternal:1462 
12-08 16:10:12.050  1621  1621 I sensors-hal: inject_sensor_data:427, handle:11, type:33 not supported
12-08 16:10:12.050 16866 16866 I HoneySpace.HoneySystemControllerImpl: isRecentsActivityIdleState true
12-08 16:10:12.051  2551  2821 W PhoneWindowManager: lockNow pending, ignore updating lockscreen timeout
12-08 16:10:12.051  2551  2821 D SurfaceComposerClient: setCornerRadius ***REMOVED******REMOVED*** 90de50f com.sec.android.app.launcher/com.android.quickstep.RecentsActivity***REMOVED***146422 cornerRadius=0.000000
12-08 16:10:12.051  2551  2821 D BLASTSyncEngine: SyncGroup 16072:  Unfinished container: ActivityRecord{206592504 u0 com.sec.android.app.launcher/com.android.quickstep.RecentsActivity t13302} mSyncState=2
12-08 16:10:12.051  2551  4102 I CocktailBarManagerServiceContainer: handleMessage: entry what = 6
12-08 16:10:12.051 16866 16866 I HoneySpace.RecentsActivity: !@Boot_EBS_D: RecentsActivity.onResume()
12-08 16:10:12.051 16866 16866 I HoneySpace.TaskListPot[b63bd41]: onResume() called
12-08 16:10:12.051 16866 16866 I HoneySpace.TaskListViewModel[58272659]: initRotation
12-08 16:10:12.051 16866 16866 I HoneySpace.TaskListViewModel[58272659]: registerSensorListener, StandaloneCoroutine{Cancelled}@eb66df4
12-08 16:10:12.051 16866 16866 I HoneySpace.TaskListViewModel[58272659]: unregisterSensorListener, StandaloneCoroutine{Cancelled}@eb66df4
12-08 16:10:12.051 16866 16866 I HoneySpace.RecentscreenPot: onResume() called
12-08 16:10:12.051 17814 22803 I Routine@Core[4.9.04.13]: ActivityWatcherListenerImpl: onPauseComponent: componentName - com.teslacoilsw.launcher, userId: 0
12-08 16:10:12.052 16866 16866 I HoneySpace.TaskListLoadCheckerImpl: setLoadingCondition: 1, loadingCondition: 7
12-08 16:10:12.052 16866 16866 I HoneySpace.SuggestedAppsShowCheckerImpl: setShowCondition: 4, showCondition: 4
12-08 16:10:12.052 16866 16866 I HoneySpace.SuggestedAppsPot: waitSuggestedAppsShowCheckerEvent
12-08 16:10:12.052 16866 16866 I HoneySpace.SuggestedAppsShowCheckerImpl: emitEvent, needToShowWithoutAnimationEvent: false needToShowAnimationEvent: false needToShowAnimationWhenTimeout: false
12-08 16:10:12.052 17814 22803 I Routine@Core[4.9.04.13]: Pref: removeSharedPrefsData() key=condition_launch_app_data_resume_pkg
12-08 16:10:12.052 17814 29950 I Routine@Core[4.9.04.13]: ActivityWatcherListenerImpl: onPauseComponent: componentName - com.teslacoilsw.launcher, userId: 0
12-08 16:10:12.052 16866 14520 I HoneySpace.TaskListViewModel[58272659]: registerListener, currentJob: StandaloneCoroutine{Active}@149f0f4, sensorJob: StandaloneCoroutine{Active}@149f0f4, listener: a6.m0@49e201d
12-08 16:10:12.052  2551  2933 D AnalyticsContainerHandler: handleMessage : { when=-1ms what=1 target=com.android.server.knox.KnoxAnalyticsContainer$AnalyticsHandler }
12-08 16:10:12.052 17814 29950 I Routine@Core[4.9.04.13]: Pref: removeSharedPrefsData() key=condition_launch_game_data_resume_pkg
12-08 16:10:12.052  1621  1621 I sensors-hal: inject_sensor_data:427, handle:11, type:33 not supported
12-08 16:10:12.052 16866 17521 I HoneySpace.SPayHandler: updateSpayHandler, show = false, defaultPage = false
12-08 16:10:12.053  2551  2933 D AnalyticsContainerHandler: handleMessage : { when=0 what=2 target=com.android.server.knox.KnoxAnalyticsContainer$AnalyticsHandler }
12-08 16:10:12.053 16866 31946 I HoneySpace.OverviewEventHandler: sendGestureEventFromHome: 16
12-08 16:10:12.053 16866 31946 I HoneySpace.OverviewEventHandler: emitSuggestedAppsEnterAnimationEvent
12-08 16:10:12.053 16866 16866 I HoneySpace.GestureEventController[4daa021]: InitBeforeEnter, homeIsOnTop: true
12-08 16:10:12.053 16866 16866 I HoneySpace.SubViewsProgressRepositoryImpl: taskLaunchProgress: 0.0, recentsEnteringProgress: 0.0
12-08 16:10:12.053 16866 16866 I HoneySpace.CloseAllProgressRepositoryImpl: taskLaunchProgress: 0.0, recentsEnteringProgress: 0.0
12-08 16:10:12.053 16866 16866 I HoneySpace.SuggestedAppsProgressRepositoryImpl: taskLaunchProgress: 0.0, recentsEnteringProgress: 0.0, timeoutProgress: 0.0, enabledProgress: 1.0, closeRecentsProgress: 1.0
12-08 16:10:12.053 16866 16866 I HoneySpace.SubViewsProgressRepositoryImpl: taskLaunchProgress: 0.0, recentsEnteringProgress: 0.0
12-08 16:10:12.053 17814  5381 I Routine@Core[4.9.04.13]: ModeOrderObserver: ModeOrderObserver:onChange: uri content://com.samsung.android.app.routines.routineprovider/preference
12-08 16:10:12.053 16866 16866 I HoneySpace.CloseAllProgressRepositoryImpl: taskLaunchProgress: 0.0, recentsEnteringProgress: 0.0
12-08 16:10:12.053  2551  4112 D BackgroundInstallControlService: Package event received: 0
12-08 16:10:12.053 16866 16866 I HoneySpace.TaskIconProgressRepositoryImpl: taskLaunchProgress: 0.0, recentsEnteringFromAppsProgress: 1.0
12-08 16:10:12.053 16866 16866 I HoneySpace.SuggestedAppsProgressRepositoryImpl: taskLaunchProgress: 0.0, recentsEnteringProgress: 0.0, timeoutProgress: 0.0, enabledProgress: 1.0, closeRecentsProgress: 1.0
12-08 16:10:12.053 16866 16866 I HoneySpace.TaskListLoadCheckerImpl: setLoadingCondition: 2, loadingCondition: 7
12-08 16:10:12.053 16866 16866 I HoneySpace.TaskListLoadCheckerImpl: setLoadingCondition: 4, loadingCondition: 7
12-08 16:10:12.053 16866 16866 I HoneySpace.GestureEventController[4daa021]: needFocus false
12-08 16:10:12.053 16866 16866 I HoneySpace.GestureEventController[4daa021]: ToggleHomeToRecents
12-08 16:10:12.053 16866 16866 I HoneySpace.TaskListViewModel[58272659]: updateRunningTaskId: -1
12-08 16:10:12.053 16866 16866 E HoneySpace.StackRecentsView: setChildCornerInfo, invalid position = 0
12-08 16:10:12.053 16866 16866 I HoneySpace.TaskListPot[b63bd41]: setInitPosition: 0
12-08 16:10:12.053 16866 16866 I HoneySpace.SubViewsProgressRepositoryImpl: showRecentsEnteringProgressAnimation
12-08 16:10:12.053 16866 16866 I HoneySpace.TaskIconProgressRepositoryImpl: taskLaunchProgress: 0.0, recentsEnteringFromAppsProgress: 1.0
12-08 16:10:12.053 16866 16866 I HoneySpace.CloseAllProgressRepositoryImpl: taskLaunchProgress: 0.0, recentsEnteringProgress: 0.0
12-08 16:10:12.053 16866 16866 I HoneySpace.SubViewsProgressRepositoryImpl: taskLaunchProgress: 0.0, recentsEnteringProgress: 0.0
12-08 16:10:12.053 16866 16866 I HoneySpace.SuggestedAppsProgressRepositoryImpl: taskLaunchProgress: 0.0, recentsEnteringProgress: 0.0, timeoutProgress: 0.0, enabledProgress: 1.0, closeRecentsProgress: 1.0
12-08 16:10:12.053 16866 16866 I HoneySpace.TaskIconProgressRepositoryImpl: taskLaunchProgress: 0.0, recentsEnteringFromAppsProgress: 1.0
12-08 16:10:12.053  2551  2820 V Configuration: Updating configuration, locales updated from [] to [en_US,it_IT,nl_NL,pt_BR]
12-08 16:10:12.054 16866 16866 I HoneySpace.TaskListViewModel[58272659]: loadRecentData
12-08 16:10:12.054 16866 16866 I HoneySpace.TaskListViewModel[58272659]: openRecents : true
12-08 16:10:12.054 16866 28778 I HoneySpace.RecentTasks: onRecentTasksChanged
12-08 16:10:12.054 16866 16866 I HoneySpace.RecentscreenPot: getSuggestedAppsEnabled: isKioskMode = false, isMultiFoldMain = false, isExternalDisplay = false, suggestedAppsEnabled: true
12-08 16:10:12.054 16866 16866 I HoneySpace.RecentscreenPot: updateSuggestedAppsState, suggestedAppsEnabled: true
12-08 16:10:12.054 16866 13626 I HoneySpace.RecentDataListServiceImpl[172496845]: loadRecentData
12-08 16:10:12.054  2551  2820 V Configuration: Updating configuration, locales updated from [] to [en_US,it_IT,nl_NL,pt_BR]
12-08 16:10:12.054  4309  4309 I {OngoingActivityController}: onTaskFocusChanged but OA data is empty
12-08 16:10:12.054 16866 17153 I HoneySpace.SALoggingUtils: SA Logging screenID: 500 eventId: 5160 detail: {det=OtherLaunchers} value: -1
12-08 16:10:12.055 16866 16866 I HoneySpace.SuggestedAppsPot: showSuggestedApps: true, SuggestedAppsPot: 33232270
12-08 16:10:12.055 16866 16866 I HoneySpace.SuggestedAppsShowCheckerImpl: setShowCondition: 1, showCondition: 5
12-08 16:10:12.055 16866 16866 I HoneySpace.SuggestedAppsShowCheckerImpl: emitEvent, needToShowWithoutAnimationEvent: false needToShowAnimationEvent: true needToShowAnimationWhenTimeout: false
12-08 16:10:12.055  2551  2820 D EnterpriseDeviceManagerService: isMdmAdminPresentInternal() : MDM Admin Found - com.samsung.android.kgclient
12-08 16:10:12.055 16866 16866 I HoneySpace.SuggestedAppsPot: collect needToShowAnimationEvent, true
12-08 16:10:12.055 16866 16866 I HoneySpace.SuggestedAppsPot: show
12-08 16:10:12.055 16866 16866 I HoneySpace.SuggestedAppsShowCheckerImpl: clearShowAnimationEvent
12-08 16:10:12.055 16866 16866 I HoneySpace.SuggestedAppsShowCheckerImpl: removeShowCondition: 1, showCondition: 4
12-08 16:10:12.055 16866 16866 I HoneySpace.SuggestedAppsShowCheckerImpl: removeShowCondition: 8, showCondition: 4
12-08 16:10:12.055 16866 16866 I HoneySpace.SuggestedAppsShowCheckerImpl: setShowCondition: 16, showCondition: 20
12-08 16:10:12.055 16866 16866 I HoneySpace.SuggestedAppsPot: loadItems
12-08 16:10:12.055 16866 16866 I HoneySpace.SuggestedAppsViewModel: loadItems()
12-08 16:10:12.055 16866 16866 I HoneySpace.SuggestedAppsPot: waitForLoadingComplete
12-08 16:10:12.055  6887  7938 I [AirCmd]_ActivitySwitchDetector: onTaskFocusChanged : taskId=13302, componentName=ComponentInfo{com.sec.android.app.launcher/com.android.quickstep.RecentsActivity}
12-08 16:10:12.055 16866 16866 I HoneySpace.SuggestedAppsShowCheckerImpl: emitEvent, needToShowWithoutAnimationEvent: false needToShowAnimationEvent: false needToShowAnimationWhenTimeout: false
12-08 16:10:12.055  6887  7938 I [AirCmd]_ActivitySwitchDetector: onTaskFocusChanged :mTopMostActivity = ComponentInfo{com.teslacoilsw.launcher/com.teslacoilsw.launcher.NovaLauncher}
12-08 16:10:12.055 16866 28778 I HoneySpace.SuggestedAppsRepositoryImpl: fetchSuggestedApps()
12-08 16:10:12.055 16866 28778 I HoneySpace.SuggestedAppsRepositoryImpl: getTaskListData() collected: 0
12-08 16:10:12.055 16866 28778 I HoneySpace.SuggestedItemsFacade: updateTaskList : 0
12-08 16:10:12.056  6887  7938 I [AirCmd]_CallbackRepeater: stopRepeat : isWorking=false
12-08 16:10:12.056  6887  7938 I [AirCmd]_MediaControlStateMonitor: isForegroundAppSupportsMediaButton : mediaSession is empty
12-08 16:10:12.056  1737  1737 I SurfaceFlinger: [Display 0 name="Built-in Screen"***REMOVED***49] setFrameRateCategory: High
12-08 16:10:12.056 16866 16866 I HoneySpace.RecentDataListRepositoryImpl[31930724]: rawData: []
12-08 16:10:12.056 16866 16866 I HoneySpace.RecentDataListRepositoryImpl[31930724]: visibleData: []
12-08 16:10:12.056 16866 16866 I HoneySpace.TaskListViewModel[58272659]: recentDataState: RecentDataState(recentData=[], changeState=Load)
12-08 16:10:12.056 16866 16866 I HoneySpace.TaskListPot[b63bd41]: recentDataState: RecentDataState(recentData=[], changeState=Load)
12-08 16:10:12.056 16866 16866 I HoneySpace.RecentLayoutPolicy: updateLayoutType, useTabletUI: false, current: 5, TaskChanger: 5
12-08 16:10:12.056 16866 16866 I HoneySpace.RecentAdapter[b84fc28]: notifyDataSetChanged, prev: Load, [RecentData(items=[DefaultTaskData([***REMOVED***taskId 13831 : com.example.objecta])], displayId=-1, deskId=-1, type=1, name=)]
12-08 16:10:12.056 16866 16866 I HoneySpace.RecentAdapter[b84fc28]: notifyDataSetChanged, new: Load, []
12-08 16:10:12.056 16866 16866 I HoneySpace.TaskListViewModel[58272659]: isClearAll: 0, 0, false
12-08 16:10:12.056 16866 16866 I HoneySpace.TaskListPot[b63bd41]: emptyMessageEnabled true
12-08 16:10:12.056 16866 16866 I HoneySpace.SuggestedAppsSupportCheckerImpl: collect executedOnExternalDisplay: false
12-08 16:10:12.056 16866 16866 I HoneySpace.SuggestedAppsSupportCheckerImpl: collect executedOnExternalDisplay: false
12-08 16:10:12.057 16866 16866 I HoneySpace.TaskListViewModel[58272659]: rotationChanged
12-08 16:10:12.057 16866 16866 I HoneySpace.TaskListViewModel[58272659]: prevRotation: -1, newRotation: 0
12-08 16:10:12.057 16866 16866 I HoneySpace.TaskListViewModel[58272659]: return: prevRotation is INVALID_ORIENTATION
12-08 16:10:12.057  6887  7938 E [AirCmd]_MediaControlStateMonitor: getActiveNotificationPackageName : notification service monitor is null
12-08 16:10:12.057  6887  7938 I [AirCmd]_ButtonEventDetectionThread: enableDoubleClickDetection: enabled= true, doubleClickWaitInterval=300
12-08 16:10:12.057 16866 28778 I HoneySpace.SuggestedAppsProvider[InstalledItems]: Initialized time=Thu Nov 21 19:38:14 GMT+01:00 2024
12-08 16:10:12.055  2551  2820 D SGM:FgCheckThread: noteResumeComponent(), received pkgName: com.sec.android.app.launcher, userId: 0
12-08 16:10:12.058  2551  3898 D SGM:FgCheckThread: onLooperPrepared(), msg: MSG_APP_RESUME, pkgName: com.sec.android.app.launcher, userid: 0
12-08 16:10:12.058  2551  3898 D SGM:FgCheckThread: handleResume().
12-08 16:10:12.058 16866 16866 I HoneySpace.RecentsActivity: onApplyWindowInsets, Insets{left=0, top=84, right=0, bottom=0} -> Insets{left=0, top=84, right=0, bottom=0}, type: NO_NAVI
12-08 16:10:12.058 16866 16866 I HoneySpace.HoneySpaceManagerContainer: getWindowBounds, key = (com.android.quickstep.RecentsActivity, 0)
12-08 16:10:12.058 16866 16866 I HoneySpace.RecentsActivity: rawWindowBounds: bounds: Rect(0, 0 - 1080, 2340), baseScreenSize: Point(1080, 2298), insets: Insets{left=0, top=84, right=0, bottom=42}, insetsIgnoreCutout: Insets{left=0, top=84, right=0, bottom=0}
12-08 16:10:12.058  2551  3898 D SGM:FgCheckThread: sendFocusOutConditionally() - mPrevNotiPkg: KILL_YOURSELF, userId: 0
12-08 16:10:12.058  2551  3898 D SGM:FgCheckThread:   handleResume(). pkgName: com.sec.android.app.launcher, userId: 0, category: non-game
12-08 16:10:12.058  2551  3898 D SGM:FgCheckThread: notifyFocusInOut(). of pkg: com.sec.android.app.launcher, type: 4, isSecGameFamily: false, userId: 0
12-08 16:10:12.058  2551  3898 D SGM:FgCheckThread:   notifyFocusInOut(). do nothing
12-08 16:10:12.058  2551  3898 D SGM:SystemHelper: callReleaseBlock needReleaseBlock:false
12-08 16:10:12.058  2551  5119 I WindowManager: Relayout Window{90de50f u0 com.sec.android.app.launcher/com.android.quickstep.RecentsActivity}: viewVisibility=0 req=1080x2340 ty=1 d0
12-08 16:10:12.058 17814 29950 I Routine@Core[4.9.04.13]: ActivityWatcherListenerImpl: onResumeComponent: componentName - com.sec.android.app.launcher, com.android.quickstep.RecentsActivity, userId: 0
12-08 16:10:12.058  2551  2820 D SGM:GameManager: identifyGamePackage. com.sec.android.app.launcher, mCurrentUserId: 0, callingMethodInfo: com.samsung.android.game.SemGameManager.isGamePackage(SemGameManager.java:106)
12-08 16:10:12.058  2551  2820 D SGM:SemGameManager: isGamePackage(), pkgName=com.sec.android.app.launcher, ret=false
12-08 16:10:12.058  1737  3869 I SurfaceFlinger: id=215910 createSurf, flag=44004, com.sec.android.app.launcher/com.android.quickstep.RecentsActivity$_16866***REMOVED***215910
12-08 16:10:12.059  7578  7578 I SAMSUNGWALLET: [Hint_PayHintService] onReceive() action=com.sec.android.app.launcher.intent.action.UPDATE_SPAY_HANDLER
12-08 16:10:12.059  7578  7578 I SAMSUNGWALLET: [Hint_PayHintService] home change, s home : false , default : false , gesture : true , s result : false , prev : false
12-08 16:10:12.059  2551  5119 D WindowManager: makeSurface duration=0 name=com.sec.android.app.launcher/com.android.quickstep.RecentsActivity$_16866
12-08 16:10:12.059  2551  5119 D SurfaceComposerClient: setCornerRadius ***REMOVED******REMOVED*** 90de50f com.sec.android.app.launcher/com.android.quickstep.RecentsActivity***REMOVED***146422 cornerRadius=0.000000
12-08 16:10:12.059  2551  5119 D FreeformController: beginPostLayoutPolicyLw: forceHideRequester changed, old=null, new=Window{90de50f u0 com.sec.android.app.launcher/com.android.quickstep.RecentsActivity}
12-08 16:10:12.059  2551  4102 I CocktailBarManagerServiceContainer: handleMessage: entry what = 5
12-08 16:10:12.059  2551  4112 D BackgroundInstallControlService: Package event received: 0
12-08 16:10:12.059  2551  5119 D FreeformController: setBlockToAddForceHideFreeformTasks: blockToAddForceHide=true, Caller=com.android.server.wm.DisplayPolicy.finishPostLayoutPolicyLw:127
