12-08 16:10:18.158  2551  2817 V WindowManager:     startWCT=WindowContainerTransaction { changes= {} hops= [] errorCallbackToken=null taskFragmentOrganizer=null }
12-08 16:10:18.158  2551  2821 I WindowManager: Reparenting to original parent: Surface(name=WindowToken{f07f4d7 type=2000 android.os.BinderProxy@b7613fb})/@0xfab6910, destroy=false, surface=Surface(name=8877065 StatusBar)/@0x119c9d3
12-08 16:10:18.158  2551  2817 V WindowManager:     info={id=16073 t=OPEN f=0x0 trk=0 r=[0@Point(0, 0)] c=[
12-08 16:10:18.158  2551  2817 V WindowManager:         {WCT{RemoteToken{d89d305 Task{446a7bb ***REMOVED***13832 type=standard A=10718:com.example.objecta}}} m=OPEN f=NONE leash=Surface(name=Task=13832)/@0xd24fc4e sb=Rect(0, 0 - 1080, 2340) eb=Rect(0, 0 - 1080, 2340) epz=Point(1080, 2340) d=0 taskParent=-1 inset=Rect(0, 84 - 0, 0) dim=true},
12-08 16:10:18.158  2551  2817 V WindowManager:         {WCT{RemoteToken{b558ec4 Task{7700ed1 ***REMOVED***13302 type=recents I=com.sec.android.app.launcher/com.android.quickstep.RecentsActivity}}} m=TO_BACK f=SHOW_WALLPAPER|EDGE_EXTENSION_RESTRICTION leash=Surface(name=Task=13302)/@0x7c88f71 sb=Rect(0, 0 - 1080, 2340) eb=Rect(0, 0 - 1080, 2340) epz=Point(1080, 2340) d=0 taskParent=-1 inset=Rect(0, 84 - 0, 0)},
12-08 16:10:18.158  2551  2817 V WindowManager:         {m=TO_BACK f=IS_WALLPAPER p=WCT{RemoteToken{c35ddd5 RemoteWallpaperAnim:1:1@150814965}} leash=Surface(name=WallpaperWindowToken{61d5f19 showWhenLocked=false})/@0x7c7c2f3 sb=Rect(0, 0 - 1080, 2340) eb=Rect(0, 0 - 1080, 2340) epz=Point(1080, 2340) d=0 inset=Rect(0, 0 - 0, 0)}
12-08 16:10:18.158  2551  2817 V WindowManager:     ]}
12-08 16:10:18.158  2551  2821 I WindowManager: Reparenting to leash, surface=Surface(name=8877065 StatusBar)/@0x119c9d3, leashParent=Surface(name=WindowToken{f07f4d7 type=2000 android.os.BinderProxy@b7613fb})/@0xfab6910
12-08 16:10:18.158  1737  3939 I SurfaceFlinger: id=215922 createSurf, flag=24000, Surface(name=8877065 StatusBar)/@0x119c9d3 - animation-leash of insets_animation***REMOVED***215922
12-08 16:10:18.158  4309  4844 V WindowManagerShell: onTransitionReady(transaction=10956462343748)
12-08 16:10:18.159  4309  4406 V WindowManagerShell: onTransitionReady (***REMOVED***16073) android.os.BinderProxy@b86d460: {id=16073 t=OPEN f=0x0 trk=0 r=[0@Point(0, 0)] c=[
12-08 16:10:18.159  4309  4406 V WindowManagerShell:         {m=OPEN f=NONE leash=Surface(name=Task=13832)/@0xe0126af sb=Rect(0, 0 - 1080, 2340) eb=Rect(0, 0 - 1080, 2340) epz=Point(1080, 2340) d=0 taskParent=-1 inset=Rect(0, 84 - 0, 0) dim=true},
12-08 16:10:18.159  4309  4406 V WindowManagerShell:         {m=TO_BACK f=SHOW_WALLPAPER|EDGE_EXTENSION_RESTRICTION leash=Surface(name=Task=13302)/@0xaa0fabc sb=Rect(0, 0 - 1080, 2340) eb=Rect(0, 0 - 1080, 2340) epz=Point(1080, 2340) d=0 taskParent=-1 inset=Rect(0, 84 - 0, 0)},
12-08 16:10:18.159  4309  4406 V WindowManagerShell:         {m=TO_BACK f=IS_WALLPAPER p=WCT{android.window.IWindowContainerToken$Stub$Proxy@c37ecb} leash=Surface(name=WallpaperWindowToken{61d5f19 showWhenLocked=false})/@0xc583a45 sb=Rect(0, 0 - 1080, 2340) eb=Rect(0, 0 - 1080, 2340) epz=Point(1080, 2340) d=0 inset=Rect(0, 0 - 0, 0)}
12-08 16:10:18.159  4309  4406 V WindowManagerShell:     ]}
12-08 16:10:18.159  4309  4406 V ShellDesktopMode: DesktopModeLogger: taskInfo map after processing changes 0
12-08 16:10:18.159  4309  4406 D ShellDesktopMode: DesktopTaskChangeListener: onTaskOpening for taskId=13832, displayId=0
12-08 16:10:18.159  4309  4406 I SurfaceControlRegistry: hide, t=FinishTransaction_SyncId<16073> sc=Task=13302, caller=android.view.SurfaceControl$Transaction.hide:3583 com.android.wm.shell.transition.Transitions.dispatchReady:1263 com.android.wm.shell.transition.Transitions.onTransitionReady:251 com.android.wm.shell.transition.Transitions$TransitionPlayerImpl$$ExternalSyntheticLambda0.run:13 android.os.Handler.handleCallback:995 android.os.Handler.dispatchMessage:103 
12-08 16:10:18.159  4309  4406 I SurfaceControlRegistry: show, t=StartTransaction_SyncId<16073> sc=Task=13832, caller=android.view.SurfaceControl$Transaction.show:3557 com.android.wm.shell.transition.Transitions.dispatchReady:1279 com.android.wm.shell.transition.Transitions.onTransitionReady:251 com.android.wm.shell.transition.Transitions$TransitionPlayerImpl$$ExternalSyntheticLambda0.run:13 android.os.Handler.handleCallback:995 android.os.Handler.dispatchMessage:103 
12-08 16:10:18.159  4309  4406 I SurfaceControlRegistry: show, t=FinishTransaction_SyncId<16073> sc=Task=13832, caller=android.view.SurfaceControl$Transaction.show:3557 com.android.wm.shell.transition.Transitions.dispatchReady:1330 com.android.wm.shell.transition.Transitions.onTransitionReady:251 com.android.wm.shell.transition.Transitions$TransitionPlayerImpl$$ExternalSyntheticLambda0.run:13 android.os.Handler.handleCallback:995 android.os.Handler.dispatchMessage:103 
12-08 16:10:18.159  4309  4406 V WindowManagerShell: Playing animation for (***REMOVED***16073) android.os.BinderProxy@b86d460@0
12-08 16:10:18.159  4309  4406 I SurfaceControlRegistry: show, t=StartTransaction_SyncId<16073> sc=Transition Root: Task=13832, caller=android.view.SurfaceControl$Transaction.show:3557 com.android.wm.shell.transition.Transitions.playTransition:79 com.android.wm.shell.transition.Transitions.processReadyQueue:239 com.android.wm.shell.transition.Transitions.dispatchReady:1352 com.android.wm.shell.transition.Transitions.onTransitionReady:251 com.android.wm.shell.transition.Transitions$TransitionPlayerImpl$$ExternalSyntheticLambda0.run:13 
12-08 16:10:18.159  4309  4406 V WindowManagerShell:  try firstHandler com.android.wm.shell.transition.DefaultMixedHandler@a006fc0
12-08 16:10:18.159  4309  4406 V WindowManagerShell: Mixed transition for opening an intent with a remote transition and PIP or Desktop ***REMOVED***16073
12-08 16:10:18.159  4309  4406 V WindowManagerShell: tryAnimateOpenIntentWithRemoteAndPipOrDesktop
12-08 16:10:18.159  2551  2821 D WindowManager: makeSurface duration=2 leash=Surface(name=Surface(name=8877065 StatusBar)/@0x119c9d3 - animation-leash of insets_animation)/@0x93a3a80
12-08 16:10:18.159  2551  2821 D InsetsSourceProvider: updateControlForTarget: control=InsetsSourceControl: {66400000 mType=statusBars initiallyVisible mSurfacePosition=Point(0, 0) mInsetsHint=Insets{left=0, top=84, right=0, bottom=0}}, target=Window{ce6ef8f u0 Splash Screen com.example.objecta}, from=com.android.server.wm.InsetsStateController.onControlTargetChanged:83 com.android.server.wm.InsetsPolicy.updateBarControlTarget:212 com.android.server.wm.DisplayPolicy.updateSystemBarAttributes:262 com.android.server.wm.DisplayPolicy.finishPostLayoutPolicyLw:17 com.android.server.wm.RootWindowContainer.applySurfaceChangesTransaction$1:195 
12-08 16:10:18.159  2551  2821 I WindowManager: Cancelling animation restarting=true, leash=Surface(name=Surface(name=dede1e NavigationBar0)/@0xd76a91c - animation-leash of insets_animation)/@0xe217cdf
12-08 16:10:18.159  2551  2821 I WindowManager: Reparenting to original parent: Surface(name=WindowToken{1f8d259 type=2019 android.os.BinderProxy@415b3a3})/@0xab4b925, destroy=false, surface=Surface(name=dede1e NavigationBar0)/@0xd76a91c
12-08 16:10:18.160  4309  4406 V WindowManagerShell:  Delegate animation for (***REMOVED***16073) to RemoteTransition { remoteTransition = android.window.IRemoteTransition$Stub$Proxy@7f4d68c, appThread = android.app.IApplicationThread$Stub$Proxy@8e631d5, debugName = QuickstepLaunchflags =NONE }
12-08 16:10:18.160  4309  4406 V WindowManagerShell:  Excluded change from remote targets at (***REMOVED***16073), change={m=TO_BACK f=IS_WALLPAPER p=WCT{android.window.IWindowContainerToken$Stub$Proxy@c37ecb} leash=Surface(name=WallpaperWindowToken{61d5f19 showWhenLocked=false})/@0xc583a45 sb=Rect(0, 0 - 1080, 2340) eb=Rect(0, 0 - 1080, 2340) epz=Point(1080, 2340) d=0 inset=Rect(0, 0 - 0, 0)}
12-08 16:10:18.160  2551  2821 I WindowManager: Reparenting to leash, surface=Surface(name=dede1e NavigationBar0)/@0xd76a91c, leashParent=Surface(name=WindowToken{1f8d259 type=2019 android.os.BinderProxy@415b3a3})/@0xab4b925
12-08 16:10:18.160  1737  3939 I SurfaceFlinger: id=215923 createSurf, flag=24000, Surface(name=dede1e NavigationBar0)/@0xd76a91c - animation-leash of insets_animation***REMOVED***215923
12-08 16:10:18.160  2551  2821 D WindowManager: makeSurface duration=1 leash=Surface(name=Surface(name=dede1e NavigationBar0)/@0xd76a91c - animation-leash of insets_animation)/@0x5487eac
12-08 16:10:18.160  2551  2821 D InsetsSourceProvider: updateControlForTarget: control=InsetsSourceControl: {21f10001 mType=navigationBars initiallyVisible mSurfacePosition=Point(0, 2205) mInsetsHint=Insets{left=0, top=0, right=0, bottom=0}}, target=Window{ce6ef8f u0 Splash Screen com.example.objecta}, from=com.android.server.wm.InsetsStateController.onControlTargetChanged:83 com.android.server.wm.InsetsPolicy.updateBarControlTarget:225 com.android.server.wm.DisplayPolicy.updateSystemBarAttributes:262 com.android.server.wm.DisplayPolicy.finishPostLayoutPolicyLw:17 com.android.server.wm.RootWindowContainer.applySurfaceChangesTransaction$1:195 
12-08 16:10:18.160  2551  2821 D WindowManager: updateSystemBarAttributes: displayId=0, focusedCanBeNavColorWin=false, win=Window{ce6ef8f u0 Splash Screen com.example.objecta}, navColorWin=null, caller=com.android.server.wm.DisplayPolicy.finishPostLayoutPolicyLw:17 com.android.server.wm.RootWindowContainer.applySurfaceChangesTransaction$1:195 com.android.server.wm.RootWindowContainer.performSurfacePlacementNoTrace:59 
12-08 16:10:18.160  2551  5296 I ActivityManager: Changes in 10615 8 to 10, 128 to 0
12-08 16:10:18.161  2551  2821 D WindowManager: updateSystemBarAttributes, bhv=1, apr=8, statusBarAprRegions=[AppearanceRegion{LIGHT_STATUS_BARS bounds=[0,0][1080,2340]}], requestedVisibilities=-9
12-08 16:10:18.161  2551  2821 W PhoneWindowManager: lockNow pending, ignore updating lockscreen timeout
12-08 16:10:18.161  2551  2821 D SurfaceComposerClient: setCornerRadius ***REMOVED******REMOVED*** ce6ef8f Splash Screen com.example.objecta***REMOVED***215919 cornerRadius=0.000000
12-08 16:10:18.161  1737  3939 I SurfaceFlinger: id=215924 createSurf, flag=84000, Surface(name=Task=13832)/@0x1940c1b_transition-leash***REMOVED***215924
12-08 16:10:18.162  2551  2820 I DisplayDeviceRepository: Display device changed render timings: "Built-in Screen", renderFrameRate=60.000004, presentationDeadlineNanos=17666666, appVsyncOffsetNanos=16666666, frameRateOverrides=[{uid=10047 frameRateHz=60.000004}, {uid=10145 frameRateHz=60.000004}, {uid=10158 frameRateHz=60.000004}, {uid=10238 frameRateHz=60.000004}, {uid=10605 frameRateHz=60.000004}]
12-08 16:10:18.162  4309  4309 D SamsungLightBarControlHelper: updateStatusBar (BLACK icon) numStacks:1, StatusBarMode:MODE_TRANSPARENT, lightBarBounds:[Rect(0, 0 - 1080, 2340)], StatusBarState:SHADE, packageName:, isWhiteKeyguardStatusBar:false
12-08 16:10:18.163  4309  4309 D SamsungLightBarControlHelper: onStatusBarAppearanceChanged() -  sbModeChanged:false, statusBarMode:0, barState:MODE_TRANSPARENT, isKeyguardShowing:false, navbarColorManagedByIme:false, (AppearanceRegion{LIGHT_STATUS_BARS bounds=[0,0][1080,2340]}, )
12-08 16:10:18.163  4309  4309 D NavigationBar: onSystemBarAttributesChanged() -  displayId:0, appearance:8, packageName: com.example.objecta (APPEARANCE_LIGHT_STATUS_BARS ), navbarColorManagedByIme:false
12-08 16:10:18.163 17814 29950 I Routine@Core[4.9.04.13]: ModesOrderManager: getOrderOrDefault: uuid(100)
12-08 16:10:18.163 17814 29950 I Routine@Core[4.9.04.13]: ModesOrderManager: getOrder: uuid(100) -> order(999)
12-08 16:10:18.163 17814 29950 I Routine@Core[4.9.04.13]: ModesOrderManager: getOrderOrDefault: uuid(101)
12-08 16:10:18.164  4309  4406 V WindowManagerShell:  animated by firstHandler
12-08 16:10:18.164 17814 29950 I Routine@Core[4.9.04.13]: ModesOrderManager: getOrder: uuid(101) -> order(1001)
12-08 16:10:18.164 17814 29950 I Routine@Core[4.9.04.13]: ModesOrderManager: getOrderOrDefault: uuid(102)
12-08 16:10:18.164 16866 17815 I SurfaceControlRegistry: show, t=StartTransaction_SyncId<16073> sc=Task=13832, caller=android.view.SurfaceControl$Transaction.show:3557 S.j.a:152 S.j.u:0 S.j.t:0 com.android.systemui.animation.RemoteAnimationTargetCompat.wrap:48 com.android.systemui.animation.RemoteAnimationTargetCompat.wrapApps:10 
12-08 16:10:18.164  1737  3869 I SurfaceFlinger: id=215925 createSurf, flag=84000, Surface(name=Task=13302)/@0x7f34b91_transition-leash***REMOVED***215925
12-08 16:10:18.165 16866 17815 I SurfaceControlRegistry: show, t=StartTransaction_SyncId<16073> sc=Task=13302, caller=android.view.SurfaceControl$Transaction.show:3557 S.j.a:152 S.j.u:0 S.j.t:0 com.android.systemui.animation.RemoteAnimationTargetCompat.wrap:48 com.android.systemui.animation.RemoteAnimationTargetCompat.wrapApps:10 
12-08 16:10:18.165  1737  1737 I SurfaceFlinger: [LayerHierarchy{RequestedLayerState{ImeContainer***REMOVED***15 parentId=146421 relativeParentId=146421 z=1} 1 children}] RelativeParent to null
12-08 16:10:18.165  1737  1737 I SurfaceFlinger: [Transition Root: Task=13832***REMOVED***215921] attach to parent LayerHierarchy{RequestedLayerState{DefaultTaskDisplayArea_d0***REMOVED***10 parentId=9} 82 children}
12-08 16:10:18.165  1737  1737 I SurfaceFlinger: [Surface(name=8877065 StatusBar)/@0x119c9d3 - animation-leash of insets_animation***REMOVED***215922] attach to parent LayerHierarchy{RequestedLayerState{WindowToken{f07f4d7 type=2000 android.os.BinderProxy@b7613fb}***REMOVED***98 parentId=17} 2 children}
12-08 16:10:18.165  1737  1737 I SurfaceFlinger: [Surface(name=dede1e NavigationBar0)/@0xd76a91c - animation-leash of insets_animation***REMOVED***215923] attach to parent LayerHierarchy{RequestedLayerState{WindowToken{1f8d259 type=2019 android.os.BinderProxy@415b3a3}***REMOVED***69636 parentId=34} 2 children}
12-08 16:10:18.165  1737  1737 I SurfaceFlinger: [Surface(name=Task=13832)/@0x1940c1b_transition-leash***REMOVED***215924] attach to parent LayerHierarchy{RequestedLayerState{Transition Root: Task=13832***REMOVED***215921 parentId=10} 1 children}
12-08 16:10:18.165  1737  1737 I SurfaceFlinger: [Surface(name=Task=13302)/@0x7f34b91_transition-leash***REMOVED***215925] attach to parent LayerHierarchy{RequestedLayerState{Transition Root: Task=13832***REMOVED***215921 parentId=10} 2 children}
12-08 16:10:18.165 17814 29950 I Routine@Core[4.9.04.13]: ModesOrderManager: getOrder: uuid(102) -> order(1002)
12-08 16:10:18.166 17814 29950 I Routine@Core[4.9.04.13]: ModeListHolder: update: size(3) updated(2025/12/08 16:10:18) [ModeMeta(id=1, uuid=100, iconResourceId=2131231140, iconStatusResourceId=2131231637, displayName=Sleep, isRunning=false, runningReason=, runningReasonCondition=, isSet=true, isDeleted=false, detailRunningReason=null, order=999, toggleTime=1765173601413), ModeMeta(id=7, uuid=101, iconResourceId=2131231296, iconStatusResourceId=2131231647, displayName=Driving, isRunning=false, runningReason=, runningReasonCondition=, isSet=true, isDeleted=false, detailRunningReason=null, order=1001, toggleTime=1765203726900), ModeMeta(id=8, uuid=102, iconResourceId=2131231621, iconStatusResourceId=2131231701, displayName=Exercise, isRunning=false, runningReason=, runningReasonCondition=, isSet=true, isDeleted=false, detailRunningReason=null, order=1002, toggleTime=0)]
12-08 16:10:18.166 17814 29950 I Routine@Core[4.9.04.13]: ModeOrderObserver: ModeOrderObserver:onChange: uri content://com.samsung.android.app.routines.routineprovider/preference
12-08 16:10:18.166  1737  3937 I SurfaceFlinger: id=215926 createSurf, flag=84000, 4a505ec ActivityRecordInputSink com.example.objecta/.MainActivity***REMOVED***215926
12-08 16:10:18.166 16866 17815 I SurfaceControlRegistry: apply, t=StartTransaction_SyncId<16073>, caller=android.view.SurfaceControl$Transaction.apply:3459 android.view.SurfaceControl$Transaction.apply:3447 android.view.SurfaceControl$Transaction.apply:3397 com.android.systemui.animation.RemoteAnimationRunnerCompat$1.startAnimation:645 android.window.IRemoteTransition$Stub.onTransact:162 android.os.Binder.execTransactInternal:1462 
12-08 16:10:18.166 16866 31946 I HoneySpace.RecentTasks: onRunningTaskAppeared
12-08 16:10:18.167 16866 17815 I HoneySpace.ShellAnimationRunner: [onAnimationStart] appTarget(0) : taskId-13832, mode-0
12-08 16:10:18.167 16866 17815 I HoneySpace.ShellAnimationRunner: cookie: -1
12-08 16:10:18.167 16866 17815 I HoneySpace.ShellAnimationRunner: [onAnimationStart] appTarget(1) : taskId-13302, mode-1
12-08 16:10:18.167 16866 16866 I HoneySpace.ShellAnimationRunner: this , com.honeyspace.transition.ShellAnimationRunner@7541164
12-08 16:10:18.167 16866 16248 I HoneySpace.RecentTasks: onRecentTasksChanged
12-08 16:10:18.167 16866 16866 I HoneySpace.ShellTransitionManager: open animation start
12-08 16:10:18.167 16866 16866 I HoneySpace.ShellAnimationRunner: finishExistingAnimation, null
12-08 16:10:18.167 16866 16866 I HoneySpace.AppLaunchAnimationDelegate: onAnimationStart
12-08 16:10:18.167 16866 16866 I HoneySpace.AppLaunchAnimationDelegate: composeIconLaunchAnimator
12-08 16:10:18.167 16866 16866 I HoneySpace.AppLaunchAnimationDelegate: playAnim: translucent:false
12-08 16:10:18.167 16866 16866 I HoneySpace.FloatingAnimator: [Player:A(18.119)] lateTargetsSetup, id: -1
12-08 16:10:18.167 16866 16866 I HoneySpace.AppLaunchAnimationDelegate: playFloatingIconAnim, appPlayer: 201509795
12-08 16:10:18.168 16866 31946 I HoneySpace.SystemUiRepository: systemUiFlags: allow_gesture|awake
12-08 16:10:18.168 16866 16866 I HoneySpace.AppTransitionAnimationAwait: prepare refCnt:1 timeout:500
12-08 16:10:18.168 16866 16866 I HoneySpace.FloatingAnimator: [Player:A(18.119)] value animator:[178857455] started
12-08 16:10:18.168 16866 16866 I HoneySpace.AnimationResult: setAnimation, animation: false
12-08 16:10:18.168 16866 16866 I HoneySpace.HoneySystemControllerImpl: isRecentsActivityIdleState false
12-08 16:10:18.168  2551  2821 W PhoneWindowManager: lockNow pending, ignore updating lockscreen timeout
12-08 16:10:18.168  2551  2821 D SurfaceComposerClient: setCornerRadius ***REMOVED******REMOVED*** ce6ef8f Splash Screen com.example.objecta***REMOVED***215919 cornerRadius=0.000000
12-08 16:10:18.169 16866 17312 I HoneySpace.TaskbarEventTracker: invokeEvent() called with: event = SystemUiStateChanged(stateFlags=268566528)
12-08 16:10:18.169  4309  4429 D StackScroller: onDisplayChanged for predraw skip to 2
12-08 16:10:18.170  4309  4309 D DisplayLifecycle: updateDisplay id = 0
12-08 16:10:18.170  2551  4441 D WifiDisplayAdapter: isFitToActiveDisplayLocked : false
12-08 16:10:18.173 15348 15348 D CompatChangeReporter: Compat change id reported: 242716250; UID 10718; state: ENABLED
12-08 16:10:18.173 17814 29950 I Routine@Core[4.9.04.13]: ModesOrderManager: getOrderOrDefault: uuid(100)
12-08 16:10:18.174 17814 29950 I Routine@Core[4.9.04.13]: ModesOrderManager: getOrder: uuid(100) -> order(999)
12-08 16:10:18.174 17814 29950 I Routine@Core[4.9.04.13]: ModesOrderManager: getOrderOrDefault: uuid(101)
12-08 16:10:18.174 17814 29950 I Routine@Core[4.9.04.13]: ModesOrderManager: getOrder: uuid(101) -> order(1001)
12-08 16:10:18.174 17814 29950 I Routine@Core[4.9.04.13]: ModesOrderManager: getOrderOrDefault: uuid(102)
12-08 16:10:18.175 17814 29950 I Routine@Core[4.9.04.13]: ModesOrderManager: getOrder: uuid(102) -> order(1002)
12-08 16:10:18.175 17814 29950 I Routine@Core[4.9.04.13]: ModeListHolder: update: size(3) updated(2025/12/08 16:10:18) [ModeMeta(id=1, uuid=100, iconResourceId=2131231140, iconStatusResourceId=2131231637, displayName=Sleep, isRunning=false, runningReason=, runningReasonCondition=, isSet=true, isDeleted=false, detailRunningReason=null, order=999, toggleTime=1765173601413), ModeMeta(id=7, uuid=101, iconResourceId=2131231296, iconStatusResourceId=2131231647, displayName=Driving, isRunning=false, runningReason=, runningReasonCondition=, isSet=true, isDeleted=false, detailRunningReason=null, order=1001, toggleTime=1765203726900), ModeMeta(id=8, uuid=102, iconResourceId=2131231621, iconStatusResourceId=2131231701, displayName=Exercise, isRunning=false, runningReason=, runningReasonCondition=, isSet=true, isDeleted=false, detailRunningReason=null, order=1002, toggleTime=0)]
12-08 16:10:18.176 11539 11591 W JobInfo : Requested important-while-foreground flag for job1744 is ignored and takes no effect
12-08 16:10:18.181  1166  1166 D io_stats: !@   8,0 r 467143019 9793300684 w 54669619 705405968 d 6520639 995266932 f 1595552 4092611 iot 51454076 0 th 0 0 0 pt 0 inp 0 4 602238.061
12-08 16:10:18.181  1166  1166 D io_stats: !@ Read_top(KB): vivaldi.browser(8804) 12568 microsoft.teams(11539) 5660 pageboostd(5056) 4908
12-08 16:10:18.181  1166  1166 D io_stats: !@ Write_top(KB): kworker/u16:2(31700) 828 sait.sohservice(14841) 32 id.diagmonagent(7047) 20
12-08 16:10:18.182  1737  1737 I SurfaceFlinger: RequestedLayer [ce6ef8f Splash Screen com.example.objecta***REMOVED***215919] hidden!! flag  from(1) --> to(0)
12-08 16:10:18.182  1737  1737 I SurfaceFlinger: RequestedLayer [Splash Screen com.example.objecta$_4309***REMOVED***215920] hidden!! flag  from(1) --> to(0)
12-08 16:10:18.182  1737  1737 I SurfaceFlinger: RequestedLayer [Task=13832***REMOVED***215917] hidden!! flag  from(1) --> to(0)
12-08 16:10:18.182  1737  1737 I SurfaceFlinger: RequestedLayer [Transition Root: Task=13832***REMOVED***215921] hidden!! flag  from(1) --> to(0)
12-08 16:10:18.182  1737  1737 I SurfaceFlinger: RequestedLayer [ActivityRecord{141786186 u0 com.example.objecta/.MainActivity t13832}***REMOVED***215918] hidden!! flag  from(1) --> to(0)
12-08 16:10:18.182  1737  1737 E SurfaceFlinger: alpha changed 1.000 -> 0.000 - Surface(name=Task=13832)/@0x1940c1b_transition-leash***REMOVED***215924
12-08 16:10:18.182  1737  1737 I SurfaceFlinger: [LayerHierarchy{RequestedLayerState{8877065 StatusBar***REMOVED***99 parentId=215922} 1 children}] reparent to LayerHierarchy{RequestedLayerState{Surface(name=8877065 StatusBar)/@0x119c9d3 - animation-leash of insets_animation***REMOVED***215922 parentId=98} 1 children}
12-08 16:10:18.182  1737  1737 I SurfaceFlinger: [LayerHierarchy{RequestedLayerState{dede1e NavigationBar0***REMOVED***69637 parentId=215923} 1 children}] reparent to LayerHierarchy{RequestedLayerState{Surface(name=dede1e NavigationBar0)/@0xd76a91c - animation-leash of insets_animation***REMOVED***215923 parentId=69636} 1 children}
12-08 16:10:18.182  1737  1737 I SurfaceFlinger: [LayerHierarchy{RequestedLayerState{Task=13302***REMOVED***146420 parentId=215925} 1 children}] reparent to LayerHierarchy{RequestedLayerState{Surface(name=Task=13302)/@0x7f34b91_transition-leash***REMOVED***215925 parentId=215921 z=1} 1 children}
12-08 16:10:18.182  1737  1737 I SurfaceFlinger: [LayerHierarchy{RequestedLayerState{Surface(name=dede1e NavigationBar0)/@0xd76a91c - animation-leash of insets_animation***REMOVED***215912} no children}] reparent to OffscreenRoot
12-08 16:10:18.182  1737  1737 I SurfaceFlinger: [LayerHierarchy{RequestedLayerState{Surface(name=dede1e NavigationBar0)/@0xd76a91c - animation-leash of insets_animation***REMOVED***215912} no children}] RelativeParent to null
12-08 16:10:18.182  1737  1737 I SurfaceFlinger: [LayerHierarchy{RequestedLayerState{Surface(name=8877065 StatusBar)/@0x119c9d3 - animation-leash of insets_animation***REMOVED***215911} no children}] reparent to OffscreenRoot
12-08 16:10:18.182  1737  1737 I SurfaceFlinger: [LayerHierarchy{RequestedLayerState{Surface(name=8877065 StatusBar)/@0x119c9d3 - animation-leash of insets_animation***REMOVED***215911} no children}] RelativeParent to null
12-08 16:10:18.182  1737  1737 I SurfaceFlinger: [LayerHierarchy{RequestedLayerState{Task=13832***REMOVED***215917 parentId=215924} 1 children}] reparent to LayerHierarchy{RequestedLayerState{Surface(name=Task=13832)/@0x1940c1b_transition-leash***REMOVED***215924 parentId=215921 z=4} 1 children}
12-08 16:10:18.182  1737  1737 I SurfaceFlinger: [LayerHierarchy{RequestedLayerState{Surface(name=Task=13832)/@0x1940c1b_transition-leash***REMOVED***215924 parentId=215921 z=4} 1 children}] reparent to LayerHierarchy{RequestedLayerState{Transition Root: Task=13832***REMOVED***215921 parentId=10 z=78} 2 children}
12-08 16:10:18.182  1737  1737 I SurfaceFlinger: [LayerHierarchy{RequestedLayerState{Surface(name=Task=13302)/@0x7f34b91_transition-leash***REMOVED***215925 parentId=215921 z=1} 1 children}] reparent to LayerHierarchy{RequestedLayerState{Transition Root: Task=13832***REMOVED***215921 parentId=10 z=78} 2 children}
12-08 16:10:18.182  1737  1737 I SurfaceFlinger: [4a505ec ActivityRecordInputSink com.example.objecta/.MainActivity***REMOVED***215926] attach to parent LayerHierarchy{RequestedLayerState{ActivityRecord{141786186 u0 com.example.objecta/.MainActivity t13832}***REMOVED***215918 parentId=215917} 2 children}
12-08 16:10:18.183 16866 16866 I HoneySpace.IconView: setIconVisible : visible-false, currentForceHideBadge-false
12-08 16:10:18.183 16866 16866 I HoneySpace.IconView: updateInvisibleState false APP_CLOSING current:0 new:2
12-08 16:10:18.183 16866 16866 I HoneySpace.AppLaunchAnimationDelegate: hasWallpaperFlags:false
12-08 16:10:18.184 16866 25194 I HoneySpace.WallpaperAnimator: createWallpaperSurface
12-08 16:10:18.184  2551  4441 I WindowManager: Reparenting to leash, surface=Surface(name=RemoteWallpaperAnim:1:1)/@0x14843b8, leashParent=Surface(name=OneHanded:0:14)/@0x8b71591
12-08 16:10:18.185  1737  3869 I SurfaceFlinger: id=215927 createSurf, flag=24000, Surface(name=RemoteWallpaperAnim:1:1)/@0x14843b8 - animation-leash of remote_wallpaper***REMOVED***215927
12-08 16:10:18.186  2551  4441 D WindowManager: makeSurface duration=1 leash=Surface(name=Surface(name=RemoteWallpaperAnim:1:1)/@0x14843b8 - animation-leash of remote_wallpaper)/@0xe3bb974
12-08 16:10:18.186  2551  4441 D WindowManager: startAnimation for remote wallpaper, leash=Surface(name=Surface(name=RemoteWallpaperAnim:1:1)/@0x14843b8 - animation-leash of remote_wallpaper)/@0xe3bb974
12-08 16:10:18.188  2551  4441 D WindowManager: startRemoteWallpaperAnimation, d=0, leash=Surface(name=Surface(name=RemoteWallpaperAnim:1:1)/@0x14843b8 - animation-leash of remote_wallpaper)/@0xe3bb974
12-08 16:10:18.188  2551  2821 I WindowManager: notifyInsetsControlChanged, removed=false, win=Window{ce6ef8f u0 Splash Screen com.example.objecta}, caller=com.android.server.wm.InsetsStateController$$ExternalSyntheticLambda1.run:137 com.android.server.wm.WindowAnimator$$ExternalSyntheticLambda2.onTransactionCommitted:26 android.view.SurfaceControl$Transaction$$ExternalSyntheticLambda4.run:0 android.os.Handler.handleCallback:995 android.os.Handler.dispatchMessage:103 android.os.Looper.loopOnce:273 
12-08 16:10:18.189  4309  4424 I VRI[objecta]@cf04dea: onActiveControlsChanged, removed=false, mAdded=true, caller=android.view.ViewRootImpl.handleInsetsControlChanged:3002 android.view.ViewRootImpl$ViewRootHandler.handleMessageImpl:8352 android.view.ViewRootImpl$ViewRootHandler.handleMessage:8301 android.os.Handler.dispatchMessage:110 android.os.Looper.loopOnce:273 
12-08 16:10:18.189  4309  4424 I InsetsSourceConsumer: applyRequestedVisibilityToControl: visible=true, type=statusBars, host=Splash Screen com.example.objecta
12-08 16:10:18.190  4309  4424 I InsetsSourceConsumer: applyRequestedVisibilityToControl: visible=true, type=navigationBars, host=Splash Screen com.example.objecta
12-08 16:10:18.197  2551  4918 I NSLocationMonitor: getGPSUsingApps() called
12-08 16:10:18.197  4937  5015 I NSLocationManager_FLP: getGPSUsingApps, No change
12-08 16:10:18.198  1737  1737 I SurfaceFlinger: [Surface(name=RemoteWallpaperAnim:1:1)/@0x14843b8 - animation-leash of remote_wallpaper***REMOVED***215927] attach to parent LayerHierarchy{RequestedLayerState{OneHanded:0:14***REMOVED***4 parentId=3} 4 children}
12-08 16:10:18.199 16866 16866 I HoneySpace.FloatingAnimator: [Player:A(18.119)] container x: 233.61613, y: 1511.3387, scale : 0.40083116
12-08 16:10:18.199  2551  2821 I SurfaceControl: apply, lowDebugName=startRemoteWallpaperAnimation_94863005, caller=android.view.SurfaceControl$Transaction.apply:3447 android.view.SurfaceControl$Transaction.apply:3397 com.android.server.wm.WindowAnimator.animate:307 com.android.server.wm.WindowAnimator$$ExternalSyntheticLambda1.doFrame:14 android.view.Choreographer$CallbackRecord.run:1899 android.view.Choreographer$CallbackRecord.run:1910 
12-08 16:10:18.200  1737  1836 I SurfaceFlinger: id=215911 Removed Surface(name=8877065 StatusBar)/@0x119c9d3 - animation-leash of insets_animation***REMOVED***215911 (593)
12-08 16:10:18.200  1737  1836 I SurfaceFlinger: id=215912 Removed Surface(name=dede1e NavigationBar0)/@0xd76a91c - animation-leash of insets_animation***REMOVED***215912 (593)
12-08 16:10:18.201 16866 18143 I VRI[RecentsActivity]@1c0609: mWNT: t=0xb4000071e01202d0 mBlastBufferQueue=0xb4000072d008e6c0 fn= 25 HdrRenderState mRenderHdrSdrRatio=1.0 caller= com.android.systemui.shared.launcher.ViewRootImplCompat.mergeWithNextTransaction:4 com.honeyspace.transition.utils.SurfaceTransactionApplier.scheduleApply$lambda$1:16 com.honeyspace.transition.utils.SurfaceTransactionApplier.b:0 
12-08 16:10:18.205  2551  4918 D FreecessController: FZ : com.ss.squarehome2(10527) [14085] reason: Bg [cached:X
12-08 16:10:18.205  2551  4918 D FreecessController: com.ss.squarehome2 is OLAF FZed, override it with bg fz.
12-08 16:10:18.205  2551  4918 D FreecessHandler: freeze com.ss.squarehome2(10527) result : 0
12-08 16:10:18.205  2551  4918 W LocationManagerService: onFreezeStateChanged, uid[10527]=true
12-08 16:10:18.205  2551  4918 I PowerManagerService: [PWL] SetWakeLockEnableDisable uid = 10527 , disable= true
12-08 16:10:18.205  2551  4918 I PowerManagerService: [PWL] can not change uid =  10527
12-08 16:10:18.215  1737  1737 I SurfaceFlinger: destroyed Surface(name=dede1e NavigationBar0)/@0xd76a91c - animation-leash of insets_animation***REMOVED***215912 form LifecycleManager
12-08 16:10:18.215  1737  1737 I SurfaceFlinger: destroyed Surface(name=8877065 StatusBar)/@0x119c9d3 - animation-leash of insets_animation***REMOVED***215911 form LifecycleManager
12-08 16:10:18.215  1737  1737 I SurfaceFlinger: [LayerHierarchy{RequestedLayerState{RemoteWallpaperAnim:1:1***REMOVED***7 parentId=215927 z=1} 1 children}] reparent to LayerHierarchy{RequestedLayerState{Surface(name=RemoteWallpaperAnim:1:1)/@0x14843b8 - animation-leash of remote_wallpaper***REMOVED***215927 parentId=4} 1 children}
12-08 16:10:18.215  1737  1737 I SurfaceFlinger: id=215912 onLayerDestroyed from LayerHierarchyBuilder(RequestedLayerState{Surface(name=dede1e NavigationBar0)/@0xd76a91c - animation-leash of insets_animation***REMOVED***215912 !handle})
12-08 16:10:18.215  1737  1737 I SurfaceFlinger: id=215911 onLayerDestroyed from LayerHierarchyBuilder(RequestedLayerState{Surface(name=8877065 StatusBar)/@0x119c9d3 - animation-leash of insets_animation***REMOVED***215911 !handle})
12-08 16:10:18.215 16866 16866 I HoneySpace.FloatingAnimator: [Player:A(18.119)] container x: 134.03966, y: 867.1461, scale : 0.65622073
12-08 16:10:18.216  1737  1737 I Layer   : id=215912 Destroyed Surface(name=dede1e NavigationBar0)/@0xd76a91c - animation-leash of insets_animation***REMOVED***215912
12-08 16:10:18.216  1737  1737 I Layer   : id=215911 Destroyed Surface(name=8877065 StatusBar)/@0x119c9d3 - animation-leash of insets_animation***REMOVED***215911
12-08 16:10:18.216 16866 18142 I VRI[RecentsActivity]@1c0609: mWNT: t=0xb4000071e009d410 mBlastBufferQueue=0xb4000072d008e6c0 fn= 26 HdrRenderState mRenderHdrSdrRatio=1.0 caller= com.android.systemui.shared.launcher.ViewRootImplCompat.mergeWithNextTransaction:4 com.honeyspace.transition.utils.SurfaceTransactionApplier.scheduleApply$lambda$1:16 com.honeyspace.transition.utils.SurfaceTransactionApplier.b:0 
12-08 16:10:18.217  2551  2820 D WindowManager: mRunner***REMOVED***onAnimationStart for remote wallpaper=[android.view.RemoteAnimationTarget@1994e6a], transaction=startRemoteWallpaperAnimation_94863005
12-08 16:10:18.218 16866 17815 I HoneySpace.WallpaperAnimator: onAnimationStart, wallpapers: Surface(name=Surface(name=RemoteWallpaperAnim:1:1)/@0x14843b8 - animation-leash of remote_wallpaper)/@0x34c6b85
12-08 16:10:18.218 16866 16866 I HoneySpace.WallpaperAnimator: startWallpaperAnimation, isOpen-true, from:1.0, to:1.3, duration:572
12-08 16:10:18.218 16866 16866 I HoneySpace.WallpaperAnimator: wallpaper animation start [237665754]
12-08 16:10:18.219  1737  2060 I CompositionEngine: [setDisplaySize] size=(434, 42)
12-08 16:10:18.228  2551  4883 D ActivityManager: unpendingScheduleServiceRestart: u=10159, drop=false
12-08 16:10:18.229  2551  4883 D ActivityManager: unpendingScheduleServiceRestart: u=10159, drop=false
12-08 16:10:18.229  2551  4883 D ActivityManager: unpendingScheduleServiceRestart: u=10564, drop=false
12-08 16:10:18.230  2551  4883 D ActivityManager: unpendingScheduleServiceRestart: u=10564, drop=false
12-08 16:10:18.230  2551  5776 D SemWifiUsabilityStatsMonitor: onWifiUsabilityStats - seqNum 64219, isSameBssidAndFreq true
12-08 16:10:18.231  2551  4141 D InsDataManager: onOutageCountUpdate() - Outage Data: 0, LQ : N. Outage Triggered: false
12-08 16:10:18.231  2551  4141 D InsDataManager: Trying to save initial normal data.
12-08 16:10:18.231  2551  4141 D SensorCollector: syncMappedBuffers: 0, 351, 0
12-08 16:10:18.231  2551  4141 D InsDataManager: trimBuffers start.
12-08 16:10:18.231  2551  4141 D InsDataManager: trimBuffers - nsmBuffer size: 20
12-08 16:10:18.231  2551  4141 D InsDataManager: Too short for collecting additional normal data
12-08 16:10:18.231  2551  4141 D SemInsManager: {"bssid": "e3a08eaf5180","rssi": -50.0,"latency": 0.0,"outage_count": 0,"lq_callback_triggered": false,"outage_log": "Unreliable statistics: -50.0 / 1 / 247 / 30 / 1 || e3a08eaf5180: 0.000 / 0.000 / @ || A N / 0 0 / N 2.0 / N X 2 / 602238110 0 || 2025-12-08 16:10:17  / 0: 0 0 0 0 0 0 / 0: 0 0 0 0 0 0 / 0: 0 0 0 0 0 0""Magnetic Sensor Events size": "0""Pressure Sensor Events size": "0"}
12-08 16:10:18.232  1737  1737 E SurfaceFlinger: alpha changed 0.000 -> 0.894 - Surface(name=Task=13832)/@0x1940c1b_transition-leash***REMOVED***215924
12-08 16:10:18.232 16866 16866 I HoneySpace.FloatingAnimator: [Player:A(18.119)] container x: 72.28754, y: 467.65155, scale : 0.8146
12-08 16:10:18.234 16866 18143 I VRI[RecentsActivity]@1c0609: mWNT: t=0xb4000071e009f1d0 mBlastBufferQueue=0xb4000072d008e6c0 fn= 27 HdrRenderState mRenderHdrSdrRatio=1.0 caller= com.android.systemui.shared.launcher.ViewRootImplCompat.mergeWithNextTransaction:4 com.honeyspace.transition.utils.SurfaceTransactionApplier.scheduleApply$lambda$1:16 com.honeyspace.transition.utils.SurfaceTransactionApplier.b:0 
12-08 16:10:18.235  2551  4883 D ActivityManager: unpendingScheduleServiceRestart: u=10061, drop=false
12-08 16:10:18.235  2551  4883 D ActivityManager: unpendingScheduleServiceRestart: u=10155, drop=false
12-08 16:10:18.235  7088 26169 I SDHMS:k : onTaskStackChanged
12-08 16:10:18.235  7088  7781 I SDHMS:k : no app is Resumed!!! mResumedPackages.size = 0
12-08 16:10:18.237  1737  1737 D SurfaceFlinger: Display 4630946315032985731 HWC layers:
12-08 16:10:18.237  1737  1737 D SurfaceFlinger:        CLIENT |           48503065674148 | 00000100 | RGBA_8888    |    0.0    0.0 1080.0 2340.0 |    0    0 1080 2340 | Wallpaper BBQ wrapper 5_system***REMOVED***214962 (20)
12-08 16:10:18.237  1737  1737 D SurfaceFlinger:        CLIENT |           72438918425782 | 00002100 | RGBA_8888    |    0.0    0.0 1080.0 2340.0 |    0    0 1080 2340 | com.sec.android.app.launcher/com.and[...]ckstep.RecentsActivity$_16866***REMOVED***215910 (blurRegions) (26)
12-08 16:10:18.237  1737  1737 D SurfaceFlinger:        CLIENT |           18507014163629 | 00002100 | RGBA_8888    |    0.0   35.0 1080.0 2245.0 |  134  867  843 2317 | Splash Screen com.example.objecta$_4309***REMOVED***215920 (1)
12-08 16:10:18.237  1737  1737 D SurfaceFlinger:        DEVICE |           18507014163599 | 00002100 | RGBA_8888    |    0.0    0.0 1080.0   84.0 |    0    0 1080   84 | StatusBar$_4309***REMOVED***113 (193821)
12-08 16:10:18.237  1737  1737 D SurfaceFlinger:        DEVICE |           72438918425765 | 00002100 | RGBA_8888    |    0.0    0.0   67.0  539.0 | 1013  276 1080  815 | com.sec.android.app.launcher/com.sam[...]app.CocktailBarService$_16866***REMOVED***215806 (1)
12-08 16:10:18.237  1737  1737 D SurfaceFlinger:        DEVICE |           18507014163592 | 00002100 | RGBA_8888    |    0.0 
12-08 16:10:18.237  1737  1737 D SurfaceFlinger:    0.0 1080.0  135.0 |    0 2205 1080 2340 | NavigationBar0$_4309***REMOVED***69645 (19607)
12-08 16:10:18.237  1737  1737 D SurfaceFlinger:        DEVICE |           13782550053395 | 00002100 | RGBA_8888    |    0.0    0.0   84.0   84.0 |  499   11  583   95 | $_3209***REMOVED***214869 (1)
12-08 16:10:18.237  1737  1737 D SurfaceFlinger:        DEVICE |           79774722559533 | 00002100 | RGBA_8888    |    0.0    0.0    1.0 2256.0 |  539   84  540 2340 | $_18574***REMOVED***177317 (516)
12-08 16:10:18.237  1737  1737 D SurfaceFlinger:        DEVICE |           79774722559549 | 00002100 | RGBA_8888    |    0.0    0.0 1080.0   84.0 |    0    0 1080   84 | $_18574***REMOVED***215808 (1009)
12-08 16:10:18.237  1737  1737 D SurfaceFlinger: 
12-08 16:10:18.237 16866 31946 I HoneySpace.RecentTasks: onRecentTasksChanged
12-08 16:10:18.238  6887 20641 I [AirCmd]_ActivitySwitchDetector: onTaskStackChanged : componentName - ComponentInfo{com.sec.android.app.launcher/com.android.quickstep.RecentsActivity}
12-08 16:10:18.239 23044 23291 I SGPController: onForegroundAppChanged() update=false, cn=ComponentInfo{com.example.objecta/com.example.objecta.MainActivity}
12-08 16:10:18.240  2551  4158 D SGM:GameManager: identifyGamePackage. com.example.objecta, mCurrentUserId: 0, callingMethodInfo: com.samsung.android.game.SemGameManager.isGamePackage(SemGameManager.java:106)
12-08 16:10:18.240  2551  4158 D SGM:SemGameManager: isGamePackage(), pkgName=com.example.objecta, ret=false
12-08 16:10:18.248 16866 16866 I HoneySpace.FloatingAnimator: [Player:A(18.119)] container x: 44.185402, y: 285.84973, scale : 0.8866751
12-08 16:10:18.250 16866 18142 I VRI[RecentsActivity]@1c0609: mWNT: t=0xb4000071e006a490 mBlastBufferQueue=0xb4000072d008e6c0 fn= 28 HdrRenderState mRenderHdrSdrRatio=1.0 caller= com.android.systemui.shared.launcher.ViewRootImplCompat.mergeWithNextTransaction:4 com.honeyspace.transition.utils.SurfaceTransactionApplier.scheduleApply$lambda$1:16 com.honeyspace.transition.utils.SurfaceTransactionApplier.b:0 
12-08 16:10:18.265 16866 16866 I HoneySpace.FloatingAnimator: [Player:A(18.119)] container x: 28.162699, y: 182.19366, scale : 0.92776954
12-08 16:10:18.266 16866 18143 I VRI[RecentsActivity]@1c0609: mWNT: t=0xb4000071e00d55d0 mBlastBufferQueue=0xb4000072d008e6c0 fn= 29 HdrRenderState mRenderHdrSdrRatio=1.0 caller= com.android.systemui.shared.launcher.ViewRootImplCompat.mergeWithNextTransaction:4 com.honeyspace.transition.utils.SurfaceTransactionApplier.scheduleApply$lambda$1:16 com.honeyspace.transition.utils.SurfaceTransactionApplier.b:0 
12-08 16:10:18.268  1675 19554 I StatsHandler: [vp9D_414] Stats: Pending(0) i/p-done(0) Works: Q: 33/Done 26|Work-Rate: Q(0.0/s Avg=0.0/s) Done(0.000/s Avg=0.000/s)| Stream: 25.00fps 2.3Mbps
12-08 16:10:18.269  1675 19554 I StatsHandler: [vp9D_414] Mem-usage:  [In-1D: 11 bufs 88.000 MB] [1D-7852: 35 bufs 0.547 MB] [2D-7853: 24 bufs 34.312 MB] | Total: 122.859 MB
12-08 16:10:18.282 16866 16866 I HoneySpace.FloatingAnimator: [Player:A(18.119)] container x: 18.031258, y: 116.65007, scale : 0.95375425
12-08 16:10:18.283 16866 18142 I VRI[RecentsActivity]@1c0609: mWNT: t=0xb4000071e0063110 mBlastBufferQueue=0xb4000072d008e6c0 fn= 30 HdrRenderState mRenderHdrSdrRatio=1.0 caller= com.android.systemui.shared.launcher.ViewRootImplCompat.mergeWithNextTransaction:4 com.honeyspace.transition.utils.SurfaceTransactionApplier.scheduleApply$lambda$1:16 com.honeyspace.transition.utils.SurfaceTransactionApplier.b:0 
12-08 16:10:18.298 16866 16866 I HoneySpace.FloatingAnimator: [Player:A(18.119)] container x: 12.380126, y: 80.091064, scale : 0.96824795
12-08 16:10:18.299 16866 18143 I VRI[RecentsActivity]@1c0609: mWNT: t=0xb4000071e0114b10 mBlastBufferQueue=0xb4000072d008e6c0 fn= 31 HdrRenderState mRenderHdrSdrRatio=1.0 caller= com.android.systemui.shared.launcher.ViewRootImplCompat.mergeWithNextTransaction:4 com.honeyspace.transition.utils.SurfaceTransactionApplier.scheduleApply$lambda$1:16 com.honeyspace.transition.utils.SurfaceTransactionApplier.b:0 
12-08 16:10:18.300  4309  4309 D QSClock : onDarkChanged tint=DARK
12-08 16:10:18.315 16866 16866 I HoneySpace.FloatingAnimator: [Player:A(18.119)] container x: 8.223326, y: 53.199364, scale : 0.9789092
12-08 16:10:18.316 16866 18142 I VRI[RecentsActivity]@1c0609: mWNT: t=0xb4000071e0037350 mBlastBufferQueue=0xb4000072d008e6c0 fn= 32 HdrRenderState mRenderHdrSdrRatio=1.0 caller= com.android.systemui.shared.launcher.ViewRootImplCompat.mergeWithNextTransaction:4 com.honeyspace.transition.utils.SurfaceTransactionApplier.scheduleApply$lambda$1:16 com.honeyspace.transition.utils.SurfaceTransactionApplier.b:0 
12-08 16:10:18.319  1737  2060 I CompositionEngine: [setDisplaySize] size=(434, 42)
12-08 16:10:18.328  2551  4883 D ActivityManager: unpendingScheduleServiceRestart: u=10155, drop=false
12-08 16:10:18.329  2551  4883 D ActivityManager: unpendingScheduleServiceRestart: u=10155, drop=false
12-08 16:10:18.332  2551  2818 I GestureDetector: handleMessage TAP
12-08 16:10:18.333  2551  2551 I GestureDetector: handleMessage TAP
12-08 16:10:18.334 16866 16866 I HoneySpace.FloatingAnimator: [Player:A(18.119)] container x: 5.5492735, y: 35.900055, scale : 0.98576736
12-08 16:10:18.335  2551  4883 D ActivityManager: unpendingScheduleServiceRestart: u=10564, drop=false
12-08 16:10:18.335  2551  4883 D ActivityManager: unpendingScheduleServiceRestart: u=10159, drop=false
12-08 16:10:18.336 16866 18143 I VRI[RecentsActivity]@1c0609: mWNT: t=0xb4000071e007e310 mBlastBufferQueue=0xb4000072d008e6c0 fn= 33 HdrRenderState mRenderHdrSdrRatio=1.0 caller= com.android.systemui.shared.launcher.ViewRootImplCompat.mergeWithNextTransaction:4 com.honeyspace.transition.utils.SurfaceTransactionApplier.scheduleApply$lambda$1:16 com.honeyspace.transition.utils.SurfaceTransactionApplier.b:0 
12-08 16:10:18.336  2551  4883 D ActivityManager: unpendingScheduleServiceRestart: u=10061, drop=false
12-08 16:10:18.336  2551  4883 D ActivityManager: unpendingScheduleServiceRestart: u=10155, drop=false
12-08 16:10:18.348 16866 16866 I HoneySpace.FloatingAnimator: [Player:A(18.119)] container x: 3.6265454, y: 23.461302, scale : 0.9906988
12-08 16:10:18.349 16866 18142 I VRI[RecentsActivity]@1c0609: mWNT: t=0xb4000071e010db10 mBlastBufferQueue=0xb4000072d008e6c0 fn= 34 HdrRenderState mRenderHdrSdrRatio=1.0 caller= com.android.systemui.shared.launcher.ViewRootImplCompat.mergeWithNextTransaction:4 com.honeyspace.transition.utils.SurfaceTransactionApplier.scheduleApply$lambda$1:16 com.honeyspace.transition.utils.SurfaceTransactionApplier.b:0 
12-08 16:10:18.365 16866 16866 I HoneySpace.FloatingAnimator: [Player:A(18.119)] container x: 2.2886744, y: 14.806179, scale : 0.99413
12-08 16:10:18.366 16866 18143 I VRI[RecentsActivity]@1c0609: mWNT: t=0xb4000071e0077a10 mBlastBufferQueue=0xb4000072d008e6c0 fn= 35 HdrRenderState mRenderHdrSdrRatio=1.0 caller= com.android.systemui.shared.launcher.ViewRootImplCompat.mergeWithNextTransaction:4 com.honeyspace.transition.utils.SurfaceTransactionApplier.scheduleApply$lambda$1:16 com.honeyspace.transition.utils.SurfaceTransactionApplier.b:0 
12-08 16:10:18.379  2551  4883 D ActivityManager: unpendingScheduleServiceRestart: u=10366, drop=false
12-08 16:10:18.379  2551  4883 D ActivityManager: unpendingScheduleServiceRestart: u=10366, drop=false
12-08 16:10:18.382 16866 16866 I HoneySpace.FloatingAnimator: [Player:A(18.119)] container x: 1.4046947, y: 9.087426, scale : 0.9963973
12-08 16:10:18.383 16866 18142 I VRI[RecentsActivity]@1c0609: mWNT: t=0xb4000071e008cd90 mBlastBufferQueue=0xb4000072d008e6c0 fn= 36 HdrRenderState mRenderHdrSdrRatio=1.0 caller= com.android.systemui.shared.launcher.ViewRootImplCompat.mergeWithNextTransaction:4 com.honeyspace.transition.utils.SurfaceTransactionApplier.scheduleApply$lambda$1:16 com.honeyspace.transition.utils.SurfaceTransactionApplier.b:0 
12-08 16:10:18.398 16866 16866 I HoneySpace.IconView: end dim animation : Objecta
12-08 16:10:18.398 16866 16866 I HoneySpace.FloatingAnimator: [Player:A(18.119)] container x: 0.7914876, y: 5.1203904, scale : 0.99797004
12-08 16:10:18.399 16866 18143 I VRI[RecentsActivity]@1c0609: mWNT: t=0xb4000071e00e0d90 mBlastBufferQueue=0xb4000072d008e6c0 fn= 37 HdrRenderState mRenderHdrSdrRatio=1.0 caller= com.android.systemui.shared.launcher.ViewRootImplCompat.mergeWithNextTransaction:4 com.honeyspace.transition.utils.SurfaceTransactionApplier.scheduleApply$lambda$1:16 com.honeyspace.transition.utils.SurfaceTransactionApplier.b:0 
12-08 16:10:18.404  1614  5726 I vendor.qti.bluetooth@1.1-ibs_handler: ProcessIbsCmd: Received IBS_WAKE_IND: 0xFD
12-08 16:10:18.404  1614  5726 D vendor.qti.bluetooth@1.1-ibs_handler: SerialClockVote: vote for UART CLK ON
12-08 16:10:18.404  1614  5726 D vendor.qti.bluetooth@1.1-wake_lock: Acquire wakelock is acquired 
12-08 16:10:18.404  1614  5726 I vendor.qti.bluetooth@1.1-ibs_handler: ProcessIbsCmd: Writing IBS_WAKE_ACK
12-08 16:10:18.411  4553  5740 I ScanController: onScanResult to scannerId: 11- eventType=0x10, addressType=0, address=XX:XX:XX:XX:31:D1, primaryPhy=1, secondaryPhy=0, advertisingSid=0xff, txPower=127, rssi=-82, periodicAdvInt=0x0
12-08 16:10:18.415 16866 16866 I HoneySpace.FloatingAnimator: [Player:A(18.119)] container x: 0.41252255, y: 2.6687427, scale : 0.99894196
12-08 16:10:18.416 16866 18142 I VRI[RecentsActivity]@1c0609: mWNT: t=0xb4000071e00eef50 mBlastBufferQueue=0xb4000072d008e6c0 fn= 38 HdrRenderState mRenderHdrSdrRatio=1.0 caller= com.android.systemui.shared.launcher.ViewRootImplCompat.mergeWithNextTransaction:4 com.honeyspace.transition.utils.SurfaceTransactionApplier.scheduleApply$lambda$1:16 com.honeyspace.transition.utils.SurfaceTransactionApplier.b:0 
12-08 16:10:18.419  1737  2060 I CompositionEngine: [setDisplaySize] size=(434, 42)
12-08 16:10:18.429 30146 30146 D BoundBrokerSvc: onUnbind: Intent { act=com.google.android.gms.common.BIND_SHARED_PREFS xflg=0x4 pkg=com.google.android.gms }
12-08 16:10:18.432 16866 16866 I HoneySpace.FloatingAnimator: [Player:A(18.119)] container x: 0.19040549, y: 1.2317951, scale : 0.9995117
12-08 16:10:18.432 16866 18143 I VRI[RecentsActivity]@1c0609: mWNT: t=0xb4000071e0078650 mBlastBufferQueue=0xb4000072d008e6c0 fn= 39 HdrRenderState mRenderHdrSdrRatio=1.0 caller= com.android.systemui.shared.launcher.ViewRootImplCompat.mergeWithNextTransaction:4 com.honeyspace.transition.utils.SurfaceTransactionApplier.scheduleApply$lambda$1:16 com.honeyspace.transition.utils.SurfaceTransactionApplier.b:0 
12-08 16:10:18.434  2551  4883 D ActivityManager: unpendingScheduleServiceRestart: u=10155, drop=false
12-08 16:10:18.435  4553  5740 I ScanController: onScanResult to scannerId: 11- eventType=0x10, addressType=0, address=XX:XX:XX:XX:12:AB, primaryPhy=1, secondaryPhy=0, advertisingSid=0xff, txPower=127, rssi=-63, periodicAdvInt=0x0
12-08 16:10:18.435  1737  3948 D NativeSemDvfsManager: acquire:: timeout = 2000 mIsAcquired = 1  mTagName : SurfaceFlinger 
12-08 16:10:18.435  1737  3948 E NativeCustomFrequencyManager: [NativeCFMS] BpCustomFrequencyManager::acquire()
12-08 16:10:18.436  1629  1662 I HYPER-HAL: [RequestManager.cpp]acquire(): Acquired ID : 3747953  [1737 / 1000]    HINT : SF_GPU_MINLOCK    list : [TIMEOUT / 2000] 
12-08 16:10:18.436  2551  4883 D ActivityManager: unpendingScheduleServiceRestart: u=10159, drop=false
12-08 16:10:18.436  2551  4883 D ActivityManager: unpendingScheduleServiceRestart: u=10061, drop=false
12-08 16:10:18.436  2551  4883 D ActivityManager: unpendingScheduleServiceRestart: u=10155, drop=false
12-08 16:10:18.436  2551  4883 D ActivityManager: unpendingScheduleServiceRestart: u=10564, drop=false
12-08 16:10:18.445 15348 15348 D nativeloader: Configuring clns-9 for other apk /data/app/~~sam52jPUfX1-21sRUwZBiA==/com.example.objecta-SmDusL2zqE_jyBYtpN72RQ==/base.apk. target_sdk_version=34, uses_libraries=, library_path=/data/app/~~sam52jPUfX1-21sRUwZBiA==/com.example.objecta-SmDusL2zqE_jyBYtpN72RQ==/lib/arm64:/data/app/~~sam52jPUfX1-21sRUwZBiA==/com.example.objecta-SmDusL2zqE_jyBYtpN72RQ==/base.apk!/lib/arm64-v8a, permitted_path=/data:/mnt/expand:/data/user/0/com.example.objecta
12-08 16:10:18.448 16866 16866 I HoneySpace.FloatingAnimator: [Player:A(18.119)] container x: 0.053299546, y: 0.3448121, scale : 0.9998632
12-08 16:10:18.450 16866 18142 I VRI[RecentsActivity]@1c0609: mWNT: t=0xb4000071e00743d0 mBlastBufferQueue=0xb4000072d008e6c0 fn= 40 HdrRenderState mRenderHdrSdrRatio=1.0 caller= com.android.systemui.shared.launcher.ViewRootImplCompat.mergeWithNextTransaction:4 com.honeyspace.transition.utils.SurfaceTransactionApplier.scheduleApply$lambda$1:16 com.honeyspace.transition.utils.SurfaceTransactionApplier.b:0 
12-08 16:10:18.454 15348 15348 V GraphicsEnvironment: Currently set values for:
12-08 16:10:18.454 15348 15348 V GraphicsEnvironment:   angle_gl_driver_selection_pkgs=[]
12-08 16:10:18.454 15348 15348 V GraphicsEnvironment:   angle_gl_driver_selection_values=[]
12-08 16:10:18.454 15348 15348 V GraphicsEnvironment: com.example.objecta is not listed in per-application setting
12-08 16:10:18.454 15348 15348 V GraphicsEnvironment: ANGLE allowlist from config: 
12-08 16:10:18.454 15348 15348 V GraphicsEnvironment: com.example.objecta is not listed in ANGLE allowlist or settings, returning default
